Archive member included to satisfy reference by file (symbol)

/usr/lib/gcc/arm-none-eabi/10.3.1/../../../arm-none-eabi/lib/thumb/v7e-m/nofp/libg.a(lib_a-atexit.o)
                              /usr/lib/gcc/arm-none-eabi/10.3.1/../../../arm-none-eabi/lib/thumb/v7e-m/nofp/crt0.o (atexit)
/usr/lib/gcc/arm-none-eabi/10.3.1/../../../arm-none-eabi/lib/thumb/v7e-m/nofp/libg.a(lib_a-errno.o)
                              CMakeFiles/G431_LCD.elf.dir/Core/Src/syscalls.c.obj (__errno)
/usr/lib/gcc/arm-none-eabi/10.3.1/../../../arm-none-eabi/lib/thumb/v7e-m/nofp/libg.a(lib_a-exit.o)
                              /usr/lib/gcc/arm-none-eabi/10.3.1/../../../arm-none-eabi/lib/thumb/v7e-m/nofp/crt0.o (exit)
/usr/lib/gcc/arm-none-eabi/10.3.1/../../../arm-none-eabi/lib/thumb/v7e-m/nofp/libg.a(lib_a-fini.o)
                              /usr/lib/gcc/arm-none-eabi/10.3.1/../../../arm-none-eabi/lib/thumb/v7e-m/nofp/crt0.o (__libc_fini_array)
/usr/lib/gcc/arm-none-eabi/10.3.1/../../../arm-none-eabi/lib/thumb/v7e-m/nofp/libg.a(lib_a-impure.o)
                              /usr/lib/gcc/arm-none-eabi/10.3.1/../../../arm-none-eabi/lib/thumb/v7e-m/nofp/libg.a(lib_a-exit.o) (_global_impure_ptr)
/usr/lib/gcc/arm-none-eabi/10.3.1/../../../arm-none-eabi/lib/thumb/v7e-m/nofp/libg.a(lib_a-init.o)
                              /usr/lib/gcc/arm-none-eabi/10.3.1/../../../arm-none-eabi/lib/thumb/v7e-m/nofp/crt0.o (__libc_init_array)
/usr/lib/gcc/arm-none-eabi/10.3.1/../../../arm-none-eabi/lib/thumb/v7e-m/nofp/libg.a(lib_a-malloc.o)
                              CMakeFiles/G431_LCD.elf.dir/st7735/st7735.c.obj (malloc)
/usr/lib/gcc/arm-none-eabi/10.3.1/../../../arm-none-eabi/lib/thumb/v7e-m/nofp/libg.a(lib_a-mallocr.o)
                              /usr/lib/gcc/arm-none-eabi/10.3.1/../../../arm-none-eabi/lib/thumb/v7e-m/nofp/libg.a(lib_a-malloc.o) (_malloc_r)
/usr/lib/gcc/arm-none-eabi/10.3.1/../../../arm-none-eabi/lib/thumb/v7e-m/nofp/libg.a(lib_a-memset.o)
                              /usr/lib/gcc/arm-none-eabi/10.3.1/../../../arm-none-eabi/lib/thumb/v7e-m/nofp/crt0.o (memset)
/usr/lib/gcc/arm-none-eabi/10.3.1/../../../arm-none-eabi/lib/thumb/v7e-m/nofp/libg.a(lib_a-mlock.o)
                              /usr/lib/gcc/arm-none-eabi/10.3.1/../../../arm-none-eabi/lib/thumb/v7e-m/nofp/libg.a(lib_a-mallocr.o) (__malloc_lock)
/usr/lib/gcc/arm-none-eabi/10.3.1/../../../arm-none-eabi/lib/thumb/v7e-m/nofp/libg.a(lib_a-sbrkr.o)
                              /usr/lib/gcc/arm-none-eabi/10.3.1/../../../arm-none-eabi/lib/thumb/v7e-m/nofp/libg.a(lib_a-mallocr.o) (_sbrk_r)
/usr/lib/gcc/arm-none-eabi/10.3.1/../../../arm-none-eabi/lib/thumb/v7e-m/nofp/libg.a(lib_a-sprintf.o)
                              CMakeFiles/G431_LCD.elf.dir/Core/Src/main.c.obj (sprintf)
/usr/lib/gcc/arm-none-eabi/10.3.1/../../../arm-none-eabi/lib/thumb/v7e-m/nofp/libg.a(lib_a-svfprintf.o)
                              /usr/lib/gcc/arm-none-eabi/10.3.1/../../../arm-none-eabi/lib/thumb/v7e-m/nofp/libg.a(lib_a-sprintf.o) (_svfprintf_r)
/usr/lib/gcc/arm-none-eabi/10.3.1/../../../arm-none-eabi/lib/thumb/v7e-m/nofp/libg.a(lib_a-__atexit.o)
                              /usr/lib/gcc/arm-none-eabi/10.3.1/../../../arm-none-eabi/lib/thumb/v7e-m/nofp/libg.a(lib_a-atexit.o) (__register_exitproc)
/usr/lib/gcc/arm-none-eabi/10.3.1/../../../arm-none-eabi/lib/thumb/v7e-m/nofp/libg.a(lib_a-__call_atexit.o)
                              /usr/lib/gcc/arm-none-eabi/10.3.1/../../../arm-none-eabi/lib/thumb/v7e-m/nofp/libg.a(lib_a-exit.o) (__call_exitprocs)
/usr/lib/gcc/arm-none-eabi/10.3.1/../../../arm-none-eabi/lib/thumb/v7e-m/nofp/libg.a(lib_a-dtoa.o)
                              /usr/lib/gcc/arm-none-eabi/10.3.1/../../../arm-none-eabi/lib/thumb/v7e-m/nofp/libg.a(lib_a-svfprintf.o) (_dtoa_r)
/usr/lib/gcc/arm-none-eabi/10.3.1/../../../arm-none-eabi/lib/thumb/v7e-m/nofp/libg.a(lib_a-freer.o)
                              /usr/lib/gcc/arm-none-eabi/10.3.1/../../../arm-none-eabi/lib/thumb/v7e-m/nofp/libg.a(lib_a-malloc.o) (_free_r)
/usr/lib/gcc/arm-none-eabi/10.3.1/../../../arm-none-eabi/lib/thumb/v7e-m/nofp/libg.a(lib_a-localeconv.o)
                              /usr/lib/gcc/arm-none-eabi/10.3.1/../../../arm-none-eabi/lib/thumb/v7e-m/nofp/libg.a(lib_a-svfprintf.o) (_localeconv_r)
/usr/lib/gcc/arm-none-eabi/10.3.1/../../../arm-none-eabi/lib/thumb/v7e-m/nofp/libg.a(lib_a-memchr.o)
                              /usr/lib/gcc/arm-none-eabi/10.3.1/../../../arm-none-eabi/lib/thumb/v7e-m/nofp/libg.a(lib_a-svfprintf.o) (memchr)
/usr/lib/gcc/arm-none-eabi/10.3.1/../../../arm-none-eabi/lib/thumb/v7e-m/nofp/libg.a(lib_a-memcpy.o)
                              /usr/lib/gcc/arm-none-eabi/10.3.1/../../../arm-none-eabi/lib/thumb/v7e-m/nofp/libg.a(lib_a-dtoa.o) (memcpy)
/usr/lib/gcc/arm-none-eabi/10.3.1/../../../arm-none-eabi/lib/thumb/v7e-m/nofp/libg.a(lib_a-mprec.o)
                              /usr/lib/gcc/arm-none-eabi/10.3.1/../../../arm-none-eabi/lib/thumb/v7e-m/nofp/libg.a(lib_a-dtoa.o) (_Balloc)
[...]
Memory Configuration

Name             Origin             Length             Attributes
RAM              0x0000000020000000 0x0000000000008000 xrw
FLASH            0x0000000008000000 0x0000000000020000 xr
*default*        0x0000000000000000 0xffffffffffffffff

Linker script and memory map

LOAD /usr/lib/gcc/arm-none-eabi/10.3.1/thumb/v7e-m/nofp/crti.o
LOAD /usr/lib/gcc/arm-none-eabi/10.3.1/thumb/v7e-m/nofp/crtbegin.o
LOAD /usr/lib/gcc/arm-none-eabi/10.3.1/../../../arm-none-eabi/lib/thumb/v7e-m/nofp/crt0.o
LOAD CMakeFiles/G431_LCD.elf.dir/Core/Src/gpio.c.obj
LOAD CMakeFiles/G431_LCD.elf.dir/Core/Src/main.c.obj
LOAD CMakeFiles/G431_LCD.elf.dir/Core/Src/spi.c.obj
LOAD CMakeFiles/G431_LCD.elf.dir/Core/Src/stm32g4xx_hal_msp.c.obj
LOAD CMakeFiles/G431_LCD.elf.dir/Core/Src/stm32g4xx_it.c.obj
LOAD CMakeFiles/G431_LCD.elf.dir/Core/Src/syscalls.c.obj
LOAD CMakeFiles/G431_LCD.elf.dir/Core/Src/sysmem.c.obj
LOAD CMakeFiles/G431_LCD.elf.dir/Core/Src/system_stm32g4xx.c.obj
LOAD CMakeFiles/G431_LCD.elf.dir/Core/Src/tim.c.obj
LOAD CMakeFiles/G431_LCD.elf.dir/Core/Startup/startup_stm32g431cbtx.s.obj
LOAD CMakeFiles/G431_LCD.elf.dir/Drivers/STM32G4xx_HAL_Driver/Src/stm32g4xx_hal.c.obj
LOAD CMakeFiles/G431_LCD.elf.dir/Drivers/STM32G4xx_HAL_Driver/Src/stm32g4xx_hal_cortex.c.obj
LOAD CMakeFiles/G431_LCD.elf.dir/Drivers/STM32G4xx_HAL_Driver/Src/stm32g4xx_hal_dma.c.obj
LOAD CMakeFiles/G431_LCD.elf.dir/Drivers/STM32G4xx_HAL_Driver/Src/stm32g4xx_hal_dma_ex.c.obj
LOAD CMakeFiles/G431_LCD.elf.dir/Drivers/STM32G4xx_HAL_Driver/Src/stm32g4xx_hal_exti.c.obj
LOAD CMakeFiles/G431_LCD.elf.dir/Drivers/STM32G4xx_HAL_Driver/Src/stm32g4xx_hal_flash.c.obj
LOAD CMakeFiles/G431_LCD.elf.dir/Drivers/STM32G4xx_HAL_Driver/Src/stm32g4xx_hal_flash_ex.c.obj
LOAD CMakeFiles/G431_LCD.elf.dir/Drivers/STM32G4xx_HAL_Driver/Src/stm32g4xx_hal_flash_ramfunc.c.obj
LOAD CMakeFiles/G431_LCD.elf.dir/Drivers/STM32G4xx_HAL_Driver/Src/stm32g4xx_hal_gpio.c.obj
LOAD CMakeFiles/G431_LCD.elf.dir/Drivers/STM32G4xx_HAL_Driver/Src/stm32g4xx_hal_pwr.c.obj
LOAD CMakeFiles/G431_LCD.elf.dir/Drivers/STM32G4xx_HAL_Driver/Src/stm32g4xx_hal_pwr_ex.c.obj
LOAD CMakeFiles/G431_LCD.elf.dir/Drivers/STM32G4xx_HAL_Driver/Src/stm32g4xx_hal_rcc.c.obj
LOAD CMakeFiles/G431_LCD.elf.dir/Drivers/STM32G4xx_HAL_Driver/Src/stm32g4xx_hal_rcc_ex.c.obj
LOAD CMakeFiles/G431_LCD.elf.dir/Drivers/STM32G4xx_HAL_Driver/Src/stm32g4xx_hal_spi.c.obj
LOAD CMakeFiles/G431_LCD.elf.dir/Drivers/STM32G4xx_HAL_Driver/Src/stm32g4xx_hal_spi_ex.c.obj
LOAD CMakeFiles/G431_LCD.elf.dir/Drivers/STM32G4xx_HAL_Driver/Src/stm32g4xx_hal_tim.c.obj
LOAD CMakeFiles/G431_LCD.elf.dir/Drivers/STM32G4xx_HAL_Driver/Src/stm32g4xx_hal_tim_ex.c.obj
LOAD CMakeFiles/G431_LCD.elf.dir/st7735/fonts.c.obj
LOAD CMakeFiles/G431_LCD.elf.dir/st7735/st7735.c.obj
START GROUP
LOAD /usr/lib/gcc/arm-none-eabi/10.3.1/thumb/v7e-m/nofp/libgcc.a
LOAD /usr/lib/gcc/arm-none-eabi/10.3.1/../../../arm-none-eabi/lib/thumb/v7e-m/nofp/libg.a
LOAD /usr/lib/gcc/arm-none-eabi/10.3.1/../../../arm-none-eabi/lib/thumb/v7e-m/nofp/libc.a
END GROUP
LOAD /usr/lib/gcc/arm-none-eabi/10.3.1/thumb/v7e-m/nofp/crtend.o
LOAD /usr/lib/gcc/arm-none-eabi/10.3.1/thumb/v7e-m/nofp/crtn.o
                0x0000000020008000                _estack = (ORIGIN (RAM) + LENGTH (RAM))
                0x0000000000000200                _Min_Heap_Size = 0x200
                0x0000000000000400                _Min_Stack_Size = 0x400

.isr_vector     0x0000000008000000      0x1d8
                0x0000000008000000                . = ALIGN (0x4)
 *(.isr_vector)
 .isr_vector    0x0000000008000000      0x1d8 CMakeFiles/G431_LCD.elf.dir/Core/Startup/startup_stm32g431cbtx.s.obj
                0x0000000008000000                g_pfnVectors
                0x00000000080001d8                . = ALIGN (0x4)

.text           0x0000000008000200     0x9a80
                0x0000000008000200                . = ALIGN (0x4)
 *(.text)
 .text          0x0000000008000200       0x88 /usr/lib/gcc/arm-none-eabi/10.3.1/thumb/v7e-m/nofp/crtbegin.o
 .text          0x0000000008000288        0xc /usr/lib/gcc/arm-none-eabi/10.3.1/../../../arm-none-eabi/lib/thumb/v7e-m/nofp/libg.a(lib_a-atexit.o)
                0x0000000008000288                atexit
 .text          0x0000000008000294        0xc /usr/lib/gcc/arm-none-eabi/10.3.1/../../../arm-none-eabi/lib/thumb/v7e-m/nofp/libg.a(lib_a-errno.o)
                0x0000000008000294                __errno
 .text          0x00000000080002a0       0x2c /usr/lib/gcc/arm-none-eabi/10.3.1/../../../arm-none-eabi/lib/thumb/v7e-m/nofp/libg.a(lib_a-fini.o)
                0x00000000080002a0                __libc_fini_array
 .text          0x00000000080002cc       0x48 /usr/lib/gcc/arm-none-eabi/10.3.1/../../../arm-none-eabi/lib/thumb/v7e-m/nofp/libg.a(lib_a-init.o)
                0x00000000080002cc                __libc_init_array
 .text          0x0000000008000314      0x554 /usr/lib/gcc/arm-none-eabi/10.3.1/../../../arm-none-eabi/lib/thumb/v7e-m/nofp/libg.a(lib_a-mallocr.o)
                0x0000000008000314                _malloc_r
 .text          0x0000000008000868       0xa4 /usr/lib/gcc/arm-none-eabi/10.3.1/../../../arm-none-eabi/lib/thumb/v7e-m/nofp/libg.a(lib_a-memset.o)
                0x0000000008000868                memset
 .text          0x000000000800090c        0x8 /usr/lib/gcc/arm-none-eabi/10.3.1/../../../arm-none-eabi/lib/thumb/v7e-m/nofp/libg.a(lib_a-mlock.o)
                0x000000000800090c                __malloc_lock
                0x0000000008000910                __malloc_unlock
 .text          0x0000000008000914       0x24 /usr/lib/gcc/arm-none-eabi/10.3.1/../../../arm-none-eabi/lib/thumb/v7e-m/nofp/libg.a(lib_a-sbrkr.o)
                0x0000000008000914                _sbrk_r
 .text          0x0000000008000938       0x78 /usr/lib/gcc/arm-none-eabi/10.3.1/../../../arm-none-eabi/lib/thumb/v7e-m/nofp/libg.a(lib_a-sprintf.o)
                0x0000000008000938                _sprintf_r
                0x0000000008000970                sprintf
 .text          0x00000000080009b0     0x1458 /usr/lib/gcc/arm-none-eabi/10.3.1/../../../arm-none-eabi/lib/thumb/v7e-m/nofp/libg.a(lib_a-svfprintf.o)
                0x00000000080009b0                _svfprintf_r
 .text          0x0000000008001e08       0x68 /usr/lib/gcc/arm-none-eabi/10.3.1/../../../arm-none-eabi/lib/thumb/v7e-m/nofp/libg.a(lib_a-__atexit.o)
                0x0000000008001e08                __register_exitproc
 .text          0x0000000008001e70      0xfe4 /usr/lib/gcc/arm-none-eabi/10.3.1/../../../arm-none-eabi/lib/thumb/v7e-m/nofp/libg.a(lib_a-dtoa.o)
                0x0000000008001f94                _dtoa_r
 .text          0x0000000008002e54      0x2ac /usr/lib/gcc/arm-none-eabi/10.3.1/../../../arm-none-eabi/lib/thumb/v7e-m/nofp/libg.a(lib_a-freer.o)
                0x0000000008002e54                _malloc_trim_r
                0x0000000008002ef4                _free_r
 .text          0x0000000008003100       0x14 /usr/lib/gcc/arm-none-eabi/10.3.1/../../../arm-none-eabi/lib/thumb/v7e-m/nofp/libg.a(lib_a-localeconv.o)
                0x0000000008003100                __localeconv_l
                0x0000000008003104                _localeconv_r
                0x000000000800310c                localeconv
 *fill*         0x0000000008003114        0xc 
 .text          0x0000000008003120       0xa0 /usr/lib/gcc/arm-none-eabi/10.3.1/../../../arm-none-eabi/lib/thumb/v7e-m/nofp/libg.a(lib_a-memchr.o)
                0x0000000008003120                memchr
 .text          0x00000000080031c0      0x134 /usr/lib/gcc/arm-none-eabi/10.3.1/../../../arm-none-eabi/lib/thumb/v7e-m/nofp/libg.a(lib_a-memcpy.o)
                0x00000000080031c0                memcpy
 .text          0x00000000080032f4      0xa6c /usr/lib/gcc/arm-none-eabi/10.3.1/../../../arm-none-eabi/lib/thumb/v7e-m/nofp/libg.a(lib_a-mprec.o)
                0x00000000080032f4                _Balloc
                0x0000000008003340                _Bfree
                0x0000000008003354                __multadd
                0x00000000080033f4                __s2b
                0x00000000080034a8                __hi0bits
                0x00000000080034e8                __lo0bits
                0x0000000008003544                __i2b
                0x00000000080035a0                __multiply
                0x00000000080036fc                __pow5mult
                0x00000000080037bc                __lshift
                0x00000000080038ac                __mcmp
                0x00000000080038ec                __mdiff
                0x0000000008003a38                __ulp
                0x0000000008003a7c                __b2d
                0x0000000008003b4c                __d2b
                0x0000000008003c10                __ratio
                0x0000000008003c6c                _mprec_log10
                0x0000000008003ca4                __copybits
                0x0000000008003d00                __any_on
 *fill*         0x0000000008003d60       0x20 
 .text          0x0000000008003d80       0xdc /usr/lib/gcc/arm-none-eabi/10.3.1/../../../arm-none-eabi/lib/thumb/v7e-m/nofp/libg.a(lib_a-strlen.o)
                0x0000000008003d80                strlen
 .text          0x0000000008003e5c      0xb54 /usr/lib/gcc/arm-none-eabi/10.3.1/../../../arm-none-eabi/lib/thumb/v7e-m/nofp/libg.a(lib_a-svfiprintf.o)
                0x0000000008003e5c                __ssprint_r
                0x0000000008003f54                _svfiprintf_r
 .text          0x00000000080049b0       0x4c /usr/lib/gcc/arm-none-eabi/10.3.1/../../../arm-none-eabi/lib/thumb/v7e-m/nofp/libg.a(lib_a-assert.o)
                0x00000000080049b0                __assert_func
                0x00000000080049f0                __assert
 .text          0x00000000080049fc       0x60 /usr/lib/gcc/arm-none-eabi/10.3.1/../../../arm-none-eabi/lib/thumb/v7e-m/nofp/libg.a(lib_a-callocr.o)
                0x00000000080049fc                _calloc_r
 .text          0x0000000008004a5c       0x44 /usr/lib/gcc/arm-none-eabi/10.3.1/../../../arm-none-eabi/lib/thumb/v7e-m/nofp/libg.a(lib_a-fiprintf.o)
                0x0000000008004a5c                _fiprintf_r
                0x0000000008004a78                fiprintf
 .text          0x0000000008004aa0       0x8c /usr/lib/gcc/arm-none-eabi/10.3.1/../../../arm-none-eabi/lib/thumb/v7e-m/nofp/libg.a(lib_a-locale.o)
                0x0000000008004aa0                _setlocale_r
                0x0000000008004ae0                __locale_mb_cur_max
                0x0000000008004aec                setlocale
 .text          0x0000000008004b2c       0x40 /usr/lib/gcc/arm-none-eabi/10.3.1/../../../arm-none-eabi/lib/thumb/v7e-m/nofp/libg.a(lib_a-mbtowc_r.o)
                0x0000000008004b2c                _mbtowc_r
                0x0000000008004b40                __ascii_mbtowc
 .text          0x0000000008004b6c       0xf8 /usr/lib/gcc/arm-none-eabi/10.3.1/../../../arm-none-eabi/lib/thumb/v7e-m/nofp/libg.a(lib_a-memmove.o)
                0x0000000008004b6c                memmove
 .text          0x0000000008004c64      0x3d8 /usr/lib/gcc/arm-none-eabi/10.3.1/../../../arm-none-eabi/lib/thumb/v7e-m/nofp/libg.a(lib_a-reallocr.o)
                0x0000000008004c64                _realloc_r
 *fill*         0x000000000800503c        0x4 
 .text          0x0000000008005040      0x2dc /usr/lib/gcc/arm-none-eabi/10.3.1/../../../arm-none-eabi/lib/thumb/v7e-m/nofp/libg.a(lib_a-strcmp.o)
                0x0000000008005048                strcmp
 .text          0x000000000800531c      0xd40 /usr/lib/gcc/arm-none-eabi/10.3.1/../../../arm-none-eabi/lib/thumb/v7e-m/nofp/libg.a(lib_a-vfiprintf.o)
                0x0000000008005394                __sprint_r
                0x00000000080053a8                _vfiprintf_r
                0x0000000008005fd8                vfiprintf
 .text          0x000000000800605c       0x30 /usr/lib/gcc/arm-none-eabi/10.3.1/../../../arm-none-eabi/lib/thumb/v7e-m/nofp/libg.a(lib_a-wctomb_r.o)
                0x000000000800605c                _wctomb_r
                0x0000000008006070                __ascii_wctomb
 .text          0x000000000800608c       0xd4 /usr/lib/gcc/arm-none-eabi/10.3.1/../../../arm-none-eabi/lib/thumb/v7e-m/nofp/libg.a(lib_a-wsetup.o)
                0x000000000800608c                __swsetup_r
 .text          0x0000000008006160       0x10 /usr/lib/gcc/arm-none-eabi/10.3.1/../../../arm-none-eabi/lib/thumb/v7e-m/nofp/libg.a(lib_a-abort.o)
                0x0000000008006160                abort
 .text          0x0000000008006170      0x19c /usr/lib/gcc/arm-none-eabi/10.3.1/../../../arm-none-eabi/lib/thumb/v7e-m/nofp/libg.a(lib_a-fflush.o)
                0x0000000008006170                __sflush_r
                0x0000000008006290                _fflush_r
                0x00000000080062bc                fflush
 .text          0x000000000800630c      0x218 /usr/lib/gcc/arm-none-eabi/10.3.1/../../../arm-none-eabi/lib/thumb/v7e-m/nofp/libg.a(lib_a-findfp.o)
                0x0000000008006310                _cleanup_r
                0x00000000080063f8                __sfmoreglue
                0x0000000008006428                __sfp
                0x00000000080064d0                _cleanup
                0x00000000080064e4                __sinit
                0x00000000080064ec                __sfp_lock_acquire
                0x00000000080064f0                __sfp_lock_release
                0x00000000080064f4                __sinit_lock_acquire
                0x00000000080064f8                __sinit_lock_release
                0x00000000080064fc                __fp_lock_all
                0x0000000008006510                __fp_unlock_all
 .text          0x0000000008006524      0x10c /usr/lib/gcc/arm-none-eabi/10.3.1/../../../arm-none-eabi/lib/thumb/v7e-m/nofp/libg.a(lib_a-fputwc.o)
                0x0000000008006524                __fputwc
                0x00000000080065cc                _fputwc_r
                0x00000000080065f0                fputwc
 .text          0x0000000008006630      0x2e8 /usr/lib/gcc/arm-none-eabi/10.3.1/../../../arm-none-eabi/lib/thumb/v7e-m/nofp/libg.a(lib_a-fvwrite.o)
                0x0000000008006630                __sfvwrite_r
 .text          0x0000000008006918       0x88 /usr/lib/gcc/arm-none-eabi/10.3.1/../../../arm-none-eabi/lib/thumb/v7e-m/nofp/libg.a(lib_a-fwalk.o)
                0x0000000008006918                _fwalk
                0x0000000008006958                _fwalk_reent
 .text          0x00000000080069a0      0x140 /usr/lib/gcc/arm-none-eabi/10.3.1/../../../arm-none-eabi/lib/thumb/v7e-m/nofp/libg.a(lib_a-makebuf.o)
                0x00000000080069a0                __smakebuf_r
                0x0000000008006a80                __swhatbuf_r
 .text          0x0000000008006ae0      0x288 /usr/lib/gcc/arm-none-eabi/10.3.1/../../../arm-none-eabi/lib/thumb/v7e-m/nofp/libg.a(lib_a-signal.o)
                0x0000000008006ae0                _init_signal_r
                0x0000000008006b10                _signal_r
                0x0000000008006b5c                _raise_r
                0x0000000008006bb4                __sigtramp_r
                0x0000000008006c18                raise
                0x0000000008006c74                signal
                0x0000000008006cc8                _init_signal
                0x0000000008006d00                __sigtramp
 .text          0x0000000008006d68       0x30 /usr/lib/gcc/arm-none-eabi/10.3.1/../../../arm-none-eabi/lib/thumb/v7e-m/nofp/libg.a(lib_a-signalr.o)
                0x0000000008006d68                _kill_r
                0x0000000008006d94                _getpid_r
 .text          0x0000000008006d98       0x90 /usr/lib/gcc/arm-none-eabi/10.3.1/../../../arm-none-eabi/lib/thumb/v7e-m/nofp/libg.a(lib_a-stdio.o)
                0x0000000008006d98                __sread
                0x0000000008006dbc                __seofread
                0x0000000008006dc0                __swrite
                0x0000000008006e00                __sseek
                0x0000000008006e20                __sclose
 .text          0x0000000008006e28       0xc8 /usr/lib/gcc/arm-none-eabi/10.3.1/../../../arm-none-eabi/lib/thumb/v7e-m/nofp/libg.a(lib_a-wbuf.o)
                0x0000000008006e28                __swbuf_r
                0x0000000008006ed8                __swbuf
 .text          0x0000000008006ef0       0x8c /usr/lib/gcc/arm-none-eabi/10.3.1/../../../arm-none-eabi/lib/thumb/v7e-m/nofp/libg.a(lib_a-wcrtomb.o)
                0x0000000008006ef0                _wcrtomb_r
                0x0000000008006f2c                wcrtomb
 .text          0x0000000008006f7c       0x2c /usr/lib/gcc/arm-none-eabi/10.3.1/../../../arm-none-eabi/lib/thumb/v7e-m/nofp/libg.a(lib_a-writer.o)
                0x0000000008006f7c                _write_r
 .text          0x0000000008006fa8       0x24 /usr/lib/gcc/arm-none-eabi/10.3.1/../../../arm-none-eabi/lib/thumb/v7e-m/nofp/libg.a(lib_a-closer.o)
                0x0000000008006fa8                _close_r
 .text          0x0000000008006fcc       0xd4 /usr/lib/gcc/arm-none-eabi/10.3.1/../../../arm-none-eabi/lib/thumb/v7e-m/nofp/libg.a(lib_a-fclose.o)
                0x0000000008007030                _fclose_r
                0x0000000008007064                fclose
 .text          0x00000000080070a0       0x2c /usr/lib/gcc/arm-none-eabi/10.3.1/../../../arm-none-eabi/lib/thumb/v7e-m/nofp/libg.a(lib_a-fstatr.o)
                0x00000000080070a0                _fstat_r
 .text          0x00000000080070cc       0x24 /usr/lib/gcc/arm-none-eabi/10.3.1/../../../arm-none-eabi/lib/thumb/v7e-m/nofp/libg.a(lib_a-isattyr.o)
                0x00000000080070cc                _isatty_r
 .text          0x00000000080070f0       0x2c /usr/lib/gcc/arm-none-eabi/10.3.1/../../../arm-none-eabi/lib/thumb/v7e-m/nofp/libg.a(lib_a-lseekr.o)
                0x00000000080070f0                _lseek_r
 .text          0x000000000800711c       0x2c /usr/lib/gcc/arm-none-eabi/10.3.1/../../../arm-none-eabi/lib/thumb/v7e-m/nofp/libg.a(lib_a-readr.o)
                0x000000000800711c                _read_r
 .text          0x0000000008007148      0x378 /usr/lib/gcc/arm-none-eabi/10.3.1/thumb/v7e-m/nofp/libgcc.a(_arm_addsubdf3.o)
                0x0000000008007148                __aeabi_drsub
                0x0000000008007150                __aeabi_dsub
                0x0000000008007150                __subdf3
                0x0000000008007154                __adddf3
                0x0000000008007154                __aeabi_dadd
                0x00000000080073cc                __aeabi_ui2d
                0x00000000080073cc                __floatunsidf
                0x00000000080073ec                __floatsidf
                0x00000000080073ec                __aeabi_i2d
                0x0000000008007410                __extendsfdf2
                0x0000000008007410                __aeabi_f2d
                0x0000000008007454                __aeabi_ul2d
                0x0000000008007454                __floatundidf
                0x0000000008007464                __floatdidf
                0x0000000008007464                __aeabi_l2d
 .text          0x00000000080074c0      0x424 /usr/lib/gcc/arm-none-eabi/10.3.1/thumb/v7e-m/nofp/libgcc.a(_arm_muldivdf3.o)
                0x00000000080074c0                __aeabi_dmul
                0x00000000080074c0                __muldf3
                0x0000000008007714                __aeabi_ddiv
                0x0000000008007714                __divdf3
 .text          0x00000000080078e4      0x110 /usr/lib/gcc/arm-none-eabi/10.3.1/thumb/v7e-m/nofp/libgcc.a(_arm_cmpdf2.o)
                0x00000000080078e4                __gtdf2
                0x00000000080078e4                __gedf2
                0x00000000080078ec                __ltdf2
                0x00000000080078ec                __ledf2
                0x00000000080078f4                __cmpdf2
                0x00000000080078f4                __eqdf2
                0x00000000080078f4                __nedf2
                0x0000000008007970                __aeabi_cdrcmple
                0x0000000008007980                __aeabi_cdcmple
                0x0000000008007980                __aeabi_cdcmpeq
                0x0000000008007990                __aeabi_dcmpeq
                0x00000000080079a4                __aeabi_dcmplt
                0x00000000080079b8                __aeabi_dcmple
                0x00000000080079cc                __aeabi_dcmpge
                0x00000000080079e0                __aeabi_dcmpgt
 .text          0x00000000080079f4       0x2c /usr/lib/gcc/arm-none-eabi/10.3.1/thumb/v7e-m/nofp/libgcc.a(_arm_unorddf2.o)
                0x00000000080079f4                __aeabi_dcmpun
                0x00000000080079f4                __unorddf2
 .text          0x0000000008007a20       0x50 /usr/lib/gcc/arm-none-eabi/10.3.1/thumb/v7e-m/nofp/libgcc.a(_arm_fixdfsi.o)
                0x0000000008007a20                __fixdfsi
                0x0000000008007a20                __aeabi_d2iz
 .text          0x0000000008007a70       0x30 /usr/lib/gcc/arm-none-eabi/10.3.1/thumb/v7e-m/nofp/libgcc.a(_aeabi_uldivmod.o)
                0x0000000008007a70                __aeabi_uldivmod
 .text          0x0000000008007aa0      0x2d0 /usr/lib/gcc/arm-none-eabi/10.3.1/thumb/v7e-m/nofp/libgcc.a(_udivmoddi4.o)
                0x0000000008007aa0                __udivmoddi4
 .text          0x0000000008007d70        0x4 /usr/lib/gcc/arm-none-eabi/10.3.1/thumb/v7e-m/nofp/libgcc.a(_dvmd_tls.o)
                0x0000000008007d70                __aeabi_ldiv0
                0x0000000008007d70                __aeabi_idiv0
 *(.text*)
 .text.MX_GPIO_Init
                0x0000000008007d74       0x94 CMakeFiles/G431_LCD.elf.dir/Core/Src/gpio.c.obj
                0x0000000008007d74                MX_GPIO_Init
 .text.Error_Handler
                0x0000000008007e08        0x4 CMakeFiles/G431_LCD.elf.dir/Core/Src/main.c.obj
                0x0000000008007e08                Error_Handler
 .text.SystemClock_Config
                0x0000000008007e0c       0x6e CMakeFiles/G431_LCD.elf.dir/Core/Src/main.c.obj
                0x0000000008007e0c                SystemClock_Config
 *fill*         0x0000000008007e7a        0x2 
 .text.main     0x0000000008007e7c       0xe0 CMakeFiles/G431_LCD.elf.dir/Core/Src/main.c.obj
                0x0000000008007e7c                main
 .text.MX_SPI1_Init
                0x0000000008007f5c       0x4c CMakeFiles/G431_LCD.elf.dir/Core/Src/spi.c.obj
                0x0000000008007f5c                MX_SPI1_Init
 .text.HAL_SPI_MspInit
                0x0000000008007fa8       0x74 CMakeFiles/G431_LCD.elf.dir/Core/Src/spi.c.obj
                0x0000000008007fa8                HAL_SPI_MspInit
 .text.HAL_MspInit
                0x000000000800801c       0x38 CMakeFiles/G431_LCD.elf.dir/Core/Src/stm32g4xx_hal_msp.c.obj
                0x000000000800801c                HAL_MspInit
 .text.NMI_Handler
                0x0000000008008054        0x2 CMakeFiles/G431_LCD.elf.dir/Core/Src/stm32g4xx_it.c.obj
                0x0000000008008054                NMI_Handler
 .text.HardFault_Handler
                0x0000000008008056        0x2 CMakeFiles/G431_LCD.elf.dir/Core/Src/stm32g4xx_it.c.obj
                0x0000000008008056                HardFault_Handler
 .text.MemManage_Handler
                0x0000000008008058        0x2 CMakeFiles/G431_LCD.elf.dir/Core/Src/stm32g4xx_it.c.obj
                0x0000000008008058                MemManage_Handler
 .text.BusFault_Handler
                0x000000000800805a        0x2 CMakeFiles/G431_LCD.elf.dir/Core/Src/stm32g4xx_it.c.obj
                0x000000000800805a                BusFault_Handler
 .text.UsageFault_Handler
                0x000000000800805c        0x2 CMakeFiles/G431_LCD.elf.dir/Core/Src/stm32g4xx_it.c.obj
                0x000000000800805c                UsageFault_Handler
 .text.SVC_Handler
                0x000000000800805e        0x2 CMakeFiles/G431_LCD.elf.dir/Core/Src/stm32g4xx_it.c.obj
                0x000000000800805e                SVC_Handler
 .text.DebugMon_Handler
                0x0000000008008060        0x2 CMakeFiles/G431_LCD.elf.dir/Core/Src/stm32g4xx_it.c.obj
                0x0000000008008060                DebugMon_Handler
 .text.PendSV_Handler
                0x0000000008008062        0x2 CMakeFiles/G431_LCD.elf.dir/Core/Src/stm32g4xx_it.c.obj
                0x0000000008008062                PendSV_Handler
 .text.SysTick_Handler
                0x0000000008008064        0x8 CMakeFiles/G431_LCD.elf.dir/Core/Src/stm32g4xx_it.c.obj
                0x0000000008008064                SysTick_Handler
 .text.SPI1_IRQHandler
                0x000000000800806c       0x10 CMakeFiles/G431_LCD.elf.dir/Core/Src/stm32g4xx_it.c.obj
                0x000000000800806c                SPI1_IRQHandler
 .text._getpid  0x000000000800807c        0x4 CMakeFiles/G431_LCD.elf.dir/Core/Src/syscalls.c.obj
                0x000000000800807c                _getpid
 .text._kill    0x0000000008008080       0x10 CMakeFiles/G431_LCD.elf.dir/Core/Src/syscalls.c.obj
                0x0000000008008080                _kill
 .text._exit    0x0000000008008090        0xc CMakeFiles/G431_LCD.elf.dir/Core/Src/syscalls.c.obj
                0x0000000008008090                _exit
 .text._read    0x000000000800809c       0x20 CMakeFiles/G431_LCD.elf.dir/Core/Src/syscalls.c.obj
                0x000000000800809c                _read
 .text._write   0x00000000080080bc       0x1c CMakeFiles/G431_LCD.elf.dir/Core/Src/syscalls.c.obj
                0x00000000080080bc                _write
 .text._close   0x00000000080080d8        0x6 CMakeFiles/G431_LCD.elf.dir/Core/Src/syscalls.c.obj
                0x00000000080080d8                _close
 .text._fstat   0x00000000080080de        0xa CMakeFiles/G431_LCD.elf.dir/Core/Src/syscalls.c.obj
                0x00000000080080de                _fstat
 .text._isatty  0x00000000080080e8        0x4 CMakeFiles/G431_LCD.elf.dir/Core/Src/syscalls.c.obj
                0x00000000080080e8                _isatty
 .text._lseek   0x00000000080080ec        0x4 CMakeFiles/G431_LCD.elf.dir/Core/Src/syscalls.c.obj
                0x00000000080080ec                _lseek
 .text._sbrk    0x00000000080080f0       0x48 CMakeFiles/G431_LCD.elf.dir/Core/Src/sysmem.c.obj
                0x00000000080080f0                _sbrk
 .text.SystemInit
                0x0000000008008138        0x2 CMakeFiles/G431_LCD.elf.dir/Core/Src/system_stm32g4xx.c.obj
                0x0000000008008138                SystemInit
 *fill*         0x000000000800813a        0x2 
 .text.MX_TIM1_Init
                0x000000000800813c       0x78 CMakeFiles/G431_LCD.elf.dir/Core/Src/tim.c.obj
                0x000000000800813c                MX_TIM1_Init
 .text.HAL_TIM_Base_MspInit
                0x00000000080081b4       0x2c CMakeFiles/G431_LCD.elf.dir/Core/Src/tim.c.obj
                0x00000000080081b4                HAL_TIM_Base_MspInit
 .text.Reset_Handler
                0x00000000080081e0       0x50 CMakeFiles/G431_LCD.elf.dir/Core/Startup/startup_stm32g431cbtx.s.obj
                0x00000000080081e0                Reset_Handler
 .text.Default_Handler
                0x0000000008008230        0x2 CMakeFiles/G431_LCD.elf.dir/Core/Startup/startup_stm32g431cbtx.s.obj
                0x0000000008008230                RTC_Alarm_IRQHandler
                0x0000000008008230                EXTI2_IRQHandler
                0x0000000008008230                TIM8_TRG_COM_IRQHandler
                0x0000000008008230                TIM8_CC_IRQHandler
                0x0000000008008230                TIM1_CC_IRQHandler
                0x0000000008008230                USB_HP_IRQHandler
                0x0000000008008230                CORDIC_IRQHandler
                0x0000000008008230                EXTI3_IRQHandler
                0x0000000008008230                I2C3_ER_IRQHandler
                0x0000000008008230                EXTI0_IRQHandler
                0x0000000008008230                I2C2_EV_IRQHandler
                0x0000000008008230                FPU_IRQHandler
                0x0000000008008230                FDCAN1_IT1_IRQHandler
                0x0000000008008230                TIM1_UP_TIM16_IRQHandler
                0x0000000008008230                ADC1_2_IRQHandler
                0x0000000008008230                TIM6_DAC_IRQHandler
                0x0000000008008230                TIM8_UP_IRQHandler
                0x0000000008008230                DMA2_Channel2_IRQHandler
                0x0000000008008230                DMA1_Channel4_IRQHandler
                0x0000000008008230                USART3_IRQHandler
                0x0000000008008230                TIM4_IRQHandler
                0x0000000008008230                DMA2_Channel1_IRQHandler
                0x0000000008008230                I2C1_EV_IRQHandler
                0x0000000008008230                DMA1_Channel6_IRQHandler
                0x0000000008008230                UART4_IRQHandler
                0x0000000008008230                DMA2_Channel4_IRQHandler
                0x0000000008008230                TIM3_IRQHandler
                0x0000000008008230                RCC_IRQHandler
                0x0000000008008230                DMA1_Channel1_IRQHandler
                0x0000000008008230                Default_Handler
                0x0000000008008230                RTC_TAMP_LSECSS_IRQHandler
                0x0000000008008230                FMAC_IRQHandler
                0x0000000008008230                EXTI15_10_IRQHandler
                0x0000000008008230                TIM7_IRQHandler
                0x0000000008008230                UCPD1_IRQHandler
                0x0000000008008230                I2C3_EV_IRQHandler
                0x0000000008008230                EXTI9_5_IRQHandler
                0x0000000008008230                RTC_WKUP_IRQHandler
                0x0000000008008230                PVD_PVM_IRQHandler
                0x0000000008008230                SPI2_IRQHandler
                0x0000000008008230                DMA2_Channel5_IRQHandler
                0x0000000008008230                CRS_IRQHandler
                0x0000000008008230                DMA1_Channel5_IRQHandler
                0x0000000008008230                USB_LP_IRQHandler
                0x0000000008008230                EXTI4_IRQHandler
                0x0000000008008230                RNG_IRQHandler
                0x0000000008008230                TIM1_TRG_COM_TIM17_IRQHandler
                0x0000000008008230                DMA1_Channel3_IRQHandler
                0x0000000008008230                WWDG_IRQHandler
                0x0000000008008230                LPUART1_IRQHandler
                0x0000000008008230                DMA2_Channel6_IRQHandler
                0x0000000008008230                FDCAN1_IT0_IRQHandler
                0x0000000008008230                TIM2_IRQHandler
                0x0000000008008230                COMP1_2_3_IRQHandler
                0x0000000008008230                EXTI1_IRQHandler
                0x0000000008008230                USART2_IRQHandler
                0x0000000008008230                I2C2_ER_IRQHandler
                0x0000000008008230                DMA1_Channel2_IRQHandler
                0x0000000008008230                TIM8_BRK_IRQHandler
                0x0000000008008230                FLASH_IRQHandler
                0x0000000008008230                USART1_IRQHandler
                0x0000000008008230                SPI3_IRQHandler
                0x0000000008008230                I2C1_ER_IRQHandler
                0x0000000008008230                LPTIM1_IRQHandler
                0x0000000008008230                DMAMUX_OVR_IRQHandler
                0x0000000008008230                USBWakeUp_IRQHandler
                0x0000000008008230                SAI1_IRQHandler
                0x0000000008008230                DMA2_Channel3_IRQHandler
                0x0000000008008230                COMP4_IRQHandler
                0x0000000008008230                TIM1_BRK_TIM15_IRQHandler
 *fill*         0x0000000008008232        0x2 
 .text.HAL_InitTick
                0x0000000008008234       0x50 CMakeFiles/G431_LCD.elf.dir/Drivers/STM32G4xx_HAL_Driver/Src/stm32g4xx_hal.c.obj
                0x0000000008008234                HAL_InitTick
 .text.HAL_Init
                0x0000000008008284       0x1e CMakeFiles/G431_LCD.elf.dir/Drivers/STM32G4xx_HAL_Driver/Src/stm32g4xx_hal.c.obj
                0x0000000008008284                HAL_Init
 *fill*         0x00000000080082a2        0x2 
 .text.HAL_IncTick
                0x00000000080082a4       0x18 CMakeFiles/G431_LCD.elf.dir/Drivers/STM32G4xx_HAL_Driver/Src/stm32g4xx_hal.c.obj
                0x00000000080082a4                HAL_IncTick
 .text.HAL_GetTick
                0x00000000080082bc        0xc CMakeFiles/G431_LCD.elf.dir/Drivers/STM32G4xx_HAL_Driver/Src/stm32g4xx_hal.c.obj
                0x00000000080082bc                HAL_GetTick
 .text.HAL_Delay
                0x00000000080082c8       0x28 CMakeFiles/G431_LCD.elf.dir/Drivers/STM32G4xx_HAL_Driver/Src/stm32g4xx_hal.c.obj
                0x00000000080082c8                HAL_Delay
 .text.HAL_NVIC_SetPriorityGrouping
                0x00000000080082f0       0x24 CMakeFiles/G431_LCD.elf.dir/Drivers/STM32G4xx_HAL_Driver/Src/stm32g4xx_hal_cortex.c.obj
                0x00000000080082f0                HAL_NVIC_SetPriorityGrouping
 .text.HAL_NVIC_SetPriority
                0x0000000008008314       0x70 CMakeFiles/G431_LCD.elf.dir/Drivers/STM32G4xx_HAL_Driver/Src/stm32g4xx_hal_cortex.c.obj
                0x0000000008008314                HAL_NVIC_SetPriority
 .text.HAL_NVIC_EnableIRQ
                0x0000000008008384       0x1c CMakeFiles/G431_LCD.elf.dir/Drivers/STM32G4xx_HAL_Driver/Src/stm32g4xx_hal_cortex.c.obj
                0x0000000008008384                HAL_NVIC_EnableIRQ
 .text.HAL_SYSTICK_Config
                0x00000000080083a0       0x28 CMakeFiles/G431_LCD.elf.dir/Drivers/STM32G4xx_HAL_Driver/Src/stm32g4xx_hal_cortex.c.obj
                0x00000000080083a0                HAL_SYSTICK_Config
 .text.HAL_DMA_Abort_IT
                0x00000000080083c8       0x7e CMakeFiles/G431_LCD.elf.dir/Drivers/STM32G4xx_HAL_Driver/Src/stm32g4xx_hal_dma.c.obj
                0x00000000080083c8                HAL_DMA_Abort_IT
 *fill*         0x0000000008008446        0x2 
 .text.HAL_GPIO_Init
                0x0000000008008448      0x1dc CMakeFiles/G431_LCD.elf.dir/Drivers/STM32G4xx_HAL_Driver/Src/stm32g4xx_hal_gpio.c.obj
                0x0000000008008448                HAL_GPIO_Init
 .text.HAL_GPIO_WritePin
                0x0000000008008624        0xa CMakeFiles/G431_LCD.elf.dir/Drivers/STM32G4xx_HAL_Driver/Src/stm32g4xx_hal_gpio.c.obj
                0x0000000008008624                HAL_GPIO_WritePin
 *fill*         0x000000000800862e        0x2 
 .text.HAL_PWREx_ControlVoltageScaling
                0x0000000008008630      0x10c CMakeFiles/G431_LCD.elf.dir/Drivers/STM32G4xx_HAL_Driver/Src/stm32g4xx_hal_pwr_ex.c.obj
                0x0000000008008630                HAL_PWREx_ControlVoltageScaling
 .text.HAL_PWREx_DisableUCPDDeadBattery
                0x000000000800873c       0x10 CMakeFiles/G431_LCD.elf.dir/Drivers/STM32G4xx_HAL_Driver/Src/stm32g4xx_hal_pwr_ex.c.obj
                0x000000000800873c                HAL_PWREx_DisableUCPDDeadBattery
 .text.RCC_GetSysClockFreqFromPLLSource
                0x000000000800874c       0x58 CMakeFiles/G431_LCD.elf.dir/Drivers/STM32G4xx_HAL_Driver/Src/stm32g4xx_hal_rcc.c.obj
 .text.HAL_RCC_OscConfig
                0x00000000080087a4      0x4e8 CMakeFiles/G431_LCD.elf.dir/Drivers/STM32G4xx_HAL_Driver/Src/stm32g4xx_hal_rcc.c.obj
                0x00000000080087a4                HAL_RCC_OscConfig
 .text.HAL_RCC_GetSysClockFreq
                0x0000000008008c8c       0x88 CMakeFiles/G431_LCD.elf.dir/Drivers/STM32G4xx_HAL_Driver/Src/stm32g4xx_hal_rcc.c.obj
                0x0000000008008c8c                HAL_RCC_GetSysClockFreq
 .text.HAL_RCC_ClockConfig
                0x0000000008008d14      0x1f8 CMakeFiles/G431_LCD.elf.dir/Drivers/STM32G4xx_HAL_Driver/Src/stm32g4xx_hal_rcc.c.obj
                0x0000000008008d14                HAL_RCC_ClockConfig
 .text.SPI_WaitFlagStateUntilTimeout
                0x0000000008008f0c       0xd4 CMakeFiles/G431_LCD.elf.dir/Drivers/STM32G4xx_HAL_Driver/Src/stm32g4xx_hal_spi.c.obj
 .text.SPI_WaitFifoStateUntilTimeout
                0x0000000008008fe0       0xf4 CMakeFiles/G431_LCD.elf.dir/Drivers/STM32G4xx_HAL_Driver/Src/stm32g4xx_hal_spi.c.obj
 .text.SPI_EndRxTxTransaction
                0x00000000080090d4       0x62 CMakeFiles/G431_LCD.elf.dir/Drivers/STM32G4xx_HAL_Driver/Src/stm32g4xx_hal_spi.c.obj
 .text.HAL_SPI_Init
                0x0000000008009136       0xe8 CMakeFiles/G431_LCD.elf.dir/Drivers/STM32G4xx_HAL_Driver/Src/stm32g4xx_hal_spi.c.obj
                0x0000000008009136                HAL_SPI_Init
 .text.HAL_SPI_Transmit
                0x000000000800921e      0x202 CMakeFiles/G431_LCD.elf.dir/Drivers/STM32G4xx_HAL_Driver/Src/stm32g4xx_hal_spi.c.obj
                0x000000000800921e                HAL_SPI_Transmit
 .text.HAL_SPI_ErrorCallback
                0x0000000008009420        0x2 CMakeFiles/G431_LCD.elf.dir/Drivers/STM32G4xx_HAL_Driver/Src/stm32g4xx_hal_spi.c.obj
                0x0000000008009420                HAL_SPI_ErrorCallback
 *fill*         0x0000000008009422        0x2 
 .text.HAL_SPI_IRQHandler
                0x0000000008009424      0x124 CMakeFiles/G431_LCD.elf.dir/Drivers/STM32G4xx_HAL_Driver/Src/stm32g4xx_hal_spi.c.obj
                0x0000000008009424                HAL_SPI_IRQHandler
 .text.SPI_DMAAbortOnError
                0x0000000008009548       0x12 CMakeFiles/G431_LCD.elf.dir/Drivers/STM32G4xx_HAL_Driver/Src/stm32g4xx_hal_spi.c.obj
 .text.TIM_TI1_ConfigInputStage
                0x000000000800955a       0x24 CMakeFiles/G431_LCD.elf.dir/Drivers/STM32G4xx_HAL_Driver/Src/stm32g4xx_hal_tim.c.obj
 .text.TIM_TI2_ConfigInputStage
                0x000000000800957e       0x26 CMakeFiles/G431_LCD.elf.dir/Drivers/STM32G4xx_HAL_Driver/Src/stm32g4xx_hal_tim.c.obj
 .text.TIM_ITRx_SetConfig
                0x00000000080095a4       0x14 CMakeFiles/G431_LCD.elf.dir/Drivers/STM32G4xx_HAL_Driver/Src/stm32g4xx_hal_tim.c.obj
 .text.HAL_TIM_Base_Start
                0x00000000080095b8       0x7c CMakeFiles/G431_LCD.elf.dir/Drivers/STM32G4xx_HAL_Driver/Src/stm32g4xx_hal_tim.c.obj
                0x00000000080095b8                HAL_TIM_Base_Start
 .text.TIM_Base_SetConfig
                0x0000000008009634       0xb8 CMakeFiles/G431_LCD.elf.dir/Drivers/STM32G4xx_HAL_Driver/Src/stm32g4xx_hal_tim.c.obj
                0x0000000008009634                TIM_Base_SetConfig
 .text.HAL_TIM_Base_Init
                0x00000000080096ec       0x60 CMakeFiles/G431_LCD.elf.dir/Drivers/STM32G4xx_HAL_Driver/Src/stm32g4xx_hal_tim.c.obj
                0x00000000080096ec                HAL_TIM_Base_Init
 .text.TIM_ETR_SetConfig
                0x000000000800974c       0x18 CMakeFiles/G431_LCD.elf.dir/Drivers/STM32G4xx_HAL_Driver/Src/stm32g4xx_hal_tim.c.obj
                0x000000000800974c                TIM_ETR_SetConfig
 .text.HAL_TIM_ConfigClockSource
                0x0000000008009764      0x138 CMakeFiles/G431_LCD.elf.dir/Drivers/STM32G4xx_HAL_Driver/Src/stm32g4xx_hal_tim.c.obj
                0x0000000008009764                HAL_TIM_ConfigClockSource
 .text.HAL_TIMEx_MasterConfigSynchronization
                0x000000000800989c       0x94 CMakeFiles/G431_LCD.elf.dir/Drivers/STM32G4xx_HAL_Driver/Src/stm32g4xx_hal_tim_ex.c.obj
                0x000000000800989c                HAL_TIMEx_MasterConfigSynchronization
 .text.ST7735_Select
                0x0000000008009930       0x10 CMakeFiles/G431_LCD.elf.dir/st7735/st7735.c.obj
 .text.ST7735_Reset
                0x0000000008009940       0x22 CMakeFiles/G431_LCD.elf.dir/st7735/st7735.c.obj
 *fill*         0x0000000008009962        0x2 
 .text.ST7735_WriteCommand
                0x0000000008009964       0x30 CMakeFiles/G431_LCD.elf.dir/st7735/st7735.c.obj
 .text.ST7735_WriteData
                0x0000000008009994       0x28 CMakeFiles/G431_LCD.elf.dir/st7735/st7735.c.obj
 .text.ST7735_ExecuteCommandList
                0x00000000080099bc       0x4c CMakeFiles/G431_LCD.elf.dir/st7735/st7735.c.obj
 .text.ST7735_SetAddressWindow
                0x0000000008009a08       0x50 CMakeFiles/G431_LCD.elf.dir/st7735/st7735.c.obj
 .text.ST7735_WriteChar
                0x0000000008009a58       0x98 CMakeFiles/G431_LCD.elf.dir/st7735/st7735.c.obj
 .text.ST7735_Unselect
                0x0000000008009af0       0x10 CMakeFiles/G431_LCD.elf.dir/st7735/st7735.c.obj
                0x0000000008009af0                ST7735_Unselect
 .text.ST7735_Init
                0x0000000008009b00       0x30 CMakeFiles/G431_LCD.elf.dir/st7735/st7735.c.obj
                0x0000000008009b00                ST7735_Init
 .text.ST7735_WriteString
                0x0000000008009b30       0x72 CMakeFiles/G431_LCD.elf.dir/st7735/st7735.c.obj
                0x0000000008009b30                ST7735_WriteString
 *fill*         0x0000000008009ba2        0x2 
 .text.ST7735_FillRectangle
                0x0000000008009ba4       0x98 CMakeFiles/G431_LCD.elf.dir/st7735/st7735.c.obj
                0x0000000008009ba4                ST7735_FillRectangle
 .text.ST7735_FillScreen
                0x0000000008009c3c       0x18 CMakeFiles/G431_LCD.elf.dir/st7735/st7735.c.obj
                0x0000000008009c3c                ST7735_FillScreen
 .text.startup  0x0000000008009c54       0x14 /usr/lib/gcc/arm-none-eabi/10.3.1/../../../arm-none-eabi/lib/thumb/v7e-m/nofp/libg.a(lib_a-__call_atexit.o)
 *(.glue_7)
 .glue_7        0x0000000008009c68        0x0 linker stubs
 *(.glue_7t)
 .glue_7t       0x0000000008009c68        0x0 linker stubs
 *(.eh_frame)
 .eh_frame      0x0000000008009c68        0x0 /usr/lib/gcc/arm-none-eabi/10.3.1/thumb/v7e-m/nofp/crtbegin.o
 *(.init)
 .init          0x0000000008009c68        0x4 /usr/lib/gcc/arm-none-eabi/10.3.1/thumb/v7e-m/nofp/crti.o
                0x0000000008009c68                _init
 .init          0x0000000008009c6c        0x8 /usr/lib/gcc/arm-none-eabi/10.3.1/thumb/v7e-m/nofp/crtn.o
 *(.fini)
 .fini          0x0000000008009c74        0x4 /usr/lib/gcc/arm-none-eabi/10.3.1/thumb/v7e-m/nofp/crti.o
                0x0000000008009c74                _fini
 .fini          0x0000000008009c78        0x8 /usr/lib/gcc/arm-none-eabi/10.3.1/thumb/v7e-m/nofp/crtn.o
                0x0000000008009c80                . = ALIGN (0x4)
                0x0000000008009c80                _etext = .

.vfp11_veneer   0x0000000008009c80        0x0
 .vfp11_veneer  0x0000000008009c80        0x0 linker stubs

.v4_bx          0x0000000008009c80        0x0
 .v4_bx         0x0000000008009c80        0x0 linker stubs

.iplt           0x0000000008009c80        0x0
 .iplt          0x0000000008009c80        0x0 /usr/lib/gcc/arm-none-eabi/10.3.1/thumb/v7e-m/nofp/crtbegin.o

.rodata         0x0000000008009c80      0xbc4
                0x0000000008009c80                . = ALIGN (0x4)
 *(.rodata)
 .rodata        0x0000000008009c80        0x4 /usr/lib/gcc/arm-none-eabi/10.3.1/../../../arm-none-eabi/lib/thumb/v7e-m/nofp/libg.a(lib_a-impure.o)
                0x0000000008009c80                _global_impure_ptr
 .rodata        0x0000000008009c84       0x20 /usr/lib/gcc/arm-none-eabi/10.3.1/../../../arm-none-eabi/lib/thumb/v7e-m/nofp/libg.a(lib_a-svfprintf.o)
 *fill*         0x0000000008009ca4        0x4 
 .rodata        0x0000000008009ca8      0x128 /usr/lib/gcc/arm-none-eabi/10.3.1/../../../arm-none-eabi/lib/thumb/v7e-m/nofp/libg.a(lib_a-mprec.o)
                0x0000000008009cb8                __mprec_tens
                0x0000000008009d80                __mprec_tinytens
                0x0000000008009da8                __mprec_bigtens
 .rodata        0x0000000008009dd0       0x20 /usr/lib/gcc/arm-none-eabi/10.3.1/../../../arm-none-eabi/lib/thumb/v7e-m/nofp/libg.a(lib_a-svfiprintf.o)
 .rodata        0x0000000008009df0       0x20 /usr/lib/gcc/arm-none-eabi/10.3.1/../../../arm-none-eabi/lib/thumb/v7e-m/nofp/libg.a(lib_a-vfiprintf.o)
 .rodata        0x0000000008009e10      0x101 /usr/lib/gcc/arm-none-eabi/10.3.1/../../../arm-none-eabi/lib/thumb/v7e-m/nofp/libg.a(lib_a-ctype_.o)
                0x0000000008009e10                _ctype_
 *(.rodata*)
 *fill*         0x0000000008009f11        0x3 
 .rodata.main.str1.4
                0x0000000008009f14       0x1c CMakeFiles/G431_LCD.elf.dir/Core/Src/main.c.obj
 .rodata.AHBPrescTable
                0x0000000008009f30       0x10 CMakeFiles/G431_LCD.elf.dir/Core/Src/system_stm32g4xx.c.obj
                0x0000000008009f30                AHBPrescTable
 .rodata.Font7x10
                0x0000000008009f40      0x76c CMakeFiles/G431_LCD.elf.dir/st7735/fonts.c.obj
 .rodata.init_cmds1
                0x000000000800a6ac       0x3b CMakeFiles/G431_LCD.elf.dir/st7735/st7735.c.obj
 *fill*         0x000000000800a6e7        0x1 
 .rodata.init_cmds2
                0x000000000800a6e8        0xd CMakeFiles/G431_LCD.elf.dir/st7735/st7735.c.obj
 *fill*         0x000000000800a6f5        0x3 
 .rodata.init_cmds3
                0x000000000800a6f8       0x2b CMakeFiles/G431_LCD.elf.dir/st7735/st7735.c.obj
 *fill*         0x000000000800a723        0x1 
 .rodata.str1.4
                0x000000000800a724       0x42 /usr/lib/gcc/arm-none-eabi/10.3.1/../../../arm-none-eabi/lib/thumb/v7e-m/nofp/libg.a(lib_a-svfprintf.o)
 *fill*         0x000000000800a766        0x2 
 .rodata.str1.4
                0x000000000800a768       0x56 /usr/lib/gcc/arm-none-eabi/10.3.1/../../../arm-none-eabi/lib/thumb/v7e-m/nofp/libg.a(lib_a-dtoa.o)
                                         0x5a (size before relaxing)
 *fill*         0x000000000800a7be        0x2 
 .rodata.str1.4
                0x000000000800a7c0       0x33 /usr/lib/gcc/arm-none-eabi/10.3.1/../../../arm-none-eabi/lib/thumb/v7e-m/nofp/libg.a(lib_a-mprec.o)
                                         0x47 (size before relaxing)
 .rodata.str1.4
                0x000000000800a7f3       0x2f /usr/lib/gcc/arm-none-eabi/10.3.1/../../../arm-none-eabi/lib/thumb/v7e-m/nofp/libg.a(lib_a-svfiprintf.o)
 *fill*         0x000000000800a7f3        0x1 
 .rodata.str1.4
                0x000000000800a7f4       0x3f /usr/lib/gcc/arm-none-eabi/10.3.1/../../../arm-none-eabi/lib/thumb/v7e-m/nofp/libg.a(lib_a-assert.o)
                                         0x43 (size before relaxing)
 *fill*         0x000000000800a833        0x1 
 .rodata.str1.4
                0x000000000800a834        0xe /usr/lib/gcc/arm-none-eabi/10.3.1/../../../arm-none-eabi/lib/thumb/v7e-m/nofp/libg.a(lib_a-locale.o)
                                         0x12 (size before relaxing)
 .rodata.str1.4
                0x000000000800a842       0x2f /usr/lib/gcc/arm-none-eabi/10.3.1/../../../arm-none-eabi/lib/thumb/v7e-m/nofp/libg.a(lib_a-vfiprintf.o)
                0x000000000800a874                . = ALIGN (0x4)
 *fill*         0x000000000800a842        0x2 

.ARM.extab      0x000000000800a844        0x0
                0x000000000800a844                . = ALIGN (0x4)
 *(.ARM.extab* .gnu.linkonce.armextab.*)
                0x000000000800a844                . = ALIGN (0x4)

.ARM            0x000000000800a844        0x8
                0x000000000800a844                . = ALIGN (0x4)
                0x000000000800a844                __exidx_start = .
 *(.ARM.exidx*)
 .ARM.exidx     0x000000000800a844        0x8 /usr/lib/gcc/arm-none-eabi/10.3.1/thumb/v7e-m/nofp/libgcc.a(_udivmoddi4.o)
                0x000000000800a84c                __exidx_end = .
                0x000000000800a84c                . = ALIGN (0x4)

.rel.dyn        0x000000000800a84c        0x0
 .rel.iplt      0x000000000800a84c        0x0 /usr/lib/gcc/arm-none-eabi/10.3.1/thumb/v7e-m/nofp/crtbegin.o

.preinit_array  0x000000000800a84c        0x0
                0x000000000800a84c                . = ALIGN (0x4)
                0x000000000800a84c                PROVIDE (__preinit_array_start = .)
 *(.preinit_array*)
                0x000000000800a84c                PROVIDE (__preinit_array_end = .)
                0x000000000800a84c                . = ALIGN (0x4)

.init_array     0x000000000800a84c        0x8
                0x000000000800a84c                . = ALIGN (0x4)
                0x000000000800a84c                PROVIDE (__init_array_start = .)
 *(SORT_BY_NAME(.init_array.*))
 .init_array.00000
                0x000000000800a84c        0x4 /usr/lib/gcc/arm-none-eabi/10.3.1/../../../arm-none-eabi/lib/thumb/v7e-m/nofp/libg.a(lib_a-__call_atexit.o)
 *(.init_array*)
 .init_array    0x000000000800a850        0x4 /usr/lib/gcc/arm-none-eabi/10.3.1/thumb/v7e-m/nofp/crtbegin.o
                0x000000000800a854                PROVIDE (__init_array_end = .)
                0x000000000800a854                . = ALIGN (0x4)

.fini_array     0x000000000800a854        0x4
                0x000000000800a854                . = ALIGN (0x4)
                0x000000000800a854                PROVIDE (__fini_array_start = .)
 *(SORT_BY_NAME(.fini_array.*))
 *(.fini_array*)
 .fini_array    0x000000000800a854        0x4 /usr/lib/gcc/arm-none-eabi/10.3.1/thumb/v7e-m/nofp/crtbegin.o
                0x000000000800a858                PROVIDE (__fini_array_end = .)
                0x000000000800a858                . = ALIGN (0x4)
                0x000000000800a858                _sidata = LOADADDR (.data)

.data           0x0000000020000000      0x9c0 load address 0x000000000800a858
                0x0000000020000000                . = ALIGN (0x4)
                0x0000000020000000                _sdata = .
 *(.data)
 .data          0x0000000020000000      0x430 /usr/lib/gcc/arm-none-eabi/10.3.1/../../../arm-none-eabi/lib/thumb/v7e-m/nofp/libg.a(lib_a-impure.o)
                0x0000000020000000                _impure_ptr
 .data          0x0000000020000430      0x410 /usr/lib/gcc/arm-none-eabi/10.3.1/../../../arm-none-eabi/lib/thumb/v7e-m/nofp/libg.a(lib_a-mallocr.o)
                0x0000000020000430                __malloc_av_
                0x0000000020000838                __malloc_sbrk_base
                0x000000002000083c                __malloc_trim_threshold
 .data          0x0000000020000840      0x16c /usr/lib/gcc/arm-none-eabi/10.3.1/../../../arm-none-eabi/lib/thumb/v7e-m/nofp/libg.a(lib_a-locale.o)
                0x0000000020000840                __global_locale
 *(.data*)
 .data.SystemCoreClock
                0x00000000200009ac        0x4 CMakeFiles/G431_LCD.elf.dir/Core/Src/system_stm32g4xx.c.obj
                0x00000000200009ac                SystemCoreClock
 .data.uwTickFreq
                0x00000000200009b0        0x4 CMakeFiles/G431_LCD.elf.dir/Drivers/STM32G4xx_HAL_Driver/Src/stm32g4xx_hal.c.obj
                0x00000000200009b0                uwTickFreq
 .data.uwTickPrio
                0x00000000200009b4        0x4 CMakeFiles/G431_LCD.elf.dir/Drivers/STM32G4xx_HAL_Driver/Src/stm32g4xx_hal.c.obj
                0x00000000200009b4                uwTickPrio
 .data.Font_7x10
                0x00000000200009b8        0x8 CMakeFiles/G431_LCD.elf.dir/st7735/fonts.c.obj
                0x00000000200009b8                Font_7x10
 *(.RamFunc)
 *(.RamFunc*)
                0x00000000200009c0                . = ALIGN (0x4)
                0x00000000200009c0                _edata = .

.tm_clone_table
                0x00000000200009c0        0x0 load address 0x000000000800b218
 .tm_clone_table
                0x00000000200009c0        0x0 /usr/lib/gcc/arm-none-eabi/10.3.1/thumb/v7e-m/nofp/crtbegin.o
 .tm_clone_table
                0x00000000200009c0        0x0 /usr/lib/gcc/arm-none-eabi/10.3.1/thumb/v7e-m/nofp/crtend.o

.igot.plt       0x00000000200009c0        0x0 load address 0x000000000800b218
 .igot.plt      0x00000000200009c0        0x0 /usr/lib/gcc/arm-none-eabi/10.3.1/thumb/v7e-m/nofp/crtbegin.o
                0x00000000200009c0                . = ALIGN (0x4)

.bss            0x00000000200009c0      0x10c load address 0x000000000800b218
                0x00000000200009c0                _sbss = .
                0x00000000200009c0                __bss_start__ = _sbss
 *(.bss)
 .bss           0x00000000200009c0       0x1c /usr/lib/gcc/arm-none-eabi/10.3.1/thumb/v7e-m/nofp/crtbegin.o
 .bss           0x00000000200009dc       0x34 /usr/lib/gcc/arm-none-eabi/10.3.1/../../../arm-none-eabi/lib/thumb/v7e-m/nofp/libg.a(lib_a-mallocr.o)
                0x00000000200009dc                __malloc_top_pad
                0x00000000200009e0                __malloc_current_mallinfo
                0x0000000020000a08                __malloc_max_sbrked_mem
                0x0000000020000a0c                __malloc_max_total_mem
 .bss           0x0000000020000a10        0x4 /usr/lib/gcc/arm-none-eabi/10.3.1/../../../arm-none-eabi/lib/thumb/v7e-m/nofp/libg.a(lib_a-reent.o)
                0x0000000020000a10                errno
 *(.bss*)
 .bss.hspi1     0x0000000020000a14       0x64 CMakeFiles/G431_LCD.elf.dir/Core/Src/spi.c.obj
                0x0000000020000a14                hspi1
 .bss.__sbrk_heap_end
                0x0000000020000a78        0x4 CMakeFiles/G431_LCD.elf.dir/Core/Src/sysmem.c.obj
 .bss.htim1     0x0000000020000a7c       0x4c CMakeFiles/G431_LCD.elf.dir/Core/Src/tim.c.obj
                0x0000000020000a7c                htim1
 .bss.uwTick    0x0000000020000ac8        0x4 CMakeFiles/G431_LCD.elf.dir/Drivers/STM32G4xx_HAL_Driver/Src/stm32g4xx_hal.c.obj
                0x0000000020000ac8                uwTick
 *(COMMON)
                0x0000000020000acc                . = ALIGN (0x4)
                0x0000000020000acc                _ebss = .
                0x0000000020000acc                __bss_end__ = _ebss

._user_heap_stack
                0x0000000020000acc      0x604 load address 0x000000000800b218
                0x0000000020000ad0                . = ALIGN (0x8)
 *fill*         0x0000000020000acc        0x4 
                [!provide]                        PROVIDE (end = .)
                0x0000000020000ad0                PROVIDE (_end = .)
                0x0000000020000cd0                . = (. + _Min_Heap_Size)
 *fill*         0x0000000020000ad0      0x200 
                0x00000000200010d0                . = (. + _Min_Stack_Size)
 *fill*         0x0000000020000cd0      0x400 
                0x00000000200010d0                . = ALIGN (0x8)

/DISCARD/
 libc.a(*)
 libm.a(*)
 libgcc.a(*)

.ARM.attributes
                0x0000000000000000       0x2a
 *(.ARM.attributes)
 .ARM.attributes
                0x0000000000000000       0x1e /usr/lib/gcc/arm-none-eabi/10.3.1/thumb/v7e-m/nofp/crti.o
 .ARM.attributes
                0x000000000000001e       0x2e /usr/lib/gcc/arm-none-eabi/10.3.1/thumb/v7e-m/nofp/crtbegin.o
 .ARM.attributes
                0x000000000000004c       0x2e CMakeFiles/G431_LCD.elf.dir/Core/Src/gpio.c.obj
 .ARM.attributes
                0x000000000000007a       0x2e CMakeFiles/G431_LCD.elf.dir/Core/Src/main.c.obj
 .ARM.attributes
                0x00000000000000a8       0x2e CMakeFiles/G431_LCD.elf.dir/Core/Src/spi.c.obj
 .ARM.attributes
                0x00000000000000d6       0x2e CMakeFiles/G431_LCD.elf.dir/Core/Src/stm32g4xx_hal_msp.c.obj
 .ARM.attributes
                0x0000000000000104       0x2e CMakeFiles/G431_LCD.elf.dir/Core/Src/stm32g4xx_it.c.obj
 .ARM.attributes
                0x0000000000000132       0x2e CMakeFiles/G431_LCD.elf.dir/Core/Src/syscalls.c.obj
 .ARM.attributes
                0x0000000000000160       0x2e CMakeFiles/G431_LCD.elf.dir/Core/Src/sysmem.c.obj
 .ARM.attributes
                0x000000000000018e       0x2e CMakeFiles/G431_LCD.elf.dir/Core/Src/system_stm32g4xx.c.obj
 .ARM.attributes
                0x00000000000001bc       0x2e CMakeFiles/G431_LCD.elf.dir/Core/Src/tim.c.obj
 .ARM.attributes
                0x00000000000001ea       0x21 CMakeFiles/G431_LCD.elf.dir/Core/Startup/startup_stm32g431cbtx.s.obj
 .ARM.attributes
                0x000000000000020b       0x2e CMakeFiles/G431_LCD.elf.dir/Drivers/STM32G4xx_HAL_Driver/Src/stm32g4xx_hal.c.obj
 .ARM.attributes
                0x0000000000000239       0x2e CMakeFiles/G431_LCD.elf.dir/Drivers/STM32G4xx_HAL_Driver/Src/stm32g4xx_hal_cortex.c.obj
 .ARM.attributes
                0x0000000000000267       0x2e CMakeFiles/G431_LCD.elf.dir/Drivers/STM32G4xx_HAL_Driver/Src/stm32g4xx_hal_dma.c.obj
 .ARM.attributes
                0x0000000000000295       0x2e CMakeFiles/G431_LCD.elf.dir/Drivers/STM32G4xx_HAL_Driver/Src/stm32g4xx_hal_gpio.c.obj
 .ARM.attributes
                0x00000000000002c3       0x2e CMakeFiles/G431_LCD.elf.dir/Drivers/STM32G4xx_HAL_Driver/Src/stm32g4xx_hal_pwr_ex.c.obj
 .ARM.attributes
                0x00000000000002f1       0x2e CMakeFiles/G431_LCD.elf.dir/Drivers/STM32G4xx_HAL_Driver/Src/stm32g4xx_hal_rcc.c.obj
 .ARM.attributes
                0x000000000000031f       0x2e CMakeFiles/G431_LCD.elf.dir/Drivers/STM32G4xx_HAL_Driver/Src/stm32g4xx_hal_spi.c.obj
 .ARM.attributes
                0x000000000000034d       0x2e CMakeFiles/G431_LCD.elf.dir/Drivers/STM32G4xx_HAL_Driver/Src/stm32g4xx_hal_tim.c.obj
 .ARM.attributes
                0x000000000000037b       0x2e CMakeFiles/G431_LCD.elf.dir/Drivers/STM32G4xx_HAL_Driver/Src/stm32g4xx_hal_tim_ex.c.obj
 .ARM.attributes
                0x00000000000003a9       0x33 CMakeFiles/G431_LCD.elf.dir/st7735/fonts.c.obj
 .ARM.attributes
                0x00000000000003dc       0x2e CMakeFiles/G431_LCD.elf.dir/st7735/st7735.c.obj
 .ARM.attributes
                0x000000000000040a       0x2e /usr/lib/gcc/arm-none-eabi/10.3.1/../../../arm-none-eabi/lib/thumb/v7e-m/nofp/libg.a(lib_a-atexit.o)
 .ARM.attributes
                0x0000000000000438       0x2e /usr/lib/gcc/arm-none-eabi/10.3.1/../../../arm-none-eabi/lib/thumb/v7e-m/nofp/libg.a(lib_a-errno.o)
 .ARM.attributes
                0x0000000000000466       0x2e /usr/lib/gcc/arm-none-eabi/10.3.1/../../../arm-none-eabi/lib/thumb/v7e-m/nofp/libg.a(lib_a-fini.o)
 .ARM.attributes
                0x0000000000000494       0x2e /usr/lib/gcc/arm-none-eabi/10.3.1/../../../arm-none-eabi/lib/thumb/v7e-m/nofp/libg.a(lib_a-impure.o)
 .ARM.attributes
                0x00000000000004c2       0x2e /usr/lib/gcc/arm-none-eabi/10.3.1/../../../arm-none-eabi/lib/thumb/v7e-m/nofp/libg.a(lib_a-init.o)
 .ARM.attributes
                0x00000000000004f0       0x2e /usr/lib/gcc/arm-none-eabi/10.3.1/../../../arm-none-eabi/lib/thumb/v7e-m/nofp/libg.a(lib_a-mallocr.o)
 .ARM.attributes
                0x000000000000051e       0x2e /usr/lib/gcc/arm-none-eabi/10.3.1/../../../arm-none-eabi/lib/thumb/v7e-m/nofp/libg.a(lib_a-memset.o)
 .ARM.attributes
                0x000000000000054c       0x2e /usr/lib/gcc/arm-none-eabi/10.3.1/../../../arm-none-eabi/lib/thumb/v7e-m/nofp/libg.a(lib_a-mlock.o)
 .ARM.attributes
                0x000000000000057a       0x2e /usr/lib/gcc/arm-none-eabi/10.3.1/../../../arm-none-eabi/lib/thumb/v7e-m/nofp/libg.a(lib_a-sbrkr.o)
 .ARM.attributes
                0x00000000000005a8       0x2e /usr/lib/gcc/arm-none-eabi/10.3.1/../../../arm-none-eabi/lib/thumb/v7e-m/nofp/libg.a(lib_a-sprintf.o)
 .ARM.attributes
                0x00000000000005d6       0x2e /usr/lib/gcc/arm-none-eabi/10.3.1/../../../arm-none-eabi/lib/thumb/v7e-m/nofp/libg.a(lib_a-svfprintf.o)
 .ARM.attributes
                0x0000000000000604       0x2e /usr/lib/gcc/arm-none-eabi/10.3.1/../../../arm-none-eabi/lib/thumb/v7e-m/nofp/libg.a(lib_a-__atexit.o)
 .ARM.attributes
                0x0000000000000632       0x2e /usr/lib/gcc/arm-none-eabi/10.3.1/../../../arm-none-eabi/lib/thumb/v7e-m/nofp/libg.a(lib_a-__call_atexit.o)
 .ARM.attributes
                0x0000000000000660       0x2e /usr/lib/gcc/arm-none-eabi/10.3.1/../../../arm-none-eabi/lib/thumb/v7e-m/nofp/libg.a(lib_a-dtoa.o)
 .ARM.attributes
                0x000000000000068e       0x2e /usr/lib/gcc/arm-none-eabi/10.3.1/../../../arm-none-eabi/lib/thumb/v7e-m/nofp/libg.a(lib_a-freer.o)
 .ARM.attributes
                0x00000000000006bc       0x2e /usr/lib/gcc/arm-none-eabi/10.3.1/../../../arm-none-eabi/lib/thumb/v7e-m/nofp/libg.a(lib_a-localeconv.o)
 .ARM.attributes
                0x00000000000006ea       0x1c /usr/lib/gcc/arm-none-eabi/10.3.1/../../../arm-none-eabi/lib/thumb/v7e-m/nofp/libg.a(lib_a-memchr.o)
 .ARM.attributes
                0x0000000000000706       0x1c /usr/lib/gcc/arm-none-eabi/10.3.1/../../../arm-none-eabi/lib/thumb/v7e-m/nofp/libg.a(lib_a-memcpy.o)
 .ARM.attributes
                0x0000000000000722       0x2e /usr/lib/gcc/arm-none-eabi/10.3.1/../../../arm-none-eabi/lib/thumb/v7e-m/nofp/libg.a(lib_a-mprec.o)
 .ARM.attributes
                0x0000000000000750       0x2e /usr/lib/gcc/arm-none-eabi/10.3.1/../../../arm-none-eabi/lib/thumb/v7e-m/nofp/libg.a(lib_a-reent.o)
 .ARM.attributes
                0x000000000000077e       0x1c /usr/lib/gcc/arm-none-eabi/10.3.1/../../../arm-none-eabi/lib/thumb/v7e-m/nofp/libg.a(lib_a-strlen.o)
 .ARM.attributes
                0x000000000000079a       0x2e /usr/lib/gcc/arm-none-eabi/10.3.1/../../../arm-none-eabi/lib/thumb/v7e-m/nofp/libg.a(lib_a-svfiprintf.o)
 .ARM.attributes
                0x00000000000007c8       0x2e /usr/lib/gcc/arm-none-eabi/10.3.1/../../../arm-none-eabi/lib/thumb/v7e-m/nofp/libg.a(lib_a-assert.o)
 .ARM.attributes
                0x00000000000007f6       0x2e /usr/lib/gcc/arm-none-eabi/10.3.1/../../../arm-none-eabi/lib/thumb/v7e-m/nofp/libg.a(lib_a-callocr.o)
 .ARM.attributes
                0x0000000000000824       0x2e /usr/lib/gcc/arm-none-eabi/10.3.1/../../../arm-none-eabi/lib/thumb/v7e-m/nofp/libg.a(lib_a-fiprintf.o)
 .ARM.attributes
                0x0000000000000852       0x2e /usr/lib/gcc/arm-none-eabi/10.3.1/../../../arm-none-eabi/lib/thumb/v7e-m/nofp/libg.a(lib_a-locale.o)
 .ARM.attributes
                0x0000000000000880       0x2e /usr/lib/gcc/arm-none-eabi/10.3.1/../../../arm-none-eabi/lib/thumb/v7e-m/nofp/libg.a(lib_a-mbtowc_r.o)
 .ARM.attributes
                0x00000000000008ae       0x2e /usr/lib/gcc/arm-none-eabi/10.3.1/../../../arm-none-eabi/lib/thumb/v7e-m/nofp/libg.a(lib_a-memmove.o)
 .ARM.attributes
                0x00000000000008dc       0x2e /usr/lib/gcc/arm-none-eabi/10.3.1/../../../arm-none-eabi/lib/thumb/v7e-m/nofp/libg.a(lib_a-reallocr.o)
 .ARM.attributes
                0x000000000000090a       0x1c /usr/lib/gcc/arm-none-eabi/10.3.1/../../../arm-none-eabi/lib/thumb/v7e-m/nofp/libg.a(lib_a-strcmp.o)
 .ARM.attributes
                0x0000000000000926       0x2e /usr/lib/gcc/arm-none-eabi/10.3.1/../../../arm-none-eabi/lib/thumb/v7e-m/nofp/libg.a(lib_a-vfiprintf.o)
 .ARM.attributes
                0x0000000000000954       0x2e /usr/lib/gcc/arm-none-eabi/10.3.1/../../../arm-none-eabi/lib/thumb/v7e-m/nofp/libg.a(lib_a-wctomb_r.o)
 .ARM.attributes
                0x0000000000000982       0x2e /usr/lib/gcc/arm-none-eabi/10.3.1/../../../arm-none-eabi/lib/thumb/v7e-m/nofp/libg.a(lib_a-wsetup.o)
 .ARM.attributes
                0x00000000000009b0       0x2e /usr/lib/gcc/arm-none-eabi/10.3.1/../../../arm-none-eabi/lib/thumb/v7e-m/nofp/libg.a(lib_a-abort.o)
 .ARM.attributes
                0x00000000000009de       0x2e /usr/lib/gcc/arm-none-eabi/10.3.1/../../../arm-none-eabi/lib/thumb/v7e-m/nofp/libg.a(lib_a-ctype_.o)
 .ARM.attributes
                0x0000000000000a0c       0x2e /usr/lib/gcc/arm-none-eabi/10.3.1/../../../arm-none-eabi/lib/thumb/v7e-m/nofp/libg.a(lib_a-fflush.o)
 .ARM.attributes
                0x0000000000000a3a       0x2e /usr/lib/gcc/arm-none-eabi/10.3.1/../../../arm-none-eabi/lib/thumb/v7e-m/nofp/libg.a(lib_a-findfp.o)
 .ARM.attributes
                0x0000000000000a68       0x2e /usr/lib/gcc/arm-none-eabi/10.3.1/../../../arm-none-eabi/lib/thumb/v7e-m/nofp/libg.a(lib_a-fputwc.o)
 .ARM.attributes
                0x0000000000000a96       0x2e /usr/lib/gcc/arm-none-eabi/10.3.1/../../../arm-none-eabi/lib/thumb/v7e-m/nofp/libg.a(lib_a-fvwrite.o)
 .ARM.attributes
                0x0000000000000ac4       0x2e /usr/lib/gcc/arm-none-eabi/10.3.1/../../../arm-none-eabi/lib/thumb/v7e-m/nofp/libg.a(lib_a-fwalk.o)
 .ARM.attributes
                0x0000000000000af2       0x2e /usr/lib/gcc/arm-none-eabi/10.3.1/../../../arm-none-eabi/lib/thumb/v7e-m/nofp/libg.a(lib_a-makebuf.o)
 .ARM.attributes
                0x0000000000000b20       0x2e /usr/lib/gcc/arm-none-eabi/10.3.1/../../../arm-none-eabi/lib/thumb/v7e-m/nofp/libg.a(lib_a-signal.o)
 .ARM.attributes
                0x0000000000000b4e       0x2e /usr/lib/gcc/arm-none-eabi/10.3.1/../../../arm-none-eabi/lib/thumb/v7e-m/nofp/libg.a(lib_a-signalr.o)
 .ARM.attributes
                0x0000000000000b7c       0x2e /usr/lib/gcc/arm-none-eabi/10.3.1/../../../arm-none-eabi/lib/thumb/v7e-m/nofp/libg.a(lib_a-stdio.o)
 .ARM.attributes
                0x0000000000000baa       0x2e /usr/lib/gcc/arm-none-eabi/10.3.1/../../../arm-none-eabi/lib/thumb/v7e-m/nofp/libg.a(lib_a-wbuf.o)
 .ARM.attributes
                0x0000000000000bd8       0x2e /usr/lib/gcc/arm-none-eabi/10.3.1/../../../arm-none-eabi/lib/thumb/v7e-m/nofp/libg.a(lib_a-wcrtomb.o)
 .ARM.attributes
                0x0000000000000c06       0x2e /usr/lib/gcc/arm-none-eabi/10.3.1/../../../arm-none-eabi/lib/thumb/v7e-m/nofp/libg.a(lib_a-writer.o)
 .ARM.attributes
                0x0000000000000c34       0x2e /usr/lib/gcc/arm-none-eabi/10.3.1/../../../arm-none-eabi/lib/thumb/v7e-m/nofp/libg.a(lib_a-closer.o)
 .ARM.attributes
                0x0000000000000c62       0x2e /usr/lib/gcc/arm-none-eabi/10.3.1/../../../arm-none-eabi/lib/thumb/v7e-m/nofp/libg.a(lib_a-fclose.o)
 .ARM.attributes
                0x0000000000000c90       0x2e /usr/lib/gcc/arm-none-eabi/10.3.1/../../../arm-none-eabi/lib/thumb/v7e-m/nofp/libg.a(lib_a-fstatr.o)
 .ARM.attributes
                0x0000000000000cbe       0x2e /usr/lib/gcc/arm-none-eabi/10.3.1/../../../arm-none-eabi/lib/thumb/v7e-m/nofp/libg.a(lib_a-isattyr.o)
 .ARM.attributes
                0x0000000000000cec       0x2e /usr/lib/gcc/arm-none-eabi/10.3.1/../../../arm-none-eabi/lib/thumb/v7e-m/nofp/libg.a(lib_a-lseekr.o)
 .ARM.attributes
                0x0000000000000d1a       0x2e /usr/lib/gcc/arm-none-eabi/10.3.1/../../../arm-none-eabi/lib/thumb/v7e-m/nofp/libg.a(lib_a-readr.o)
 .ARM.attributes
                0x0000000000000d48       0x1e /usr/lib/gcc/arm-none-eabi/10.3.1/thumb/v7e-m/nofp/libgcc.a(_arm_addsubdf3.o)
 .ARM.attributes
                0x0000000000000d66       0x1e /usr/lib/gcc/arm-none-eabi/10.3.1/thumb/v7e-m/nofp/libgcc.a(_arm_muldivdf3.o)
 .ARM.attributes
                0x0000000000000d84       0x1e /usr/lib/gcc/arm-none-eabi/10.3.1/thumb/v7e-m/nofp/libgcc.a(_arm_cmpdf2.o)
 .ARM.attributes
                0x0000000000000da2       0x1e /usr/lib/gcc/arm-none-eabi/10.3.1/thumb/v7e-m/nofp/libgcc.a(_arm_unorddf2.o)
 .ARM.attributes
                0x0000000000000dc0       0x1e /usr/lib/gcc/arm-none-eabi/10.3.1/thumb/v7e-m/nofp/libgcc.a(_arm_fixdfsi.o)
 .ARM.attributes
                0x0000000000000dde       0x1e /usr/lib/gcc/arm-none-eabi/10.3.1/thumb/v7e-m/nofp/libgcc.a(_aeabi_uldivmod.o)
 .ARM.attributes
                0x0000000000000dfc       0x2e /usr/lib/gcc/arm-none-eabi/10.3.1/thumb/v7e-m/nofp/libgcc.a(_udivmoddi4.o)
 .ARM.attributes
                0x0000000000000e2a       0x1e /usr/lib/gcc/arm-none-eabi/10.3.1/thumb/v7e-m/nofp/libgcc.a(_dvmd_tls.o)
 .ARM.attributes
                0x0000000000000e48       0x2e /usr/lib/gcc/arm-none-eabi/10.3.1/thumb/v7e-m/nofp/crtend.o
 .ARM.attributes
                0x0000000000000e76       0x1e /usr/lib/gcc/arm-none-eabi/10.3.1/thumb/v7e-m/nofp/crtn.o
OUTPUT(G431_LCD.elf elf32-littlearm)
LOAD linker stubs
LOAD /usr/lib/gcc/arm-none-eabi/10.3.1/../../../arm-none-eabi/lib/thumb/v7e-m/nofp/libc.a
LOAD /usr/lib/gcc/arm-none-eabi/10.3.1/../../../arm-none-eabi/lib/thumb/v7e-m/nofp/libm.a
LOAD /usr/lib/gcc/arm-none-eabi/10.3.1/thumb/v7e-m/nofp/libgcc.a

.comment        0x0000000000000000       0x33
 .comment       0x0000000000000000       0x33 /usr/lib/gcc/arm-none-eabi/10.3.1/thumb/v7e-m/nofp/crtbegin.o
                                         0x34 (size before relaxing)
 .comment       0x0000000000000033       0x34 CMakeFiles/G431_LCD.elf.dir/Core/Src/gpio.c.obj
 .comment       0x0000000000000033       0x34 CMakeFiles/G431_LCD.elf.dir/Core/Src/main.c.obj
 .comment       0x0000000000000033       0x34 CMakeFiles/G431_LCD.elf.dir/Core/Src/spi.c.obj
 .comment       0x0000000000000033       0x34 CMakeFiles/G431_LCD.elf.dir/Core/Src/stm32g4xx_hal_msp.c.obj
 .comment       0x0000000000000033       0x34 CMakeFiles/G431_LCD.elf.dir/Core/Src/stm32g4xx_it.c.obj
 .comment       0x0000000000000033       0x34 CMakeFiles/G431_LCD.elf.dir/Core/Src/syscalls.c.obj
 .comment       0x0000000000000033       0x34 CMakeFiles/G431_LCD.elf.dir/Core/Src/sysmem.c.obj
 .comment       0x0000000000000033       0x34 CMakeFiles/G431_LCD.elf.dir/Core/Src/system_stm32g4xx.c.obj
 .comment       0x0000000000000033       0x34 CMakeFiles/G431_LCD.elf.dir/Core/Src/tim.c.obj
 .comment       0x0000000000000033       0x34 CMakeFiles/G431_LCD.elf.dir/Drivers/STM32G4xx_HAL_Driver/Src/stm32g4xx_hal.c.obj
 .comment       0x0000000000000033       0x34 CMakeFiles/G431_LCD.elf.dir/Drivers/STM32G4xx_HAL_Driver/Src/stm32g4xx_hal_cortex.c.obj
 .comment       0x0000000000000033       0x34 CMakeFiles/G431_LCD.elf.dir/Drivers/STM32G4xx_HAL_Driver/Src/stm32g4xx_hal_dma.c.obj
 .comment       0x0000000000000033       0x34 CMakeFiles/G431_LCD.elf.dir/Drivers/STM32G4xx_HAL_Driver/Src/stm32g4xx_hal_gpio.c.obj
 .comment       0x0000000000000033       0x34 CMakeFiles/G431_LCD.elf.dir/Drivers/STM32G4xx_HAL_Driver/Src/stm32g4xx_hal_pwr_ex.c.obj
 .comment       0x0000000000000033       0x34 CMakeFiles/G431_LCD.elf.dir/Drivers/STM32G4xx_HAL_Driver/Src/stm32g4xx_hal_rcc.c.obj
 .comment       0x0000000000000033       0x34 CMakeFiles/G431_LCD.elf.dir/Drivers/STM32G4xx_HAL_Driver/Src/stm32g4xx_hal_spi.c.obj
 .comment       0x0000000000000033       0x34 CMakeFiles/G431_LCD.elf.dir/Drivers/STM32G4xx_HAL_Driver/Src/stm32g4xx_hal_tim.c.obj
 .comment       0x0000000000000033       0x34 CMakeFiles/G431_LCD.elf.dir/Drivers/STM32G4xx_HAL_Driver/Src/stm32g4xx_hal_tim_ex.c.obj
 .comment       0x0000000000000033       0x34 CMakeFiles/G431_LCD.elf.dir/st7735/fonts.c.obj
 .comment       0x0000000000000033       0x34 CMakeFiles/G431_LCD.elf.dir/st7735/st7735.c.obj
 .comment       0x0000000000000033       0x34 /usr/lib/gcc/arm-none-eabi/10.3.1/../../../arm-none-eabi/lib/thumb/v7e-m/nofp/libg.a(lib_a-atexit.o)
 .comment       0x0000000000000033       0x34 /usr/lib/gcc/arm-none-eabi/10.3.1/../../../arm-none-eabi/lib/thumb/v7e-m/nofp/libg.a(lib_a-errno.o)
 .comment       0x0000000000000033       0x34 /usr/lib/gcc/arm-none-eabi/10.3.1/../../../arm-none-eabi/lib/thumb/v7e-m/nofp/libg.a(lib_a-fini.o)
 .comment       0x0000000000000033       0x34 /usr/lib/gcc/arm-none-eabi/10.3.1/../../../arm-none-eabi/lib/thumb/v7e-m/nofp/libg.a(lib_a-impure.o)
 .comment       0x0000000000000033       0x34 /usr/lib/gcc/arm-none-eabi/10.3.1/../../../arm-none-eabi/lib/thumb/v7e-m/nofp/libg.a(lib_a-init.o)
 .comment       0x0000000000000033       0x34 /usr/lib/gcc/arm-none-eabi/10.3.1/../../../arm-none-eabi/lib/thumb/v7e-m/nofp/libg.a(lib_a-mallocr.o)
 .comment       0x0000000000000033       0x34 /usr/lib/gcc/arm-none-eabi/10.3.1/../../../arm-none-eabi/lib/thumb/v7e-m/nofp/libg.a(lib_a-memset.o)
 .comment       0x0000000000000033       0x34 /usr/lib/gcc/arm-none-eabi/10.3.1/../../../arm-none-eabi/lib/thumb/v7e-m/nofp/libg.a(lib_a-mlock.o)
 .comment       0x0000000000000033       0x34 /usr/lib/gcc/arm-none-eabi/10.3.1/../../../arm-none-eabi/lib/thumb/v7e-m/nofp/libg.a(lib_a-sbrkr.o)
 .comment       0x0000000000000033       0x34 /usr/lib/gcc/arm-none-eabi/10.3.1/../../../arm-none-eabi/lib/thumb/v7e-m/nofp/libg.a(lib_a-sprintf.o)
 .comment       0x0000000000000033       0x34 /usr/lib/gcc/arm-none-eabi/10.3.1/../../../arm-none-eabi/lib/thumb/v7e-m/nofp/libg.a(lib_a-svfprintf.o)
 .comment       0x0000000000000033       0x34 /usr/lib/gcc/arm-none-eabi/10.3.1/../../../arm-none-eabi/lib/thumb/v7e-m/nofp/libg.a(lib_a-__atexit.o)
 .comment       0x0000000000000033       0x34 /usr/lib/gcc/arm-none-eabi/10.3.1/../../../arm-none-eabi/lib/thumb/v7e-m/nofp/libg.a(lib_a-__call_atexit.o)
 .comment       0x0000000000000033       0x34 /usr/lib/gcc/arm-none-eabi/10.3.1/../../../arm-none-eabi/lib/thumb/v7e-m/nofp/libg.a(lib_a-dtoa.o)
 .comment       0x0000000000000033       0x34 /usr/lib/gcc/arm-none-eabi/10.3.1/../../../arm-none-eabi/lib/thumb/v7e-m/nofp/libg.a(lib_a-freer.o)
 .comment       0x0000000000000033       0x34 /usr/lib/gcc/arm-none-eabi/10.3.1/../../../arm-none-eabi/lib/thumb/v7e-m/nofp/libg.a(lib_a-localeconv.o)
 .comment       0x0000000000000033       0x34 /usr/lib/gcc/arm-none-eabi/10.3.1/../../../arm-none-eabi/lib/thumb/v7e-m/nofp/libg.a(lib_a-mprec.o)
 .comment       0x0000000000000033       0x34 /usr/lib/gcc/arm-none-eabi/10.3.1/../../../arm-none-eabi/lib/thumb/v7e-m/nofp/libg.a(lib_a-reent.o)
 .comment       0x0000000000000033       0x34 /usr/lib/gcc/arm-none-eabi/10.3.1/../../../arm-none-eabi/lib/thumb/v7e-m/nofp/libg.a(lib_a-svfiprintf.o)
 .comment       0x0000000000000033       0x34 /usr/lib/gcc/arm-none-eabi/10.3.1/../../../arm-none-eabi/lib/thumb/v7e-m/nofp/libg.a(lib_a-assert.o)
 .comment       0x0000000000000033       0x34 /usr/lib/gcc/arm-none-eabi/10.3.1/../../../arm-none-eabi/lib/thumb/v7e-m/nofp/libg.a(lib_a-callocr.o)
 .comment       0x0000000000000033       0x34 /usr/lib/gcc/arm-none-eabi/10.3.1/../../../arm-none-eabi/lib/thumb/v7e-m/nofp/libg.a(lib_a-fiprintf.o)
 .comment       0x0000000000000033       0x34 /usr/lib/gcc/arm-none-eabi/10.3.1/../../../arm-none-eabi/lib/thumb/v7e-m/nofp/libg.a(lib_a-locale.o)
 .comment       0x0000000000000033       0x34 /usr/lib/gcc/arm-none-eabi/10.3.1/../../../arm-none-eabi/lib/thumb/v7e-m/nofp/libg.a(lib_a-mbtowc_r.o)
 .comment       0x0000000000000033       0x34 /usr/lib/gcc/arm-none-eabi/10.3.1/../../../arm-none-eabi/lib/thumb/v7e-m/nofp/libg.a(lib_a-memmove.o)
 .comment       0x0000000000000033       0x34 /usr/lib/gcc/arm-none-eabi/10.3.1/../../../arm-none-eabi/lib/thumb/v7e-m/nofp/libg.a(lib_a-reallocr.o)
 .comment       0x0000000000000033       0x34 /usr/lib/gcc/arm-none-eabi/10.3.1/../../../arm-none-eabi/lib/thumb/v7e-m/nofp/libg.a(lib_a-vfiprintf.o)
 .comment       0x0000000000000033       0x34 /usr/lib/gcc/arm-none-eabi/10.3.1/../../../arm-none-eabi/lib/thumb/v7e-m/nofp/libg.a(lib_a-wctomb_r.o)
 .comment       0x0000000000000033       0x34 /usr/lib/gcc/arm-none-eabi/10.3.1/../../../arm-none-eabi/lib/thumb/v7e-m/nofp/libg.a(lib_a-wsetup.o)
 .comment       0x0000000000000033       0x34 /usr/lib/gcc/arm-none-eabi/10.3.1/../../../arm-none-eabi/lib/thumb/v7e-m/nofp/libg.a(lib_a-abort.o)
 .comment       0x0000000000000033       0x34 /usr/lib/gcc/arm-none-eabi/10.3.1/../../../arm-none-eabi/lib/thumb/v7e-m/nofp/libg.a(lib_a-ctype_.o)
 .comment       0x0000000000000033       0x34 /usr/lib/gcc/arm-none-eabi/10.3.1/../../../arm-none-eabi/lib/thumb/v7e-m/nofp/libg.a(lib_a-fflush.o)
 .comment       0x0000000000000033       0x34 /usr/lib/gcc/arm-none-eabi/10.3.1/../../../arm-none-eabi/lib/thumb/v7e-m/nofp/libg.a(lib_a-findfp.o)
 .comment       0x0000000000000033       0x34 /usr/lib/gcc/arm-none-eabi/10.3.1/../../../arm-none-eabi/lib/thumb/v7e-m/nofp/libg.a(lib_a-fputwc.o)
 .comment       0x0000000000000033       0x34 /usr/lib/gcc/arm-none-eabi/10.3.1/../../../arm-none-eabi/lib/thumb/v7e-m/nofp/libg.a(lib_a-fvwrite.o)
 .comment       0x0000000000000033       0x34 /usr/lib/gcc/arm-none-eabi/10.3.1/../../../arm-none-eabi/lib/thumb/v7e-m/nofp/libg.a(lib_a-fwalk.o)
 .comment       0x0000000000000033       0x34 /usr/lib/gcc/arm-none-eabi/10.3.1/../../../arm-none-eabi/lib/thumb/v7e-m/nofp/libg.a(lib_a-makebuf.o)
 .comment       0x0000000000000033       0x34 /usr/lib/gcc/arm-none-eabi/10.3.1/../../../arm-none-eabi/lib/thumb/v7e-m/nofp/libg.a(lib_a-signal.o)
 .comment       0x0000000000000033       0x34 /usr/lib/gcc/arm-none-eabi/10.3.1/../../../arm-none-eabi/lib/thumb/v7e-m/nofp/libg.a(lib_a-signalr.o)
 .comment       0x0000000000000033       0x34 /usr/lib/gcc/arm-none-eabi/10.3.1/../../../arm-none-eabi/lib/thumb/v7e-m/nofp/libg.a(lib_a-stdio.o)
 .comment       0x0000000000000033       0x34 /usr/lib/gcc/arm-none-eabi/10.3.1/../../../arm-none-eabi/lib/thumb/v7e-m/nofp/libg.a(lib_a-wbuf.o)
 .comment       0x0000000000000033       0x34 /usr/lib/gcc/arm-none-eabi/10.3.1/../../../arm-none-eabi/lib/thumb/v7e-m/nofp/libg.a(lib_a-wcrtomb.o)
 .comment       0x0000000000000033       0x34 /usr/lib/gcc/arm-none-eabi/10.3.1/../../../arm-none-eabi/lib/thumb/v7e-m/nofp/libg.a(lib_a-writer.o)
 .comment       0x0000000000000033       0x34 /usr/lib/gcc/arm-none-eabi/10.3.1/../../../arm-none-eabi/lib/thumb/v7e-m/nofp/libg.a(lib_a-closer.o)
 .comment       0x0000000000000033       0x34 /usr/lib/gcc/arm-none-eabi/10.3.1/../../../arm-none-eabi/lib/thumb/v7e-m/nofp/libg.a(lib_a-fclose.o)
 .comment       0x0000000000000033       0x34 /usr/lib/gcc/arm-none-eabi/10.3.1/../../../arm-none-eabi/lib/thumb/v7e-m/nofp/libg.a(lib_a-fstatr.o)
 .comment       0x0000000000000033       0x34 /usr/lib/gcc/arm-none-eabi/10.3.1/../../../arm-none-eabi/lib/thumb/v7e-m/nofp/libg.a(lib_a-isattyr.o)
 .comment       0x0000000000000033       0x34 /usr/lib/gcc/arm-none-eabi/10.3.1/../../../arm-none-eabi/lib/thumb/v7e-m/nofp/libg.a(lib_a-lseekr.o)
 .comment       0x0000000000000033       0x34 /usr/lib/gcc/arm-none-eabi/10.3.1/../../../arm-none-eabi/lib/thumb/v7e-m/nofp/libg.a(lib_a-readr.o)
 .comment       0x0000000000000033       0x34 /usr/lib/gcc/arm-none-eabi/10.3.1/thumb/v7e-m/nofp/libgcc.a(_udivmoddi4.o)
 .comment       0x0000000000000033       0x34 /usr/lib/gcc/arm-none-eabi/10.3.1/thumb/v7e-m/nofp/crtend.o

.debug_info     0x0000000000000000    0x35e17
 .debug_info    0x0000000000000000      0x50a CMakeFiles/G431_LCD.elf.dir/Core/Src/gpio.c.obj
 .debug_info    0x000000000000050a      0xd22 CMakeFiles/G431_LCD.elf.dir/Core/Src/main.c.obj
 .debug_info    0x000000000000122c      0xdd8 CMakeFiles/G431_LCD.elf.dir/Core/Src/spi.c.obj
 .debug_info    0x0000000000002004      0x332 CMakeFiles/G431_LCD.elf.dir/Core/Src/stm32g4xx_hal_msp.c.obj
 .debug_info    0x0000000000002336      0x7a3 CMakeFiles/G431_LCD.elf.dir/Core/Src/stm32g4xx_it.c.obj
 .debug_info    0x0000000000002ad9      0x7af CMakeFiles/G431_LCD.elf.dir/Core/Src/syscalls.c.obj
 .debug_info    0x0000000000003288      0x15c CMakeFiles/G431_LCD.elf.dir/Core/Src/sysmem.c.obj
 .debug_info    0x00000000000033e4      0x3e1 CMakeFiles/G431_LCD.elf.dir/Core/Src/system_stm32g4xx.c.obj
 .debug_info    0x00000000000037c5      0xc23 CMakeFiles/G431_LCD.elf.dir/Core/Src/tim.c.obj
 .debug_info    0x00000000000043e8       0x30 CMakeFiles/G431_LCD.elf.dir/Core/Startup/startup_stm32g431cbtx.s.obj
 .debug_info    0x0000000000004418      0xb67 CMakeFiles/G431_LCD.elf.dir/Drivers/STM32G4xx_HAL_Driver/Src/stm32g4xx_hal.c.obj
 .debug_info    0x0000000000004f7f     0x101d CMakeFiles/G431_LCD.elf.dir/Drivers/STM32G4xx_HAL_Driver/Src/stm32g4xx_hal_cortex.c.obj
 .debug_info    0x0000000000005f9c      0xa4a CMakeFiles/G431_LCD.elf.dir/Drivers/STM32G4xx_HAL_Driver/Src/stm32g4xx_hal_dma.c.obj
 .debug_info    0x00000000000069e6      0x84d CMakeFiles/G431_LCD.elf.dir/Drivers/STM32G4xx_HAL_Driver/Src/stm32g4xx_hal_gpio.c.obj
 .debug_info    0x0000000000007233      0x9ef CMakeFiles/G431_LCD.elf.dir/Drivers/STM32G4xx_HAL_Driver/Src/stm32g4xx_hal_pwr_ex.c.obj
 .debug_info    0x0000000000007c22      0xe7e CMakeFiles/G431_LCD.elf.dir/Drivers/STM32G4xx_HAL_Driver/Src/stm32g4xx_hal_rcc.c.obj
 .debug_info    0x0000000000008aa0     0x22a7 CMakeFiles/G431_LCD.elf.dir/Drivers/STM32G4xx_HAL_Driver/Src/stm32g4xx_hal_spi.c.obj
 .debug_info    0x000000000000ad47     0x408c CMakeFiles/G431_LCD.elf.dir/Drivers/STM32G4xx_HAL_Driver/Src/stm32g4xx_hal_tim.c.obj
 .debug_info    0x000000000000edd3     0x24f6 CMakeFiles/G431_LCD.elf.dir/Drivers/STM32G4xx_HAL_Driver/Src/stm32g4xx_hal_tim_ex.c.obj
 .debug_info    0x00000000000112c9      0x192 CMakeFiles/G431_LCD.elf.dir/st7735/fonts.c.obj
 .debug_info    0x000000000001145b     0x13dd CMakeFiles/G431_LCD.elf.dir/st7735/st7735.c.obj
 .debug_info    0x0000000000012838      0x100 /usr/lib/gcc/arm-none-eabi/10.3.1/../../../arm-none-eabi/lib/thumb/v7e-m/nofp/libg.a(lib_a-atexit.o)
 .debug_info    0x0000000000012938      0x914 /usr/lib/gcc/arm-none-eabi/10.3.1/../../../arm-none-eabi/lib/thumb/v7e-m/nofp/libg.a(lib_a-errno.o)
 .debug_info    0x000000000001324c      0x102 /usr/lib/gcc/arm-none-eabi/10.3.1/../../../arm-none-eabi/lib/thumb/v7e-m/nofp/libg.a(lib_a-fini.o)
 .debug_info    0x000000000001334e      0x92a /usr/lib/gcc/arm-none-eabi/10.3.1/../../../arm-none-eabi/lib/thumb/v7e-m/nofp/libg.a(lib_a-impure.o)
 .debug_info    0x0000000000013c78      0x11a /usr/lib/gcc/arm-none-eabi/10.3.1/../../../arm-none-eabi/lib/thumb/v7e-m/nofp/libg.a(lib_a-init.o)
 .debug_info    0x0000000000013d92      0xe95 /usr/lib/gcc/arm-none-eabi/10.3.1/../../../arm-none-eabi/lib/thumb/v7e-m/nofp/libg.a(lib_a-mallocr.o)
 .debug_info    0x0000000000014c27      0x137 /usr/lib/gcc/arm-none-eabi/10.3.1/../../../arm-none-eabi/lib/thumb/v7e-m/nofp/libg.a(lib_a-memset.o)
 .debug_info    0x0000000000014d5e      0x942 /usr/lib/gcc/arm-none-eabi/10.3.1/../../../arm-none-eabi/lib/thumb/v7e-m/nofp/libg.a(lib_a-mlock.o)
 .debug_info    0x00000000000156a0      0x98e /usr/lib/gcc/arm-none-eabi/10.3.1/../../../arm-none-eabi/lib/thumb/v7e-m/nofp/libg.a(lib_a-sbrkr.o)
 .debug_info    0x000000000001602e      0xa8c /usr/lib/gcc/arm-none-eabi/10.3.1/../../../arm-none-eabi/lib/thumb/v7e-m/nofp/libg.a(lib_a-sprintf.o)
 .debug_info    0x0000000000016aba     0x192d /usr/lib/gcc/arm-none-eabi/10.3.1/../../../arm-none-eabi/lib/thumb/v7e-m/nofp/libg.a(lib_a-svfprintf.o)
 .debug_info    0x00000000000183e7      0x9b0 /usr/lib/gcc/arm-none-eabi/10.3.1/../../../arm-none-eabi/lib/thumb/v7e-m/nofp/libg.a(lib_a-__atexit.o)
 .debug_info    0x0000000000018d97      0xa3d /usr/lib/gcc/arm-none-eabi/10.3.1/../../../arm-none-eabi/lib/thumb/v7e-m/nofp/libg.a(lib_a-__call_atexit.o)
 .debug_info    0x00000000000197d4     0x1a58 /usr/lib/gcc/arm-none-eabi/10.3.1/../../../arm-none-eabi/lib/thumb/v7e-m/nofp/libg.a(lib_a-dtoa.o)
 .debug_info    0x000000000001b22c      0xd10 /usr/lib/gcc/arm-none-eabi/10.3.1/../../../arm-none-eabi/lib/thumb/v7e-m/nofp/libg.a(lib_a-freer.o)
 .debug_info    0x000000000001bf3c      0xc3e /usr/lib/gcc/arm-none-eabi/10.3.1/../../../arm-none-eabi/lib/thumb/v7e-m/nofp/libg.a(lib_a-localeconv.o)
 .debug_info    0x000000000001cb7a       0x26 /usr/lib/gcc/arm-none-eabi/10.3.1/../../../arm-none-eabi/lib/thumb/v7e-m/nofp/libg.a(lib_a-memchr.o)
 .debug_info    0x000000000001cba0       0x26 /usr/lib/gcc/arm-none-eabi/10.3.1/../../../arm-none-eabi/lib/thumb/v7e-m/nofp/libg.a(lib_a-memcpy.o)
 .debug_info    0x000000000001cbc6     0x20ca /usr/lib/gcc/arm-none-eabi/10.3.1/../../../arm-none-eabi/lib/thumb/v7e-m/nofp/libg.a(lib_a-mprec.o)
 .debug_info    0x000000000001ec90      0xbda /usr/lib/gcc/arm-none-eabi/10.3.1/../../../arm-none-eabi/lib/thumb/v7e-m/nofp/libg.a(lib_a-reent.o)
 .debug_info    0x000000000001f86a       0x26 /usr/lib/gcc/arm-none-eabi/10.3.1/../../../arm-none-eabi/lib/thumb/v7e-m/nofp/libg.a(lib_a-strlen.o)
 .debug_info    0x000000000001f890     0x1367 /usr/lib/gcc/arm-none-eabi/10.3.1/../../../arm-none-eabi/lib/thumb/v7e-m/nofp/libg.a(lib_a-svfiprintf.o)
 .debug_info    0x0000000000020bf7      0xa23 /usr/lib/gcc/arm-none-eabi/10.3.1/../../../arm-none-eabi/lib/thumb/v7e-m/nofp/libg.a(lib_a-assert.o)
 .debug_info    0x000000000002161a      0xa81 /usr/lib/gcc/arm-none-eabi/10.3.1/../../../arm-none-eabi/lib/thumb/v7e-m/nofp/libg.a(lib_a-callocr.o)
 .debug_info    0x000000000002209b      0xa5f /usr/lib/gcc/arm-none-eabi/10.3.1/../../../arm-none-eabi/lib/thumb/v7e-m/nofp/libg.a(lib_a-fiprintf.o)
 .debug_info    0x0000000000022afa      0xe0a /usr/lib/gcc/arm-none-eabi/10.3.1/../../../arm-none-eabi/lib/thumb/v7e-m/nofp/libg.a(lib_a-locale.o)
 .debug_info    0x0000000000023904      0xccd /usr/lib/gcc/arm-none-eabi/10.3.1/../../../arm-none-eabi/lib/thumb/v7e-m/nofp/libg.a(lib_a-mbtowc_r.o)
 .debug_info    0x00000000000245d1      0x152 /usr/lib/gcc/arm-none-eabi/10.3.1/../../../arm-none-eabi/lib/thumb/v7e-m/nofp/libg.a(lib_a-memmove.o)
 .debug_info    0x0000000000024723      0xdb4 /usr/lib/gcc/arm-none-eabi/10.3.1/../../../arm-none-eabi/lib/thumb/v7e-m/nofp/libg.a(lib_a-reallocr.o)
 .debug_info    0x00000000000254d7       0x26 /usr/lib/gcc/arm-none-eabi/10.3.1/../../../arm-none-eabi/lib/thumb/v7e-m/nofp/libg.a(lib_a-strcmp.o)
 .debug_info    0x00000000000254fd     0x1926 /usr/lib/gcc/arm-none-eabi/10.3.1/../../../arm-none-eabi/lib/thumb/v7e-m/nofp/libg.a(lib_a-vfiprintf.o)
 .debug_info    0x0000000000026e23      0xc86 /usr/lib/gcc/arm-none-eabi/10.3.1/../../../arm-none-eabi/lib/thumb/v7e-m/nofp/libg.a(lib_a-wctomb_r.o)
 .debug_info    0x0000000000027aa9      0x9c2 /usr/lib/gcc/arm-none-eabi/10.3.1/../../../arm-none-eabi/lib/thumb/v7e-m/nofp/libg.a(lib_a-wsetup.o)
 .debug_info    0x000000000002846b       0xcb /usr/lib/gcc/arm-none-eabi/10.3.1/../../../arm-none-eabi/lib/thumb/v7e-m/nofp/libg.a(lib_a-abort.o)
 .debug_info    0x0000000000028536       0xb8 /usr/lib/gcc/arm-none-eabi/10.3.1/../../../arm-none-eabi/lib/thumb/v7e-m/nofp/libg.a(lib_a-ctype_.o)
 .debug_info    0x00000000000285ee      0xbe0 /usr/lib/gcc/arm-none-eabi/10.3.1/../../../arm-none-eabi/lib/thumb/v7e-m/nofp/libg.a(lib_a-fflush.o)
 .debug_info    0x00000000000291ce      0xf66 /usr/lib/gcc/arm-none-eabi/10.3.1/../../../arm-none-eabi/lib/thumb/v7e-m/nofp/libg.a(lib_a-findfp.o)
 .debug_info    0x000000000002a134      0xc19 /usr/lib/gcc/arm-none-eabi/10.3.1/../../../arm-none-eabi/lib/thumb/v7e-m/nofp/libg.a(lib_a-fputwc.o)
 .debug_info    0x000000000002ad4d      0xcbb /usr/lib/gcc/arm-none-eabi/10.3.1/../../../arm-none-eabi/lib/thumb/v7e-m/nofp/libg.a(lib_a-fvwrite.o)
 .debug_info    0x000000000002ba08      0xa66 /usr/lib/gcc/arm-none-eabi/10.3.1/../../../arm-none-eabi/lib/thumb/v7e-m/nofp/libg.a(lib_a-fwalk.o)
 .debug_info    0x000000000002c46e      0xdf2 /usr/lib/gcc/arm-none-eabi/10.3.1/../../../arm-none-eabi/lib/thumb/v7e-m/nofp/libg.a(lib_a-makebuf.o)
 .debug_info    0x000000000002d260      0xf32 /usr/lib/gcc/arm-none-eabi/10.3.1/../../../arm-none-eabi/lib/thumb/v7e-m/nofp/libg.a(lib_a-signal.o)
 .debug_info    0x000000000002e192      0x9d7 /usr/lib/gcc/arm-none-eabi/10.3.1/../../../arm-none-eabi/lib/thumb/v7e-m/nofp/libg.a(lib_a-signalr.o)
 .debug_info    0x000000000002eb69      0xc22 /usr/lib/gcc/arm-none-eabi/10.3.1/../../../arm-none-eabi/lib/thumb/v7e-m/nofp/libg.a(lib_a-stdio.o)
 .debug_info    0x000000000002f78b      0xa5f /usr/lib/gcc/arm-none-eabi/10.3.1/../../../arm-none-eabi/lib/thumb/v7e-m/nofp/libg.a(lib_a-wbuf.o)
 .debug_info    0x00000000000301ea      0xd4f /usr/lib/gcc/arm-none-eabi/10.3.1/../../../arm-none-eabi/lib/thumb/v7e-m/nofp/libg.a(lib_a-wcrtomb.o)
 .debug_info    0x0000000000030f39      0x9c0 /usr/lib/gcc/arm-none-eabi/10.3.1/../../../arm-none-eabi/lib/thumb/v7e-m/nofp/libg.a(lib_a-writer.o)
 .debug_info    0x00000000000318f9      0x96b /usr/lib/gcc/arm-none-eabi/10.3.1/../../../arm-none-eabi/lib/thumb/v7e-m/nofp/libg.a(lib_a-closer.o)
 .debug_info    0x0000000000032264      0xb4a /usr/lib/gcc/arm-none-eabi/10.3.1/../../../arm-none-eabi/lib/thumb/v7e-m/nofp/libg.a(lib_a-fclose.o)
 .debug_info    0x0000000000032dae      0xb83 /usr/lib/gcc/arm-none-eabi/10.3.1/../../../arm-none-eabi/lib/thumb/v7e-m/nofp/libg.a(lib_a-fstatr.o)
 .debug_info    0x0000000000033931      0x96b /usr/lib/gcc/arm-none-eabi/10.3.1/../../../arm-none-eabi/lib/thumb/v7e-m/nofp/libg.a(lib_a-isattyr.o)
 .debug_info    0x000000000003429c      0x9a1 /usr/lib/gcc/arm-none-eabi/10.3.1/../../../arm-none-eabi/lib/thumb/v7e-m/nofp/libg.a(lib_a-lseekr.o)
 .debug_info    0x0000000000034c3d      0x9b9 /usr/lib/gcc/arm-none-eabi/10.3.1/../../../arm-none-eabi/lib/thumb/v7e-m/nofp/libg.a(lib_a-readr.o)
 .debug_info    0x00000000000355f6       0x26 /usr/lib/gcc/arm-none-eabi/10.3.1/thumb/v7e-m/nofp/libgcc.a(_arm_addsubdf3.o)
 .debug_info    0x000000000003561c       0x26 /usr/lib/gcc/arm-none-eabi/10.3.1/thumb/v7e-m/nofp/libgcc.a(_arm_muldivdf3.o)
 .debug_info    0x0000000000035642       0x26 /usr/lib/gcc/arm-none-eabi/10.3.1/thumb/v7e-m/nofp/libgcc.a(_arm_cmpdf2.o)
 .debug_info    0x0000000000035668       0x26 /usr/lib/gcc/arm-none-eabi/10.3.1/thumb/v7e-m/nofp/libgcc.a(_arm_unorddf2.o)
 .debug_info    0x000000000003568e       0x26 /usr/lib/gcc/arm-none-eabi/10.3.1/thumb/v7e-m/nofp/libgcc.a(_arm_fixdfsi.o)
 .debug_info    0x00000000000356b4       0x26 /usr/lib/gcc/arm-none-eabi/10.3.1/thumb/v7e-m/nofp/libgcc.a(_aeabi_uldivmod.o)
 .debug_info    0x00000000000356da      0x717 /usr/lib/gcc/arm-none-eabi/10.3.1/thumb/v7e-m/nofp/libgcc.a(_udivmoddi4.o)
 .debug_info    0x0000000000035df1       0x26 /usr/lib/gcc/arm-none-eabi/10.3.1/thumb/v7e-m/nofp/libgcc.a(_dvmd_tls.o)

.debug_abbrev   0x0000000000000000     0x9b20
 .debug_abbrev  0x0000000000000000      0x14e CMakeFiles/G431_LCD.elf.dir/Core/Src/gpio.c.obj
 .debug_abbrev  0x000000000000014e      0x25a CMakeFiles/G431_LCD.elf.dir/Core/Src/main.c.obj
 .debug_abbrev  0x00000000000003a8      0x1dc CMakeFiles/G431_LCD.elf.dir/Core/Src/spi.c.obj
 .debug_abbrev  0x0000000000000584       0xd6 CMakeFiles/G431_LCD.elf.dir/Core/Src/stm32g4xx_hal_msp.c.obj
 .debug_abbrev  0x000000000000065a      0x165 CMakeFiles/G431_LCD.elf.dir/Core/Src/stm32g4xx_it.c.obj
 .debug_abbrev  0x00000000000007bf      0x1a3 CMakeFiles/G431_LCD.elf.dir/Core/Src/syscalls.c.obj
 .debug_abbrev  0x0000000000000962       0xe7 CMakeFiles/G431_LCD.elf.dir/Core/Src/sysmem.c.obj
 .debug_abbrev  0x0000000000000a49      0x119 CMakeFiles/G431_LCD.elf.dir/Core/Src/system_stm32g4xx.c.obj
 .debug_abbrev  0x0000000000000b62      0x1f6 CMakeFiles/G431_LCD.elf.dir/Core/Src/tim.c.obj
 .debug_abbrev  0x0000000000000d58       0x1d CMakeFiles/G431_LCD.elf.dir/Core/Startup/startup_stm32g431cbtx.s.obj
 .debug_abbrev  0x0000000000000d75      0x23e CMakeFiles/G431_LCD.elf.dir/Drivers/STM32G4xx_HAL_Driver/Src/stm32g4xx_hal.c.obj
 .debug_abbrev  0x0000000000000fb3      0x361 CMakeFiles/G431_LCD.elf.dir/Drivers/STM32G4xx_HAL_Driver/Src/stm32g4xx_hal_cortex.c.obj
 .debug_abbrev  0x0000000000001314      0x216 CMakeFiles/G431_LCD.elf.dir/Drivers/STM32G4xx_HAL_Driver/Src/stm32g4xx_hal_dma.c.obj
 .debug_abbrev  0x000000000000152a      0x1e6 CMakeFiles/G431_LCD.elf.dir/Drivers/STM32G4xx_HAL_Driver/Src/stm32g4xx_hal_gpio.c.obj
 .debug_abbrev  0x0000000000001710      0x245 CMakeFiles/G431_LCD.elf.dir/Drivers/STM32G4xx_HAL_Driver/Src/stm32g4xx_hal_pwr_ex.c.obj
 .debug_abbrev  0x0000000000001955      0x26f CMakeFiles/G431_LCD.elf.dir/Drivers/STM32G4xx_HAL_Driver/Src/stm32g4xx_hal_rcc.c.obj
 .debug_abbrev  0x0000000000001bc4      0x23b CMakeFiles/G431_LCD.elf.dir/Drivers/STM32G4xx_HAL_Driver/Src/stm32g4xx_hal_spi.c.obj
 .debug_abbrev  0x0000000000001dff      0x25c CMakeFiles/G431_LCD.elf.dir/Drivers/STM32G4xx_HAL_Driver/Src/stm32g4xx_hal_tim.c.obj
 .debug_abbrev  0x000000000000205b      0x272 CMakeFiles/G431_LCD.elf.dir/Drivers/STM32G4xx_HAL_Driver/Src/stm32g4xx_hal_tim_ex.c.obj
 .debug_abbrev  0x00000000000022cd       0xaa CMakeFiles/G431_LCD.elf.dir/st7735/fonts.c.obj
 .debug_abbrev  0x0000000000002377      0x2d4 CMakeFiles/G431_LCD.elf.dir/st7735/st7735.c.obj
 .debug_abbrev  0x000000000000264b       0xb7 /usr/lib/gcc/arm-none-eabi/10.3.1/../../../arm-none-eabi/lib/thumb/v7e-m/nofp/libg.a(lib_a-atexit.o)
 .debug_abbrev  0x0000000000002702      0x1be /usr/lib/gcc/arm-none-eabi/10.3.1/../../../arm-none-eabi/lib/thumb/v7e-m/nofp/libg.a(lib_a-errno.o)
 .debug_abbrev  0x00000000000028c0       0xcf /usr/lib/gcc/arm-none-eabi/10.3.1/../../../arm-none-eabi/lib/thumb/v7e-m/nofp/libg.a(lib_a-fini.o)
 .debug_abbrev  0x000000000000298f      0x1b8 /usr/lib/gcc/arm-none-eabi/10.3.1/../../../arm-none-eabi/lib/thumb/v7e-m/nofp/libg.a(lib_a-impure.o)
 .debug_abbrev  0x0000000000002b47       0xcc /usr/lib/gcc/arm-none-eabi/10.3.1/../../../arm-none-eabi/lib/thumb/v7e-m/nofp/libg.a(lib_a-init.o)
 .debug_abbrev  0x0000000000002c13      0x2f6 /usr/lib/gcc/arm-none-eabi/10.3.1/../../../arm-none-eabi/lib/thumb/v7e-m/nofp/libg.a(lib_a-mallocr.o)
 .debug_abbrev  0x0000000000002f09       0xb4 /usr/lib/gcc/arm-none-eabi/10.3.1/../../../arm-none-eabi/lib/thumb/v7e-m/nofp/libg.a(lib_a-memset.o)
 .debug_abbrev  0x0000000000002fbd      0x1f0 /usr/lib/gcc/arm-none-eabi/10.3.1/../../../arm-none-eabi/lib/thumb/v7e-m/nofp/libg.a(lib_a-mlock.o)
 .debug_abbrev  0x00000000000031ad      0x23d /usr/lib/gcc/arm-none-eabi/10.3.1/../../../arm-none-eabi/lib/thumb/v7e-m/nofp/libg.a(lib_a-sbrkr.o)
 .debug_abbrev  0x00000000000033ea      0x27a /usr/lib/gcc/arm-none-eabi/10.3.1/../../../arm-none-eabi/lib/thumb/v7e-m/nofp/libg.a(lib_a-sprintf.o)
 .debug_abbrev  0x0000000000003664      0x3db /usr/lib/gcc/arm-none-eabi/10.3.1/../../../arm-none-eabi/lib/thumb/v7e-m/nofp/libg.a(lib_a-svfprintf.o)
 .debug_abbrev  0x0000000000003a3f      0x23f /usr/lib/gcc/arm-none-eabi/10.3.1/../../../arm-none-eabi/lib/thumb/v7e-m/nofp/libg.a(lib_a-__atexit.o)
 .debug_abbrev  0x0000000000003c7e      0x2b2 /usr/lib/gcc/arm-none-eabi/10.3.1/../../../arm-none-eabi/lib/thumb/v7e-m/nofp/libg.a(lib_a-__call_atexit.o)
 .debug_abbrev  0x0000000000003f30      0x323 /usr/lib/gcc/arm-none-eabi/10.3.1/../../../arm-none-eabi/lib/thumb/v7e-m/nofp/libg.a(lib_a-dtoa.o)
 .debug_abbrev  0x0000000000004253      0x2b1 /usr/lib/gcc/arm-none-eabi/10.3.1/../../../arm-none-eabi/lib/thumb/v7e-m/nofp/libg.a(lib_a-freer.o)
 .debug_abbrev  0x0000000000004504      0x26a /usr/lib/gcc/arm-none-eabi/10.3.1/../../../arm-none-eabi/lib/thumb/v7e-m/nofp/libg.a(lib_a-localeconv.o)
 .debug_abbrev  0x000000000000476e       0x14 /usr/lib/gcc/arm-none-eabi/10.3.1/../../../arm-none-eabi/lib/thumb/v7e-m/nofp/libg.a(lib_a-memchr.o)
 .debug_abbrev  0x0000000000004782       0x14 /usr/lib/gcc/arm-none-eabi/10.3.1/../../../arm-none-eabi/lib/thumb/v7e-m/nofp/libg.a(lib_a-memcpy.o)
 .debug_abbrev  0x0000000000004796      0x4ae /usr/lib/gcc/arm-none-eabi/10.3.1/../../../arm-none-eabi/lib/thumb/v7e-m/nofp/libg.a(lib_a-mprec.o)
 .debug_abbrev  0x0000000000004c44      0x2f4 /usr/lib/gcc/arm-none-eabi/10.3.1/../../../arm-none-eabi/lib/thumb/v7e-m/nofp/libg.a(lib_a-reent.o)
 .debug_abbrev  0x0000000000004f38       0x14 /usr/lib/gcc/arm-none-eabi/10.3.1/../../../arm-none-eabi/lib/thumb/v7e-m/nofp/libg.a(lib_a-strlen.o)