Archive member included to satisfy reference by file (symbol)

/usr/lib/gcc/arm-none-eabi/10.3.1/../../../arm-none-eabi/lib/thumb/v7e-m/nofp/libg.a(lib_a-atexit.o)
                              /usr/lib/gcc/arm-none-eabi/10.3.1/../../../arm-none-eabi/lib/thumb/v7e-m/nofp/crt0.o (atexit)
/usr/lib/gcc/arm-none-eabi/10.3.1/../../../arm-none-eabi/lib/thumb/v7e-m/nofp/libg.a(lib_a-errno.o)
                              CMakeFiles/G431_LCD.elf.dir/Core/Src/syscalls.c.obj (__errno)
/usr/lib/gcc/arm-none-eabi/10.3.1/../../../arm-none-eabi/lib/thumb/v7e-m/nofp/libg.a(lib_a-exit.o)
                              /usr/lib/gcc/arm-none-eabi/10.3.1/../../../arm-none-eabi/lib/thumb/v7e-m/nofp/crt0.o (exit)
/usr/lib/gcc/arm-none-eabi/10.3.1/../../../arm-none-eabi/lib/thumb/v7e-m/nofp/libg.a(lib_a-fini.o)
                              /usr/lib/gcc/arm-none-eabi/10.3.1/../../../arm-none-eabi/lib/thumb/v7e-m/nofp/crt0.o (__libc_fini_array)
/usr/lib/gcc/arm-none-eabi/10.3.1/../../../arm-none-eabi/lib/thumb/v7e-m/nofp/libg.a(lib_a-impure.o)
                              /usr/lib/gcc/arm-none-eabi/10.3.1/../../../arm-none-eabi/lib/thumb/v7e-m/nofp/libg.a(lib_a-exit.o) (_global_impure_ptr)
/usr/lib/gcc/arm-none-eabi/10.3.1/../../../arm-none-eabi/lib/thumb/v7e-m/nofp/libg.a(lib_a-init.o)
                              /usr/lib/gcc/arm-none-eabi/10.3.1/../../../arm-none-eabi/lib/thumb/v7e-m/nofp/crt0.o (__libc_init_array)
/usr/lib/gcc/arm-none-eabi/10.3.1/../../../arm-none-eabi/lib/thumb/v7e-m/nofp/libg.a(lib_a-malloc.o)
                              CMakeFiles/G431_LCD.elf.dir/st7735/st7735.c.obj (malloc)
/usr/lib/gcc/arm-none-eabi/10.3.1/../../../arm-none-eabi/lib/thumb/v7e-m/nofp/libg.a(lib_a-mallocr.o)
                              /usr/lib/gcc/arm-none-eabi/10.3.1/../../../arm-none-eabi/lib/thumb/v7e-m/nofp/libg.a(lib_a-malloc.o) (_malloc_r)
/usr/lib/gcc/arm-none-eabi/10.3.1/../../../arm-none-eabi/lib/thumb/v7e-m/nofp/libg.a(lib_a-memset.o)
                              /usr/lib/gcc/arm-none-eabi/10.3.1/../../../arm-none-eabi/lib/thumb/v7e-m/nofp/crt0.o (memset)
/usr/lib/gcc/arm-none-eabi/10.3.1/../../../arm-none-eabi/lib/thumb/v7e-m/nofp/libg.a(lib_a-mlock.o)
                              /usr/lib/gcc/arm-none-eabi/10.3.1/../../../arm-none-eabi/lib/thumb/v7e-m/nofp/libg.a(lib_a-mallocr.o) (__malloc_lock)
/usr/lib/gcc/arm-none-eabi/10.3.1/../../../arm-none-eabi/lib/thumb/v7e-m/nofp/libg.a(lib_a-sbrkr.o)
                              /usr/lib/gcc/arm-none-eabi/10.3.1/../../../arm-none-eabi/lib/thumb/v7e-m/nofp/libg.a(lib_a-mallocr.o) (_sbrk_r)
/usr/lib/gcc/arm-none-eabi/10.3.1/../../../arm-none-eabi/lib/thumb/v7e-m/nofp/libg.a(lib_a-__atexit.o)
                              /usr/lib/gcc/arm-none-eabi/10.3.1/../../../arm-none-eabi/lib/thumb/v7e-m/nofp/libg.a(lib_a-atexit.o) (__register_exitproc)
/usr/lib/gcc/arm-none-eabi/10.3.1/../../../arm-none-eabi/lib/thumb/v7e-m/nofp/libg.a(lib_a-__call_atexit.o)
                              /usr/lib/gcc/arm-none-eabi/10.3.1/../../../arm-none-eabi/lib/thumb/v7e-m/nofp/libg.a(lib_a-exit.o) (__call_exitprocs)
/usr/lib/gcc/arm-none-eabi/10.3.1/../../../arm-none-eabi/lib/thumb/v7e-m/nofp/libg.a(lib_a-freer.o)
                              /usr/lib/gcc/arm-none-eabi/10.3.1/../../../arm-none-eabi/lib/thumb/v7e-m/nofp/libg.a(lib_a-malloc.o) (_free_r)
/usr/lib/gcc/arm-none-eabi/10.3.1/../../../arm-none-eabi/lib/thumb/v7e-m/nofp/libg.a(lib_a-reent.o)
                              /usr/lib/gcc/arm-none-eabi/10.3.1/../../../arm-none-eabi/lib/thumb/v7e-m/nofp/libg.a(lib_a-sbrkr.o) (errno)

Discarded input sections

 .text          0x0000000000000000        0x0 /usr/lib/gcc/arm-none-eabi/10.3.1/thumb/v7e-m/nofp/crti.o
 .data          0x0000000000000000        0x0 /usr/lib/gcc/arm-none-eabi/10.3.1/thumb/v7e-m/nofp/crti.o
 .bss           0x0000000000000000        0x0 /usr/lib/gcc/arm-none-eabi/10.3.1/thumb/v7e-m/nofp/crti.o
 .data          0x0000000000000000        0x4 /usr/lib/gcc/arm-none-eabi/10.3.1/thumb/v7e-m/nofp/crtbegin.o
 .rodata        0x0000000000000000       0x24 /usr/lib/gcc/arm-none-eabi/10.3.1/thumb/v7e-m/nofp/crtbegin.o
 .text          0x0000000000000000       0x70 /usr/lib/gcc/arm-none-eabi/10.3.1/../../../arm-none-eabi/lib/thumb/v7e-m/nofp/crt0.o
 .data          0x0000000000000000        0x0 /usr/lib/gcc/arm-none-eabi/10.3.1/../../../arm-none-eabi/lib/thumb/v7e-m/nofp/crt0.o
 .bss           0x0000000000000000        0x0 /usr/lib/gcc/arm-none-eabi/10.3.1/../../../arm-none-eabi/lib/thumb/v7e-m/nofp/crt0.o
 .ARM.extab     0x0000000000000000        0x0 /usr/lib/gcc/arm-none-eabi/10.3.1/../../../arm-none-eabi/lib/thumb/v7e-m/nofp/crt0.o
 .ARM.exidx     0x0000000000000000       0x10 /usr/lib/gcc/arm-none-eabi/10.3.1/../../../arm-none-eabi/lib/thumb/v7e-m/nofp/crt0.o
 .debug_line    0x0000000000000000       0x87 /usr/lib/gcc/arm-none-eabi/10.3.1/../../../arm-none-eabi/lib/thumb/v7e-m/nofp/crt0.o
[...]
Memory Configuration

Name             Origin             Length             Attributes
RAM              0x0000000020000000 0x0000000000008000 xrw
FLASH            0x0000000008000000 0x0000000000020000 xr
*default*        0x0000000000000000 0xffffffffffffffff

Linker script and memory map

LOAD /usr/lib/gcc/arm-none-eabi/10.3.1/thumb/v7e-m/nofp/crti.o
LOAD /usr/lib/gcc/arm-none-eabi/10.3.1/thumb/v7e-m/nofp/crtbegin.o
LOAD /usr/lib/gcc/arm-none-eabi/10.3.1/../../../arm-none-eabi/lib/thumb/v7e-m/nofp/crt0.o
LOAD CMakeFiles/G431_LCD.elf.dir/Core/Src/gpio.c.obj
LOAD CMakeFiles/G431_LCD.elf.dir/Core/Src/main.c.obj
LOAD CMakeFiles/G431_LCD.elf.dir/Core/Src/spi.c.obj
LOAD CMakeFiles/G431_LCD.elf.dir/Core/Src/stm32g4xx_hal_msp.c.obj
LOAD CMakeFiles/G431_LCD.elf.dir/Core/Src/stm32g4xx_it.c.obj
LOAD CMakeFiles/G431_LCD.elf.dir/Core/Src/syscalls.c.obj
LOAD CMakeFiles/G431_LCD.elf.dir/Core/Src/sysmem.c.obj
LOAD CMakeFiles/G431_LCD.elf.dir/Core/Src/system_stm32g4xx.c.obj
LOAD CMakeFiles/G431_LCD.elf.dir/Core/Startup/startup_stm32g431cbtx.s.obj
LOAD CMakeFiles/G431_LCD.elf.dir/Drivers/STM32G4xx_HAL_Driver/Src/stm32g4xx_hal.c.obj
LOAD CMakeFiles/G431_LCD.elf.dir/Drivers/STM32G4xx_HAL_Driver/Src/stm32g4xx_hal_cortex.c.obj
LOAD CMakeFiles/G431_LCD.elf.dir/Drivers/STM32G4xx_HAL_Driver/Src/stm32g4xx_hal_dma.c.obj
LOAD CMakeFiles/G431_LCD.elf.dir/Drivers/STM32G4xx_HAL_Driver/Src/stm32g4xx_hal_dma_ex.c.obj
LOAD CMakeFiles/G431_LCD.elf.dir/Drivers/STM32G4xx_HAL_Driver/Src/stm32g4xx_hal_exti.c.obj
LOAD CMakeFiles/G431_LCD.elf.dir/Drivers/STM32G4xx_HAL_Driver/Src/stm32g4xx_hal_flash.c.obj
LOAD CMakeFiles/G431_LCD.elf.dir/Drivers/STM32G4xx_HAL_Driver/Src/stm32g4xx_hal_flash_ex.c.obj
LOAD CMakeFiles/G431_LCD.elf.dir/Drivers/STM32G4xx_HAL_Driver/Src/stm32g4xx_hal_flash_ramfunc.c.obj
LOAD CMakeFiles/G431_LCD.elf.dir/Drivers/STM32G4xx_HAL_Driver/Src/stm32g4xx_hal_gpio.c.obj
LOAD CMakeFiles/G431_LCD.elf.dir/Drivers/STM32G4xx_HAL_Driver/Src/stm32g4xx_hal_pwr.c.obj
LOAD CMakeFiles/G431_LCD.elf.dir/Drivers/STM32G4xx_HAL_Driver/Src/stm32g4xx_hal_pwr_ex.c.obj
LOAD CMakeFiles/G431_LCD.elf.dir/Drivers/STM32G4xx_HAL_Driver/Src/stm32g4xx_hal_rcc.c.obj
LOAD CMakeFiles/G431_LCD.elf.dir/Drivers/STM32G4xx_HAL_Driver/Src/stm32g4xx_hal_rcc_ex.c.obj
LOAD CMakeFiles/G431_LCD.elf.dir/Drivers/STM32G4xx_HAL_Driver/Src/stm32g4xx_hal_spi.c.obj
LOAD CMakeFiles/G431_LCD.elf.dir/Drivers/STM32G4xx_HAL_Driver/Src/stm32g4xx_hal_spi_ex.c.obj
LOAD CMakeFiles/G431_LCD.elf.dir/Drivers/STM32G4xx_HAL_Driver/Src/stm32g4xx_hal_tim.c.obj
LOAD CMakeFiles/G431_LCD.elf.dir/Drivers/STM32G4xx_HAL_Driver/Src/stm32g4xx_hal_tim_ex.c.obj
LOAD CMakeFiles/G431_LCD.elf.dir/st7735/fonts.c.obj
LOAD CMakeFiles/G431_LCD.elf.dir/st7735/st7735.c.obj
START GROUP
LOAD /usr/lib/gcc/arm-none-eabi/10.3.1/thumb/v7e-m/nofp/libgcc.a
LOAD /usr/lib/gcc/arm-none-eabi/10.3.1/../../../arm-none-eabi/lib/thumb/v7e-m/nofp/libg.a
LOAD /usr/lib/gcc/arm-none-eabi/10.3.1/../../../arm-none-eabi/lib/thumb/v7e-m/nofp/libc.a
END GROUP
LOAD /usr/lib/gcc/arm-none-eabi/10.3.1/thumb/v7e-m/nofp/crtend.o
LOAD /usr/lib/gcc/arm-none-eabi/10.3.1/thumb/v7e-m/nofp/crtn.o
                0x0000000020008000                _estack = (ORIGIN (RAM) + LENGTH (RAM))
                0x0000000000000200                _Min_Heap_Size = 0x200
                0x0000000000000400                _Min_Stack_Size = 0x400

.isr_vector     0x0000000008000000      0x1d8
                0x0000000008000000                . = ALIGN (0x4)
 *(.isr_vector)
 .isr_vector    0x0000000008000000      0x1d8 CMakeFiles/G431_LCD.elf.dir/Core/Startup/startup_stm32g431cbtx.s.obj
                0x0000000008000000                g_pfnVectors
                0x00000000080001d8                . = ALIGN (0x4)

.text           0x00000000080001d8     0x1b78
                0x00000000080001d8                . = ALIGN (0x4)
 *(.text)
 .text          0x00000000080001d8       0x88 /usr/lib/gcc/arm-none-eabi/10.3.1/thumb/v7e-m/nofp/crtbegin.o
 .text          0x0000000008000260        0xc /usr/lib/gcc/arm-none-eabi/10.3.1/../../../arm-none-eabi/lib/thumb/v7e-m/nofp/libg.a(lib_a-atexit.o)
                0x0000000008000260                atexit
 .text          0x000000000800026c       0x2c /usr/lib/gcc/arm-none-eabi/10.3.1/../../../arm-none-eabi/lib/thumb/v7e-m/nofp/libg.a(lib_a-fini.o)
                0x000000000800026c                __libc_fini_array
 .text          0x0000000008000298       0x48 /usr/lib/gcc/arm-none-eabi/10.3.1/../../../arm-none-eabi/lib/thumb/v7e-m/nofp/libg.a(lib_a-init.o)
                0x0000000008000298                __libc_init_array
 .text          0x00000000080002e0       0xa4 /usr/lib/gcc/arm-none-eabi/10.3.1/../../../arm-none-eabi/lib/thumb/v7e-m/nofp/libg.a(lib_a-memset.o)
                0x00000000080002e0                memset
 .text          0x0000000008000384       0x68 /usr/lib/gcc/arm-none-eabi/10.3.1/../../../arm-none-eabi/lib/thumb/v7e-m/nofp/libg.a(lib_a-__atexit.o)
                0x0000000008000384                __register_exitproc
 *(.text*)
 .text.MX_GPIO_Init
                0x00000000080003ec       0x94 CMakeFiles/G431_LCD.elf.dir/Core/Src/gpio.c.obj
                0x00000000080003ec                MX_GPIO_Init
 .text.Error_Handler
                0x0000000008000480        0x4 CMakeFiles/G431_LCD.elf.dir/Core/Src/main.c.obj
                0x0000000008000480                Error_Handler
 .text.SystemClock_Config
                0x0000000008000484       0x6e CMakeFiles/G431_LCD.elf.dir/Core/Src/main.c.obj
                0x0000000008000484                SystemClock_Config
 *fill*         0x00000000080004f2        0x2 
 .text.main     0x00000000080004f4       0x70 CMakeFiles/G431_LCD.elf.dir/Core/Src/main.c.obj
                0x00000000080004f4                main
 .text.MX_SPI1_Init
                0x0000000008000564       0x4c CMakeFiles/G431_LCD.elf.dir/Core/Src/spi.c.obj
                0x0000000008000564                MX_SPI1_Init
 .text.HAL_SPI_MspInit
                0x00000000080005b0       0x74 CMakeFiles/G431_LCD.elf.dir/Core/Src/spi.c.obj
                0x00000000080005b0                HAL_SPI_MspInit
 .text.HAL_MspInit
                0x0000000008000624       0x38 CMakeFiles/G431_LCD.elf.dir/Core/Src/stm32g4xx_hal_msp.c.obj
                0x0000000008000624                HAL_MspInit
 .text.NMI_Handler
                0x000000000800065c        0x2 CMakeFiles/G431_LCD.elf.dir/Core/Src/stm32g4xx_it.c.obj
                0x000000000800065c                NMI_Handler
 .text.HardFault_Handler
                0x000000000800065e        0x2 CMakeFiles/G431_LCD.elf.dir/Core/Src/stm32g4xx_it.c.obj
                0x000000000800065e                HardFault_Handler
 .text.MemManage_Handler
                0x0000000008000660        0x2 CMakeFiles/G431_LCD.elf.dir/Core/Src/stm32g4xx_it.c.obj
                0x0000000008000660                MemManage_Handler
 .text.BusFault_Handler
                0x0000000008000662        0x2 CMakeFiles/G431_LCD.elf.dir/Core/Src/stm32g4xx_it.c.obj
                0x0000000008000662                BusFault_Handler
 .text.UsageFault_Handler
                0x0000000008000664        0x2 CMakeFiles/G431_LCD.elf.dir/Core/Src/stm32g4xx_it.c.obj
                0x0000000008000664                UsageFault_Handler
 .text.SVC_Handler
                0x0000000008000666        0x2 CMakeFiles/G431_LCD.elf.dir/Core/Src/stm32g4xx_it.c.obj
                0x0000000008000666                SVC_Handler
 .text.DebugMon_Handler
                0x0000000008000668        0x2 CMakeFiles/G431_LCD.elf.dir/Core/Src/stm32g4xx_it.c.obj
                0x0000000008000668                DebugMon_Handler
 .text.PendSV_Handler
                0x000000000800066a        0x2 CMakeFiles/G431_LCD.elf.dir/Core/Src/stm32g4xx_it.c.obj
                0x000000000800066a                PendSV_Handler
 .text.SysTick_Handler
                0x000000000800066c        0x8 CMakeFiles/G431_LCD.elf.dir/Core/Src/stm32g4xx_it.c.obj
                0x000000000800066c                SysTick_Handler
 .text.SPI1_IRQHandler
                0x0000000008000674       0x10 CMakeFiles/G431_LCD.elf.dir/Core/Src/stm32g4xx_it.c.obj
                0x0000000008000674                SPI1_IRQHandler
 .text.SystemInit
                0x0000000008000684        0x2 CMakeFiles/G431_LCD.elf.dir/Core/Src/system_stm32g4xx.c.obj
                0x0000000008000684                SystemInit
 *fill*         0x0000000008000686        0x2 
 .text.Reset_Handler
                0x0000000008000688       0x50 CMakeFiles/G431_LCD.elf.dir/Core/Startup/startup_stm32g431cbtx.s.obj
                0x0000000008000688                Reset_Handler
 .text.Default_Handler
                0x00000000080006d8        0x2 CMakeFiles/G431_LCD.elf.dir/Core/Startup/startup_stm32g431cbtx.s.obj
                0x00000000080006d8                RTC_Alarm_IRQHandler
                0x00000000080006d8                EXTI2_IRQHandler
                0x00000000080006d8                TIM8_TRG_COM_IRQHandler
                0x00000000080006d8                TIM8_CC_IRQHandler
                0x00000000080006d8                TIM1_CC_IRQHandler
                0x00000000080006d8                USB_HP_IRQHandler
                0x00000000080006d8                CORDIC_IRQHandler
                0x00000000080006d8                EXTI3_IRQHandler
                0x00000000080006d8                I2C3_ER_IRQHandler
                0x00000000080006d8                EXTI0_IRQHandler
                0x00000000080006d8                I2C2_EV_IRQHandler
                0x00000000080006d8                FPU_IRQHandler
                0x00000000080006d8                FDCAN1_IT1_IRQHandler
                0x00000000080006d8                TIM1_UP_TIM16_IRQHandler
                0x00000000080006d8                ADC1_2_IRQHandler
                0x00000000080006d8                TIM6_DAC_IRQHandler
                0x00000000080006d8                TIM8_UP_IRQHandler
                0x00000000080006d8                DMA2_Channel2_IRQHandler
                0x00000000080006d8                DMA1_Channel4_IRQHandler
                0x00000000080006d8                USART3_IRQHandler
                0x00000000080006d8                TIM4_IRQHandler
                0x00000000080006d8                DMA2_Channel1_IRQHandler
                0x00000000080006d8                I2C1_EV_IRQHandler
                0x00000000080006d8                DMA1_Channel6_IRQHandler
                0x00000000080006d8                UART4_IRQHandler
                0x00000000080006d8                DMA2_Channel4_IRQHandler
                0x00000000080006d8                TIM3_IRQHandler
                0x00000000080006d8                RCC_IRQHandler
                0x00000000080006d8                DMA1_Channel1_IRQHandler
                0x00000000080006d8                Default_Handler
                0x00000000080006d8                RTC_TAMP_LSECSS_IRQHandler
                0x00000000080006d8                FMAC_IRQHandler
                0x00000000080006d8                EXTI15_10_IRQHandler
                0x00000000080006d8                TIM7_IRQHandler
                0x00000000080006d8                UCPD1_IRQHandler
                0x00000000080006d8                I2C3_EV_IRQHandler
                0x00000000080006d8                EXTI9_5_IRQHandler
                0x00000000080006d8                RTC_WKUP_IRQHandler
                0x00000000080006d8                PVD_PVM_IRQHandler
                0x00000000080006d8                SPI2_IRQHandler
                0x00000000080006d8                DMA2_Channel5_IRQHandler
                0x00000000080006d8                CRS_IRQHandler
                0x00000000080006d8                DMA1_Channel5_IRQHandler
                0x00000000080006d8                USB_LP_IRQHandler
                0x00000000080006d8                EXTI4_IRQHandler
                0x00000000080006d8                RNG_IRQHandler
                0x00000000080006d8                TIM1_TRG_COM_TIM17_IRQHandler
                0x00000000080006d8                DMA1_Channel3_IRQHandler
                0x00000000080006d8                WWDG_IRQHandler
                0x00000000080006d8                LPUART1_IRQHandler
                0x00000000080006d8                DMA2_Channel6_IRQHandler
                0x00000000080006d8                FDCAN1_IT0_IRQHandler
                0x00000000080006d8                TIM2_IRQHandler
                0x00000000080006d8                COMP1_2_3_IRQHandler
                0x00000000080006d8                EXTI1_IRQHandler
                0x00000000080006d8                USART2_IRQHandler
                0x00000000080006d8                I2C2_ER_IRQHandler
                0x00000000080006d8                DMA1_Channel2_IRQHandler
                0x00000000080006d8                TIM8_BRK_IRQHandler
                0x00000000080006d8                FLASH_IRQHandler
                0x00000000080006d8                USART1_IRQHandler
                0x00000000080006d8                SPI3_IRQHandler
                0x00000000080006d8                I2C1_ER_IRQHandler
                0x00000000080006d8                LPTIM1_IRQHandler
                0x00000000080006d8                DMAMUX_OVR_IRQHandler
                0x00000000080006d8                USBWakeUp_IRQHandler
                0x00000000080006d8                SAI1_IRQHandler
                0x00000000080006d8                DMA2_Channel3_IRQHandler
                0x00000000080006d8                COMP4_IRQHandler
                0x00000000080006d8                TIM1_BRK_TIM15_IRQHandler
 *fill*         0x00000000080006da        0x2 
 .text.HAL_InitTick
                0x00000000080006dc       0x50 CMakeFiles/G431_LCD.elf.dir/Drivers/STM32G4xx_HAL_Driver/Src/stm32g4xx_hal.c.obj
                0x00000000080006dc                HAL_InitTick
 .text.HAL_Init
                0x000000000800072c       0x1e CMakeFiles/G431_LCD.elf.dir/Drivers/STM32G4xx_HAL_Driver/Src/stm32g4xx_hal.c.obj
                0x000000000800072c                HAL_Init
 *fill*         0x000000000800074a        0x2 
 .text.HAL_IncTick
                0x000000000800074c       0x18 CMakeFiles/G431_LCD.elf.dir/Drivers/STM32G4xx_HAL_Driver/Src/stm32g4xx_hal.c.obj
                0x000000000800074c                HAL_IncTick
 .text.HAL_GetTick
                0x0000000008000764        0xc CMakeFiles/G431_LCD.elf.dir/Drivers/STM32G4xx_HAL_Driver/Src/stm32g4xx_hal.c.obj
                0x0000000008000764                HAL_GetTick
 .text.HAL_Delay
                0x0000000008000770       0x28 CMakeFiles/G431_LCD.elf.dir/Drivers/STM32G4xx_HAL_Driver/Src/stm32g4xx_hal.c.obj
                0x0000000008000770                HAL_Delay
 .text.HAL_NVIC_SetPriorityGrouping
                0x0000000008000798       0x24 CMakeFiles/G431_LCD.elf.dir/Drivers/STM32G4xx_HAL_Driver/Src/stm32g4xx_hal_cortex.c.obj
                0x0000000008000798                HAL_NVIC_SetPriorityGrouping
 .text.HAL_NVIC_SetPriority
                0x00000000080007bc       0x70 CMakeFiles/G431_LCD.elf.dir/Drivers/STM32G4xx_HAL_Driver/Src/stm32g4xx_hal_cortex.c.obj
                0x00000000080007bc                HAL_NVIC_SetPriority
 .text.HAL_NVIC_EnableIRQ
                0x000000000800082c       0x1c CMakeFiles/G431_LCD.elf.dir/Drivers/STM32G4xx_HAL_Driver/Src/stm32g4xx_hal_cortex.c.obj
                0x000000000800082c                HAL_NVIC_EnableIRQ
 .text.HAL_SYSTICK_Config
                0x0000000008000848       0x28 CMakeFiles/G431_LCD.elf.dir/Drivers/STM32G4xx_HAL_Driver/Src/stm32g4xx_hal_cortex.c.obj
                0x0000000008000848                HAL_SYSTICK_Config
 .text.HAL_DMA_Abort_IT
                0x0000000008000870       0x7e CMakeFiles/G431_LCD.elf.dir/Drivers/STM32G4xx_HAL_Driver/Src/stm32g4xx_hal_dma.c.obj
                0x0000000008000870                HAL_DMA_Abort_IT
 *fill*         0x00000000080008ee        0x2 
 .text.HAL_GPIO_Init
                0x00000000080008f0      0x1dc CMakeFiles/G431_LCD.elf.dir/Drivers/STM32G4xx_HAL_Driver/Src/stm32g4xx_hal_gpio.c.obj
                0x00000000080008f0                HAL_GPIO_Init
 .text.HAL_GPIO_WritePin
                0x0000000008000acc        0xa CMakeFiles/G431_LCD.elf.dir/Drivers/STM32G4xx_HAL_Driver/Src/stm32g4xx_hal_gpio.c.obj
                0x0000000008000acc                HAL_GPIO_WritePin
 *fill*         0x0000000008000ad6        0x2 
 .text.HAL_PWREx_ControlVoltageScaling
                0x0000000008000ad8      0x10c CMakeFiles/G431_LCD.elf.dir/Drivers/STM32G4xx_HAL_Driver/Src/stm32g4xx_hal_pwr_ex.c.obj
                0x0000000008000ad8                HAL_PWREx_ControlVoltageScaling
 .text.HAL_PWREx_DisableUCPDDeadBattery
                0x0000000008000be4       0x10 CMakeFiles/G431_LCD.elf.dir/Drivers/STM32G4xx_HAL_Driver/Src/stm32g4xx_hal_pwr_ex.c.obj
                0x0000000008000be4                HAL_PWREx_DisableUCPDDeadBattery
 .text.RCC_GetSysClockFreqFromPLLSource
                0x0000000008000bf4       0x58 CMakeFiles/G431_LCD.elf.dir/Drivers/STM32G4xx_HAL_Driver/Src/stm32g4xx_hal_rcc.c.obj
 .text.HAL_RCC_OscConfig
                0x0000000008000c4c      0x4e8 CMakeFiles/G431_LCD.elf.dir/Drivers/STM32G4xx_HAL_Driver/Src/stm32g4xx_hal_rcc.c.obj
                0x0000000008000c4c                HAL_RCC_OscConfig
 .text.HAL_RCC_GetSysClockFreq
                0x0000000008001134       0x88 CMakeFiles/G431_LCD.elf.dir/Drivers/STM32G4xx_HAL_Driver/Src/stm32g4xx_hal_rcc.c.obj
                0x0000000008001134                HAL_RCC_GetSysClockFreq
 .text.HAL_RCC_ClockConfig
                0x00000000080011bc      0x1f8 CMakeFiles/G431_LCD.elf.dir/Drivers/STM32G4xx_HAL_Driver/Src/stm32g4xx_hal_rcc.c.obj
                0x00000000080011bc                HAL_RCC_ClockConfig
 .text.SPI_WaitFlagStateUntilTimeout
                0x00000000080013b4       0xd4 CMakeFiles/G431_LCD.elf.dir/Drivers/STM32G4xx_HAL_Driver/Src/stm32g4xx_hal_spi.c.obj
 .text.SPI_WaitFifoStateUntilTimeout
                0x0000000008001488       0xf4 CMakeFiles/G431_LCD.elf.dir/Drivers/STM32G4xx_HAL_Driver/Src/stm32g4xx_hal_spi.c.obj
 .text.SPI_EndRxTxTransaction
                0x000000000800157c       0x62 CMakeFiles/G431_LCD.elf.dir/Drivers/STM32G4xx_HAL_Driver/Src/stm32g4xx_hal_spi.c.obj
 .text.HAL_SPI_Init
                0x00000000080015de       0xe8 CMakeFiles/G431_LCD.elf.dir/Drivers/STM32G4xx_HAL_Driver/Src/stm32g4xx_hal_spi.c.obj
                0x00000000080015de                HAL_SPI_Init
 .text.HAL_SPI_Transmit
                0x00000000080016c6      0x202 CMakeFiles/G431_LCD.elf.dir/Drivers/STM32G4xx_HAL_Driver/Src/stm32g4xx_hal_spi.c.obj
                0x00000000080016c6                HAL_SPI_Transmit
 .text.HAL_SPI_ErrorCallback
                0x00000000080018c8        0x2 CMakeFiles/G431_LCD.elf.dir/Drivers/STM32G4xx_HAL_Driver/Src/stm32g4xx_hal_spi.c.obj
                0x00000000080018c8                HAL_SPI_ErrorCallback
 *fill*         0x00000000080018ca        0x2 
 .text.HAL_SPI_IRQHandler
                0x00000000080018cc      0x124 CMakeFiles/G431_LCD.elf.dir/Drivers/STM32G4xx_HAL_Driver/Src/stm32g4xx_hal_spi.c.obj
                0x00000000080018cc                HAL_SPI_IRQHandler
 .text.SPI_DMAAbortOnError
                0x00000000080019f0       0x12 CMakeFiles/G431_LCD.elf.dir/Drivers/STM32G4xx_HAL_Driver/Src/stm32g4xx_hal_spi.c.obj
 .text.ST7735_Select
                0x0000000008001a02       0x10 CMakeFiles/G431_LCD.elf.dir/st7735/st7735.c.obj
 .text.ST7735_Reset
                0x0000000008001a12       0x22 CMakeFiles/G431_LCD.elf.dir/st7735/st7735.c.obj
 .text.ST7735_WriteCommand
                0x0000000008001a34       0x30 CMakeFiles/G431_LCD.elf.dir/st7735/st7735.c.obj
 .text.ST7735_WriteData
                0x0000000008001a64       0x28 CMakeFiles/G431_LCD.elf.dir/st7735/st7735.c.obj
 .text.ST7735_ExecuteCommandList
                0x0000000008001a8c       0x4c CMakeFiles/G431_LCD.elf.dir/st7735/st7735.c.obj
 .text.ST7735_SetAddressWindow
                0x0000000008001ad8       0x50 CMakeFiles/G431_LCD.elf.dir/st7735/st7735.c.obj
 .text.ST7735_WriteChar
                0x0000000008001b28       0x98 CMakeFiles/G431_LCD.elf.dir/st7735/st7735.c.obj
 .text.ST7735_Unselect
                0x0000000008001bc0       0x10 CMakeFiles/G431_LCD.elf.dir/st7735/st7735.c.obj
                0x0000000008001bc0                ST7735_Unselect
 .text.ST7735_Init
                0x0000000008001bd0       0x30 CMakeFiles/G431_LCD.elf.dir/st7735/st7735.c.obj
                0x0000000008001bd0                ST7735_Init
 .text.ST7735_WriteString
                0x0000000008001c00       0x72 CMakeFiles/G431_LCD.elf.dir/st7735/st7735.c.obj
                0x0000000008001c00                ST7735_WriteString
 *fill*         0x0000000008001c72        0x2 
 .text.ST7735_FillRectangle
                0x0000000008001c74       0x98 CMakeFiles/G431_LCD.elf.dir/st7735/st7735.c.obj
                0x0000000008001c74                ST7735_FillRectangle
 .text.ST7735_FillScreen
                0x0000000008001d0c       0x18 CMakeFiles/G431_LCD.elf.dir/st7735/st7735.c.obj
                0x0000000008001d0c                ST7735_FillScreen
 .text.startup  0x0000000008001d24       0x14 /usr/lib/gcc/arm-none-eabi/10.3.1/../../../arm-none-eabi/lib/thumb/v7e-m/nofp/libg.a(lib_a-__call_atexit.o)
 *(.glue_7)
 .glue_7        0x0000000008001d38        0x0 linker stubs
 *(.glue_7t)
 .glue_7t       0x0000000008001d38        0x0 linker stubs
 *(.eh_frame)
 .eh_frame      0x0000000008001d38        0x0 /usr/lib/gcc/arm-none-eabi/10.3.1/thumb/v7e-m/nofp/crtbegin.o
 *(.init)
 .init          0x0000000008001d38        0x4 /usr/lib/gcc/arm-none-eabi/10.3.1/thumb/v7e-m/nofp/crti.o
                0x0000000008001d38                _init
 .init          0x0000000008001d3c        0x8 /usr/lib/gcc/arm-none-eabi/10.3.1/thumb/v7e-m/nofp/crtn.o
 *(.fini)
 .fini          0x0000000008001d44        0x4 /usr/lib/gcc/arm-none-eabi/10.3.1/thumb/v7e-m/nofp/crti.o
                0x0000000008001d44                _fini
 .fini          0x0000000008001d48        0x8 /usr/lib/gcc/arm-none-eabi/10.3.1/thumb/v7e-m/nofp/crtn.o
                0x0000000008001d50                . = ALIGN (0x4)
                0x0000000008001d50                _etext = .

.vfp11_veneer   0x0000000008001d50        0x0
 .vfp11_veneer  0x0000000008001d50        0x0 linker stubs

.v4_bx          0x0000000008001d50        0x0
 .v4_bx         0x0000000008001d50        0x0 linker stubs

.iplt           0x0000000008001d50        0x0
 .iplt          0x0000000008001d50        0x0 /usr/lib/gcc/arm-none-eabi/10.3.1/thumb/v7e-m/nofp/crtbegin.o

.rodata         0x0000000008001d50      0x800
                0x0000000008001d50                . = ALIGN (0x4)
 *(.rodata)
 .rodata        0x0000000008001d50        0x4 /usr/lib/gcc/arm-none-eabi/10.3.1/../../../arm-none-eabi/lib/thumb/v7e-m/nofp/libg.a(lib_a-impure.o)
                0x0000000008001d50                _global_impure_ptr
 *(.rodata*)
 .rodata.main.str1.4
                0x0000000008001d54        0x5 CMakeFiles/G431_LCD.elf.dir/Core/Src/main.c.obj
 *fill*         0x0000000008001d59        0x3 
 .rodata.AHBPrescTable
                0x0000000008001d5c       0x10 CMakeFiles/G431_LCD.elf.dir/Core/Src/system_stm32g4xx.c.obj
                0x0000000008001d5c                AHBPrescTable
 .rodata.Font7x10
                0x0000000008001d6c      0x76c CMakeFiles/G431_LCD.elf.dir/st7735/fonts.c.obj
 .rodata.init_cmds1
                0x00000000080024d8       0x3b CMakeFiles/G431_LCD.elf.dir/st7735/st7735.c.obj
 *fill*         0x0000000008002513        0x1 
 .rodata.init_cmds2
                0x0000000008002514        0xd CMakeFiles/G431_LCD.elf.dir/st7735/st7735.c.obj
 *fill*         0x0000000008002521        0x3 
 .rodata.init_cmds3
                0x0000000008002524       0x2b CMakeFiles/G431_LCD.elf.dir/st7735/st7735.c.obj
                0x0000000008002550                . = ALIGN (0x4)
 *fill*         0x000000000800254f        0x1 

.rel.dyn        0x0000000008002550        0x0
 .rel.iplt      0x0000000008002550        0x0 /usr/lib/gcc/arm-none-eabi/10.3.1/thumb/v7e-m/nofp/crtbegin.o

.ARM.extab      0x0000000008002550        0x0
                0x0000000008002550                . = ALIGN (0x4)
 *(.ARM.extab* .gnu.linkonce.armextab.*)
                0x0000000008002550                . = ALIGN (0x4)

.ARM            0x0000000008002550        0x0
                0x0000000008002550                . = ALIGN (0x4)
                0x0000000008002550                __exidx_start = .
 *(.ARM.exidx*)
                0x0000000008002550                __exidx_end = .
                0x0000000008002550                . = ALIGN (0x4)

.preinit_array  0x0000000008002550        0x0
                0x0000000008002550                . = ALIGN (0x4)
                0x0000000008002550                PROVIDE (__preinit_array_start = .)
 *(.preinit_array*)
                0x0000000008002550                PROVIDE (__preinit_array_end = .)
                0x0000000008002550                . = ALIGN (0x4)

.init_array     0x0000000008002550        0x8
                0x0000000008002550                . = ALIGN (0x4)
                0x0000000008002550                PROVIDE (__init_array_start = .)
 *(SORT_BY_NAME(.init_array.*))
 .init_array.00000
                0x0000000008002550        0x4 /usr/lib/gcc/arm-none-eabi/10.3.1/../../../arm-none-eabi/lib/thumb/v7e-m/nofp/libg.a(lib_a-__call_atexit.o)
 *(.init_array*)
 .init_array    0x0000000008002554        0x4 /usr/lib/gcc/arm-none-eabi/10.3.1/thumb/v7e-m/nofp/crtbegin.o
                0x0000000008002558                PROVIDE (__init_array_end = .)
                0x0000000008002558                . = ALIGN (0x4)

.fini_array     0x0000000008002558        0x4
                0x0000000008002558                . = ALIGN (0x4)
                0x0000000008002558                PROVIDE (__fini_array_start = .)
 *(SORT_BY_NAME(.fini_array.*))
 *(.fini_array*)
 .fini_array    0x0000000008002558        0x4 /usr/lib/gcc/arm-none-eabi/10.3.1/thumb/v7e-m/nofp/crtbegin.o
                0x000000000800255c                PROVIDE (__fini_array_end = .)
                0x000000000800255c                . = ALIGN (0x4)
                0x000000000800255c                _sidata = LOADADDR (.data)

.data           0x0000000020000000      0x444 load address 0x000000000800255c
                0x0000000020000000                . = ALIGN (0x4)
                0x0000000020000000                _sdata = .
 *(.data)
 .data          0x0000000020000000      0x430 /usr/lib/gcc/arm-none-eabi/10.3.1/../../../arm-none-eabi/lib/thumb/v7e-m/nofp/libg.a(lib_a-impure.o)
                0x0000000020000000                _impure_ptr
 *(.data*)
 .data.SystemCoreClock
                0x0000000020000430        0x4 CMakeFiles/G431_LCD.elf.dir/Core/Src/system_stm32g4xx.c.obj
                0x0000000020000430                SystemCoreClock
 .data.uwTickFreq
                0x0000000020000434        0x4 CMakeFiles/G431_LCD.elf.dir/Drivers/STM32G4xx_HAL_Driver/Src/stm32g4xx_hal.c.obj
                0x0000000020000434                uwTickFreq
 .data.uwTickPrio
                0x0000000020000438        0x4 CMakeFiles/G431_LCD.elf.dir/Drivers/STM32G4xx_HAL_Driver/Src/stm32g4xx_hal.c.obj
                0x0000000020000438                uwTickPrio
 .data.Font_7x10
                0x000000002000043c        0x8 CMakeFiles/G431_LCD.elf.dir/st7735/fonts.c.obj
                0x000000002000043c                Font_7x10
 *(.RamFunc)
 *(.RamFunc*)
                0x0000000020000444                . = ALIGN (0x4)
                0x0000000020000444                _edata = .

.tm_clone_table
                0x0000000020000444        0x0 load address 0x00000000080029a0
 .tm_clone_table
                0x0000000020000444        0x0 /usr/lib/gcc/arm-none-eabi/10.3.1/thumb/v7e-m/nofp/crtbegin.o
 .tm_clone_table
                0x0000000020000444        0x0 /usr/lib/gcc/arm-none-eabi/10.3.1/thumb/v7e-m/nofp/crtend.o

.igot.plt       0x0000000020000444        0x0 load address 0x00000000080029a0
 .igot.plt      0x0000000020000444        0x0 /usr/lib/gcc/arm-none-eabi/10.3.1/thumb/v7e-m/nofp/crtbegin.o
                0x0000000020000444                . = ALIGN (0x4)

.bss            0x0000000020000444       0x84 load address 0x00000000080029a0
                0x0000000020000444                _sbss = .
                0x0000000020000444                __bss_start__ = _sbss
 *(.bss)
 .bss           0x0000000020000444       0x1c /usr/lib/gcc/arm-none-eabi/10.3.1/thumb/v7e-m/nofp/crtbegin.o
 *(.bss*)
 .bss.hspi1     0x0000000020000460       0x64 CMakeFiles/G431_LCD.elf.dir/Core/Src/spi.c.obj
                0x0000000020000460                hspi1
 .bss.uwTick    0x00000000200004c4        0x4 CMakeFiles/G431_LCD.elf.dir/Drivers/STM32G4xx_HAL_Driver/Src/stm32g4xx_hal.c.obj
                0x00000000200004c4                uwTick
 *(COMMON)
                0x00000000200004c8                . = ALIGN (0x4)
                0x00000000200004c8                _ebss = .
                0x00000000200004c8                __bss_end__ = _ebss

._user_heap_stack
                0x00000000200004c8      0x600 load address 0x00000000080029a0
                0x00000000200004c8                . = ALIGN (0x8)
                [!provide]                        PROVIDE (end = .)
                0x00000000200004c8                PROVIDE (_end = .)
                0x00000000200006c8                . = (. + _Min_Heap_Size)
 *fill*         0x00000000200004c8      0x200 
                0x0000000020000ac8                . = (. + _Min_Stack_Size)
 *fill*         0x00000000200006c8      0x400 
                0x0000000020000ac8                . = ALIGN (0x8)

/DISCARD/
 libc.a(*)
 libm.a(*)
 libgcc.a(*)

.ARM.attributes
                0x0000000000000000       0x2a
 *(.ARM.attributes)
 .ARM.attributes
                0x0000000000000000       0x1e /usr/lib/gcc/arm-none-eabi/10.3.1/thumb/v7e-m/nofp/crti.o
 .ARM.attributes
                0x000000000000001e       0x2e /usr/lib/gcc/arm-none-eabi/10.3.1/thumb/v7e-m/nofp/crtbegin.o
 .ARM.attributes
                0x000000000000004c       0x2e CMakeFiles/G431_LCD.elf.dir/Core/Src/gpio.c.obj
 .ARM.attributes
                0x000000000000007a       0x2e CMakeFiles/G431_LCD.elf.dir/Core/Src/main.c.obj
 .ARM.attributes
                0x00000000000000a8       0x2e CMakeFiles/G431_LCD.elf.dir/Core/Src/spi.c.obj
 .ARM.attributes
                0x00000000000000d6       0x2e CMakeFiles/G431_LCD.elf.dir/Core/Src/stm32g4xx_hal_msp.c.obj
 .ARM.attributes
                0x0000000000000104       0x2e CMakeFiles/G431_LCD.elf.dir/Core/Src/stm32g4xx_it.c.obj
 .ARM.attributes
                0x0000000000000132       0x2e CMakeFiles/G431_LCD.elf.dir/Core/Src/system_stm32g4xx.c.obj
 .ARM.attributes
                0x0000000000000160       0x21 CMakeFiles/G431_LCD.elf.dir/Core/Startup/startup_stm32g431cbtx.s.obj
 .ARM.attributes
                0x0000000000000181       0x2e CMakeFiles/G431_LCD.elf.dir/Drivers/STM32G4xx_HAL_Driver/Src/stm32g4xx_hal.c.obj
 .ARM.attributes
                0x00000000000001af       0x2e CMakeFiles/G431_LCD.elf.dir/Drivers/STM32G4xx_HAL_Driver/Src/stm32g4xx_hal_cortex.c.obj
 .ARM.attributes
                0x00000000000001dd       0x2e CMakeFiles/G431_LCD.elf.dir/Drivers/STM32G4xx_HAL_Driver/Src/stm32g4xx_hal_dma.c.obj
 .ARM.attributes
                0x000000000000020b       0x2e CMakeFiles/G431_LCD.elf.dir/Drivers/STM32G4xx_HAL_Driver/Src/stm32g4xx_hal_gpio.c.obj
 .ARM.attributes
                0x0000000000000239       0x2e CMakeFiles/G431_LCD.elf.dir/Drivers/STM32G4xx_HAL_Driver/Src/stm32g4xx_hal_pwr_ex.c.obj
 .ARM.attributes
                0x0000000000000267       0x2e CMakeFiles/G431_LCD.elf.dir/Drivers/STM32G4xx_HAL_Driver/Src/stm32g4xx_hal_rcc.c.obj
 .ARM.attributes
                0x0000000000000295       0x2e CMakeFiles/G431_LCD.elf.dir/Drivers/STM32G4xx_HAL_Driver/Src/stm32g4xx_hal_spi.c.obj
 .ARM.attributes
                0x00000000000002c3       0x33 CMakeFiles/G431_LCD.elf.dir/st7735/fonts.c.obj
 .ARM.attributes
                0x00000000000002f6       0x2e CMakeFiles/G431_LCD.elf.dir/st7735/st7735.c.obj
 .ARM.attributes
                0x0000000000000324       0x2e /usr/lib/gcc/arm-none-eabi/10.3.1/../../../arm-none-eabi/lib/thumb/v7e-m/nofp/libg.a(lib_a-atexit.o)
 .ARM.attributes
                0x0000000000000352       0x2e /usr/lib/gcc/arm-none-eabi/10.3.1/../../../arm-none-eabi/lib/thumb/v7e-m/nofp/libg.a(lib_a-fini.o)
 .ARM.attributes
                0x0000000000000380       0x2e /usr/lib/gcc/arm-none-eabi/10.3.1/../../../arm-none-eabi/lib/thumb/v7e-m/nofp/libg.a(lib_a-impure.o)
 .ARM.attributes
                0x00000000000003ae       0x2e /usr/lib/gcc/arm-none-eabi/10.3.1/../../../arm-none-eabi/lib/thumb/v7e-m/nofp/libg.a(lib_a-init.o)
 .ARM.attributes
                0x00000000000003dc       0x2e /usr/lib/gcc/arm-none-eabi/10.3.1/../../../arm-none-eabi/lib/thumb/v7e-m/nofp/libg.a(lib_a-memset.o)
 .ARM.attributes
                0x000000000000040a       0x2e /usr/lib/gcc/arm-none-eabi/10.3.1/../../../arm-none-eabi/lib/thumb/v7e-m/nofp/libg.a(lib_a-__atexit.o)
 .ARM.attributes
                0x0000000000000438       0x2e /usr/lib/gcc/arm-none-eabi/10.3.1/../../../arm-none-eabi/lib/thumb/v7e-m/nofp/libg.a(lib_a-__call_atexit.o)
 .ARM.attributes
                0x0000000000000466       0x2e /usr/lib/gcc/arm-none-eabi/10.3.1/thumb/v7e-m/nofp/crtend.o
 .ARM.attributes
                0x0000000000000494       0x1e /usr/lib/gcc/arm-none-eabi/10.3.1/thumb/v7e-m/nofp/crtn.o
OUTPUT(G431_LCD.elf elf32-littlearm)
LOAD linker stubs
LOAD /usr/lib/gcc/arm-none-eabi/10.3.1/../../../arm-none-eabi/lib/thumb/v7e-m/nofp/libc.a
LOAD /usr/lib/gcc/arm-none-eabi/10.3.1/../../../arm-none-eabi/lib/thumb/v7e-m/nofp/libm.a
LOAD /usr/lib/gcc/arm-none-eabi/10.3.1/thumb/v7e-m/nofp/libgcc.a

.comment        0x0000000000000000       0x33
 .comment       0x0000000000000000       0x33 /usr/lib/gcc/arm-none-eabi/10.3.1/thumb/v7e-m/nofp/crtbegin.o
                                         0x34 (size before relaxing)
 .comment       0x0000000000000033       0x34 CMakeFiles/G431_LCD.elf.dir/Core/Src/gpio.c.obj
 .comment       0x0000000000000033       0x34 CMakeFiles/G431_LCD.elf.dir/Core/Src/main.c.obj
 .comment       0x0000000000000033       0x34 CMakeFiles/G431_LCD.elf.dir/Core/Src/spi.c.obj
 .comment       0x0000000000000033       0x34 CMakeFiles/G431_LCD.elf.dir/Core/Src/stm32g4xx_hal_msp.c.obj
 .comment       0x0000000000000033       0x34 CMakeFiles/G431_LCD.elf.dir/Core/Src/stm32g4xx_it.c.obj
 .comment       0x0000000000000033       0x34 CMakeFiles/G431_LCD.elf.dir/Core/Src/system_stm32g4xx.c.obj
 .comment       0x0000000000000033       0x34 CMakeFiles/G431_LCD.elf.dir/Drivers/STM32G4xx_HAL_Driver/Src/stm32g4xx_hal.c.obj
 .comment       0x0000000000000033       0x34 CMakeFiles/G431_LCD.elf.dir/Drivers/STM32G4xx_HAL_Driver/Src/stm32g4xx_hal_cortex.c.obj
 .comment       0x0000000000000033       0x34 CMakeFiles/G431_LCD.elf.dir/Drivers/STM32G4xx_HAL_Driver/Src/stm32g4xx_hal_dma.c.obj
 .comment       0x0000000000000033       0x34 CMakeFiles/G431_LCD.elf.dir/Drivers/STM32G4xx_HAL_Driver/Src/stm32g4xx_hal_gpio.c.obj
 .comment       0x0000000000000033       0x34 CMakeFiles/G431_LCD.elf.dir/Drivers/STM32G4xx_HAL_Driver/Src/stm32g4xx_hal_pwr_ex.c.obj
 .comment       0x0000000000000033       0x34 CMakeFiles/G431_LCD.elf.dir/Drivers/STM32G4xx_HAL_Driver/Src/stm32g4xx_hal_rcc.c.obj
 .comment       0x0000000000000033       0x34 CMakeFiles/G431_LCD.elf.dir/Drivers/STM32G4xx_HAL_Driver/Src/stm32g4xx_hal_spi.c.obj
 .comment       0x0000000000000033       0x34 CMakeFiles/G431_LCD.elf.dir/st7735/fonts.c.obj
 .comment       0x0000000000000033       0x34 CMakeFiles/G431_LCD.elf.dir/st7735/st7735.c.obj
 .comment       0x0000000000000033       0x34 /usr/lib/gcc/arm-none-eabi/10.3.1/../../../arm-none-eabi/lib/thumb/v7e-m/nofp/libg.a(lib_a-atexit.o)
 .comment       0x0000000000000033       0x34 /usr/lib/gcc/arm-none-eabi/10.3.1/../../../arm-none-eabi/lib/thumb/v7e-m/nofp/libg.a(lib_a-fini.o)
 .comment       0x0000000000000033       0x34 /usr/lib/gcc/arm-none-eabi/10.3.1/../../../arm-none-eabi/lib/thumb/v7e-m/nofp/libg.a(lib_a-impure.o)
 .comment       0x0000000000000033       0x34 /usr/lib/gcc/arm-none-eabi/10.3.1/../../../arm-none-eabi/lib/thumb/v7e-m/nofp/libg.a(lib_a-init.o)
 .comment       0x0000000000000033       0x34 /usr/lib/gcc/arm-none-eabi/10.3.1/../../../arm-none-eabi/lib/thumb/v7e-m/nofp/libg.a(lib_a-memset.o)
 .comment       0x0000000000000033       0x34 /usr/lib/gcc/arm-none-eabi/10.3.1/../../../arm-none-eabi/lib/thumb/v7e-m/nofp/libg.a(lib_a-__atexit.o)
 .comment       0x0000000000000033       0x34 /usr/lib/gcc/arm-none-eabi/10.3.1/../../../arm-none-eabi/lib/thumb/v7e-m/nofp/libg.a(lib_a-__call_atexit.o)
 .comment       0x0000000000000033       0x34 /usr/lib/gcc/arm-none-eabi/10.3.1/thumb/v7e-m/nofp/crtend.o

.debug_info     0x0000000000000000     0xc64f
 .debug_info    0x0000000000000000      0x50a CMakeFiles/G431_LCD.elf.dir/Core/Src/gpio.c.obj
 .debug_info    0x000000000000050a      0x4c3 CMakeFiles/G431_LCD.elf.dir/Core/Src/main.c.obj
 .debug_info    0x00000000000009cd      0xdd8 CMakeFiles/G431_LCD.elf.dir/Core/Src/spi.c.obj
 .debug_info    0x00000000000017a5      0x332 CMakeFiles/G431_LCD.elf.dir/Core/Src/stm32g4xx_hal_msp.c.obj
 .debug_info    0x0000000000001ad7      0x7a3 CMakeFiles/G431_LCD.elf.dir/Core/Src/stm32g4xx_it.c.obj
 .debug_info    0x000000000000227a      0x3e1 CMakeFiles/G431_LCD.elf.dir/Core/Src/system_stm32g4xx.c.obj
 .debug_info    0x000000000000265b       0x30 CMakeFiles/G431_LCD.elf.dir/Core/Startup/startup_stm32g431cbtx.s.obj
 .debug_info    0x000000000000268b      0xb67 CMakeFiles/G431_LCD.elf.dir/Drivers/STM32G4xx_HAL_Driver/Src/stm32g4xx_hal.c.obj
 .debug_info    0x00000000000031f2     0x101d CMakeFiles/G431_LCD.elf.dir/Drivers/STM32G4xx_HAL_Driver/Src/stm32g4xx_hal_cortex.c.obj
 .debug_info    0x000000000000420f      0xa4a CMakeFiles/G431_LCD.elf.dir/Drivers/STM32G4xx_HAL_Driver/Src/stm32g4xx_hal_dma.c.obj
 .debug_info    0x0000000000004c59      0x84d CMakeFiles/G431_LCD.elf.dir/Drivers/STM32G4xx_HAL_Driver/Src/stm32g4xx_hal_gpio.c.obj
 .debug_info    0x00000000000054a6      0x9ef CMakeFiles/G431_LCD.elf.dir/Drivers/STM32G4xx_HAL_Driver/Src/stm32g4xx_hal_pwr_ex.c.obj
 .debug_info    0x0000000000005e95      0xe7e CMakeFiles/G431_LCD.elf.dir/Drivers/STM32G4xx_HAL_Driver/Src/stm32g4xx_hal_rcc.c.obj
 .debug_info    0x0000000000006d13     0x2263 CMakeFiles/G431_LCD.elf.dir/Drivers/STM32G4xx_HAL_Driver/Src/stm32g4xx_hal_spi.c.obj
 .debug_info    0x0000000000008f76      0x192 CMakeFiles/G431_LCD.elf.dir/st7735/fonts.c.obj
 .debug_info    0x0000000000009108     0x13dd CMakeFiles/G431_LCD.elf.dir/st7735/st7735.c.obj
 .debug_info    0x000000000000a4e5      0x100 /usr/lib/gcc/arm-none-eabi/10.3.1/../../../arm-none-eabi/lib/thumb/v7e-m/nofp/libg.a(lib_a-atexit.o)
 .debug_info    0x000000000000a5e5      0x102 /usr/lib/gcc/arm-none-eabi/10.3.1/../../../arm-none-eabi/lib/thumb/v7e-m/nofp/libg.a(lib_a-fini.o)
 .debug_info    0x000000000000a6e7      0x92a /usr/lib/gcc/arm-none-eabi/10.3.1/../../../arm-none-eabi/lib/thumb/v7e-m/nofp/libg.a(lib_a-impure.o)
 .debug_info    0x000000000000b011      0x11a /usr/lib/gcc/arm-none-eabi/10.3.1/../../../arm-none-eabi/lib/thumb/v7e-m/nofp/libg.a(lib_a-init.o)
 .debug_info    0x000000000000b12b      0x137 /usr/lib/gcc/arm-none-eabi/10.3.1/../../../arm-none-eabi/lib/thumb/v7e-m/nofp/libg.a(lib_a-memset.o)
 .debug_info    0x000000000000b262      0x9b0 /usr/lib/gcc/arm-none-eabi/10.3.1/../../../arm-none-eabi/lib/thumb/v7e-m/nofp/libg.a(lib_a-__atexit.o)
 .debug_info    0x000000000000bc12      0xa3d /usr/lib/gcc/arm-none-eabi/10.3.1/../../../arm-none-eabi/lib/thumb/v7e-m/nofp/libg.a(lib_a-__call_atexit.o)

.debug_abbrev   0x0000000000000000     0x25e2
 .debug_abbrev  0x0000000000000000      0x14e CMakeFiles/G431_LCD.elf.dir/Core/Src/gpio.c.obj
 .debug_abbrev  0x000000000000014e      0x181 CMakeFiles/G431_LCD.elf.dir/Core/Src/main.c.obj
 .debug_abbrev  0x00000000000002cf      0x1dc CMakeFiles/G431_LCD.elf.dir/Core/Src/spi.c.obj
 .debug_abbrev  0x00000000000004ab       0xd6 CMakeFiles/G431_LCD.elf.dir/Core/Src/stm32g4xx_hal_msp.c.obj
 .debug_abbrev  0x0000000000000581      0x165 CMakeFiles/G431_LCD.elf.dir/Core/Src/stm32g4xx_it.c.obj
 .debug_abbrev  0x00000000000006e6      0x119 CMakeFiles/G431_LCD.elf.dir/Core/Src/system_stm32g4xx.c.obj
 .debug_abbrev  0x00000000000007ff       0x1d CMakeFiles/G431_LCD.elf.dir/Core/Startup/startup_stm32g431cbtx.s.obj
 .debug_abbrev  0x000000000000081c      0x23e CMakeFiles/G431_LCD.elf.dir/Drivers/STM32G4xx_HAL_Driver/Src/stm32g4xx_hal.c.obj
 .debug_abbrev  0x0000000000000a5a      0x361 CMakeFiles/G431_LCD.elf.dir/Drivers/STM32G4xx_HAL_Driver/Src/stm32g4xx_hal_cortex.c.obj
 .debug_abbrev  0x0000000000000dbb      0x216 CMakeFiles/G431_LCD.elf.dir/Drivers/STM32G4xx_HAL_Driver/Src/stm32g4xx_hal_dma.c.obj
 .debug_abbrev  0x0000000000000fd1      0x1e6 CMakeFiles/G431_LCD.elf.dir/Drivers/STM32G4xx_HAL_Driver/Src/stm32g4xx_hal_gpio.c.obj
 .debug_abbrev  0x00000000000011b7      0x245 CMakeFiles/G431_LCD.elf.dir/Drivers/STM32G4xx_HAL_Driver/Src/stm32g4xx_hal_pwr_ex.c.obj
 .debug_abbrev  0x00000000000013fc      0x26f CMakeFiles/G431_LCD.elf.dir/Drivers/STM32G4xx_HAL_Driver/Src/stm32g4xx_hal_rcc.c.obj
 .debug_abbrev  0x000000000000166b      0x24a CMakeFiles/G431_LCD.elf.dir/Drivers/STM32G4xx_HAL_Driver/Src/stm32g4xx_hal_spi.c.obj
 .debug_abbrev  0x00000000000018b5       0xaa CMakeFiles/G431_LCD.elf.dir/st7735/fonts.c.obj
 .debug_abbrev  0x000000000000195f      0x2d4 CMakeFiles/G431_LCD.elf.dir/st7735/st7735.c.obj
 .debug_abbrev  0x0000000000001c33       0xb7 /usr/lib/gcc/arm-none-eabi/10.3.1/../../../arm-none-eabi/lib/thumb/v7e-m/nofp/libg.a(lib_a-atexit.o)
 .debug_abbrev  0x0000000000001cea       0xcf /usr/lib/gcc/arm-none-eabi/10.3.1/../../../arm-none-eabi/lib/thumb/v7e-m/nofp/libg.a(lib_a-fini.o)
 .debug_abbrev  0x0000000000001db9      0x1b8 /usr/lib/gcc/arm-none-eabi/10.3.1/../../../arm-none-eabi/lib/thumb/v7e-m/nofp/libg.a(lib_a-impure.o)
 .debug_abbrev  0x0000000000001f71       0xcc /usr/lib/gcc/arm-none-eabi/10.3.1/../../../arm-none-eabi/lib/thumb/v7e-m/nofp/libg.a(lib_a-init.o)
 .debug_abbrev  0x000000000000203d       0xb4 /usr/lib/gcc/arm-none-eabi/10.3.1/../../../arm-none-eabi/lib/thumb/v7e-m/nofp/libg.a(lib_a-memset.o)
 .debug_abbrev  0x00000000000020f1      0x23f /usr/lib/gcc/arm-none-eabi/10.3.1/../../../arm-none-eabi/lib/thumb/v7e-m/nofp/libg.a(lib_a-__atexit.o)
 .debug_abbrev  0x0000000000002330      0x2b2 /usr/lib/gcc/arm-none-eabi/10.3.1/../../../arm-none-eabi/lib/thumb/v7e-m/nofp/libg.a(lib_a-__call_atexit.o)

.debug_aranges  0x0000000000000000      0x968
 .debug_aranges
                0x0000000000000000       0x20 CMakeFiles/G431_LCD.elf.dir/Core/Src/gpio.c.obj
 .debug_aranges
                0x0000000000000020       0x30 CMakeFiles/G431_LCD.elf.dir/Core/Src/main.c.obj
 .debug_aranges
                0x0000000000000050       0x30 CMakeFiles/G431_LCD.elf.dir/Core/Src/spi.c.obj
 .debug_aranges
                0x0000000000000080       0x20 CMakeFiles/G431_LCD.elf.dir/Core/Src/stm32g4xx_hal_msp.c.obj
 .debug_aranges
                0x00000000000000a0       0x68 CMakeFiles/G431_LCD.elf.dir/Core/Src/stm32g4xx_it.c.obj
 .debug_aranges
                0x0000000000000108       0x28 CMakeFiles/G431_LCD.elf.dir/Core/Src/system_stm32g4xx.c.obj
 .debug_aranges
                0x0000000000000130       0x28 CMakeFiles/G431_LCD.elf.dir/Core/Startup/startup_stm32g431cbtx.s.obj
 .debug_aranges
                0x0000000000000158      0x130 CMakeFiles/G431_LCD.elf.dir/Drivers/STM32G4xx_HAL_Driver/Src/stm32g4xx_hal.c.obj
 .debug_aranges
                0x0000000000000288       0xa8 CMakeFiles/G431_LCD.elf.dir/Drivers/STM32G4xx_HAL_Driver/Src/stm32g4xx_hal_cortex.c.obj
 .debug_aranges
                0x0000000000000330       0x90 CMakeFiles/G431_LCD.elf.dir/Drivers/STM32G4xx_HAL_Driver/Src/stm32g4xx_hal_dma.c.obj
 .debug_aranges
                0x00000000000003c0       0x58 CMakeFiles/G431_LCD.elf.dir/Drivers/STM32G4xx_HAL_Driver/Src/stm32g4xx_hal_gpio.c.obj
 .debug_aranges
                0x0000000000000418      0x140 CMakeFiles/G431_LCD.elf.dir/Drivers/STM32G4xx_HAL_Driver/Src/stm32g4xx_hal_pwr_ex.c.obj
 .debug_aranges
                0x0000000000000558       0x98 CMakeFiles/G431_LCD.elf.dir/Drivers/STM32G4xx_HAL_Driver/Src/stm32g4xx_hal_rcc.c.obj
 .debug_aranges
                0x00000000000005f0      0x1d8 CMakeFiles/G431_LCD.elf.dir/Drivers/STM32G4xx_HAL_Driver/Src/stm32g4xx_hal_spi.c.obj
 .debug_aranges
                0x00000000000007c8       0x18 CMakeFiles/G431_LCD.elf.dir/st7735/fonts.c.obj
 .debug_aranges
                0x00000000000007e0       0xa8 CMakeFiles/G431_LCD.elf.dir/st7735/st7735.c.obj
 .debug_aranges
                0x0000000000000888       0x20 /usr/lib/gcc/arm-none-eabi/10.3.1/../../../arm-none-eabi/lib/thumb/v7e-m/nofp/libg.a(lib_a-atexit.o)
 .debug_aranges
                0x00000000000008a8       0x20 /usr/lib/gcc/arm-none-eabi/10.3.1/../../../arm-none-eabi/lib/thumb/v7e-m/nofp/libg.a(lib_a-fini.o)
 .debug_aranges
                0x00000000000008c8       0x18 /usr/lib/gcc/arm-none-eabi/10.3.1/../../../arm-none-eabi/lib/thumb/v7e-m/nofp/libg.a(lib_a-impure.o)
 .debug_aranges
                0x00000000000008e0       0x20 /usr/lib/gcc/arm-none-eabi/10.3.1/../../../arm-none-eabi/lib/thumb/v7e-m/nofp/libg.a(lib_a-init.o)
 .debug_aranges
                0x0000000000000900       0x20 /usr/lib/gcc/arm-none-eabi/10.3.1/../../../arm-none-eabi/lib/thumb/v7e-m/nofp/libg.a(lib_a-memset.o)
 .debug_aranges
                0x0000000000000920       0x20 /usr/lib/gcc/arm-none-eabi/10.3.1/../../../arm-none-eabi/lib/thumb/v7e-m/nofp/libg.a(lib_a-__atexit.o)
 .debug_aranges
                0x0000000000000940       0x28 /usr/lib/gcc/arm-none-eabi/10.3.1/../../../arm-none-eabi/lib/thumb/v7e-m/nofp/libg.a(lib_a-__call_atexit.o)

.debug_ranges   0x0000000000000000      0x868
 .debug_ranges  0x0000000000000000       0x10 CMakeFiles/G431_LCD.elf.dir/Core/Src/gpio.c.obj
 .debug_ranges  0x0000000000000010       0x20 CMakeFiles/G431_LCD.elf.dir/Core/Src/main.c.obj
 .debug_ranges  0x0000000000000030       0x20 CMakeFiles/G431_LCD.elf.dir/Core/Src/spi.c.obj
 .debug_ranges  0x0000000000000050       0x10 CMakeFiles/G431_LCD.elf.dir/Core/Src/stm32g4xx_hal_msp.c.obj
 .debug_ranges  0x0000000000000060       0x58 CMakeFiles/G431_LCD.elf.dir/Core/Src/stm32g4xx_it.c.obj
 .debug_ranges  0x00000000000000b8       0x18 CMakeFiles/G431_LCD.elf.dir/Core/Src/system_stm32g4xx.c.obj
 .debug_ranges  0x00000000000000d0       0x20 CMakeFiles/G431_LCD.elf.dir/Core/Startup/startup_stm32g431cbtx.s.obj
 .debug_ranges  0x00000000000000f0      0x120 CMakeFiles/G431_LCD.elf.dir/Drivers/STM32G4xx_HAL_Driver/Src/stm32g4xx_hal.c.obj
 .debug_ranges  0x0000000000000210       0xf8 CMakeFiles/G431_LCD.elf.dir/Drivers/STM32G4xx_HAL_Driver/Src/stm32g4xx_hal_cortex.c.obj
 .debug_ranges  0x0000000000000308       0x80 CMakeFiles/G431_LCD.elf.dir/Drivers/STM32G4xx_HAL_Driver/Src/stm32g4xx_hal_dma.c.obj
 .debug_ranges  0x0000000000000388       0x48 CMakeFiles/G431_LCD.elf.dir/Drivers/STM32G4xx_HAL_Driver/Src/stm32g4xx_hal_gpio.c.obj
 .debug_ranges  0x00000000000003d0      0x130 CMakeFiles/G431_LCD.elf.dir/Drivers/STM32G4xx_HAL_Driver/Src/stm32g4xx_hal_pwr_ex.c.obj
 .debug_ranges  0x0000000000000500       0xa0 CMakeFiles/G431_LCD.elf.dir/Drivers/STM32G4xx_HAL_Driver/Src/stm32g4xx_hal_rcc.c.obj
 .debug_ranges  0x00000000000005a0      0x1c8 CMakeFiles/G431_LCD.elf.dir/Drivers/STM32G4xx_HAL_Driver/Src/stm32g4xx_hal_spi.c.obj
 .debug_ranges  0x0000000000000768       0xb0 CMakeFiles/G431_LCD.elf.dir/st7735/st7735.c.obj
 .debug_ranges  0x0000000000000818       0x50 /usr/lib/gcc/arm-none-eabi/10.3.1/../../../arm-none-eabi/lib/thumb/v7e-m/nofp/libg.a(lib_a-__call_atexit.o)

.debug_line     0x0000000000000000     0x7f8e
 .debug_line    0x0000000000000000      0x197 CMakeFiles/G431_LCD.elf.dir/Core/Src/gpio.c.obj
 .debug_line    0x0000000000000197      0x2fc CMakeFiles/G431_LCD.elf.dir/Core/Src/main.c.obj
 .debug_line    0x0000000000000493      0x2e2 CMakeFiles/G431_LCD.elf.dir/Core/Src/spi.c.obj
 .debug_line    0x0000000000000775      0x155 CMakeFiles/G431_LCD.elf.dir/Core/Src/stm32g4xx_hal_msp.c.obj
 .debug_line    0x00000000000008ca      0x28e CMakeFiles/G431_LCD.elf.dir/Core/Src/stm32g4xx_it.c.obj
 .debug_line    0x0000000000000b58      0x1b9 CMakeFiles/G431_LCD.elf.dir/Core/Src/system_stm32g4xx.c.obj
 .debug_line    0x0000000000000d11       0x9e CMakeFiles/G431_LCD.elf.dir/Core/Startup/startup_stm32g431cbtx.s.obj
 .debug_line    0x0000000000000daf      0x655 CMakeFiles/G431_LCD.elf.dir/Drivers/STM32G4xx_HAL_Driver/Src/stm32g4xx_hal.c.obj
 .debug_line    0x0000000000001404      0x735 CMakeFiles/G431_LCD.elf.dir/Drivers/STM32G4xx_HAL_Driver/Src/stm32g4xx_hal_cortex.c.obj
 .debug_line    0x0000000000001b39      0xbff CMakeFiles/G431_LCD.elf.dir/Drivers/STM32G4xx_HAL_Driver/Src/stm32g4xx_hal_dma.c.obj
 .debug_line    0x0000000000002738      0x63d CMakeFiles/G431_LCD.elf.dir/Drivers/STM32G4xx_HAL_Driver/Src/stm32g4xx_hal_gpio.c.obj
 .debug_line    0x0000000000002d75      0xa3f CMakeFiles/G431_LCD.elf.dir/Drivers/STM32G4xx_HAL_Driver/Src/stm32g4xx_hal_pwr_ex.c.obj
 .debug_line    0x00000000000037b4      0xd9e CMakeFiles/G431_LCD.elf.dir/Drivers/STM32G4xx_HAL_Driver/Src/stm32g4xx_hal_rcc.c.obj
 .debug_line    0x0000000000004552     0x28af CMakeFiles/G431_LCD.elf.dir/Drivers/STM32G4xx_HAL_Driver/Src/stm32g4xx_hal_spi.c.obj
 .debug_line    0x0000000000006e01       0x88 CMakeFiles/G431_LCD.elf.dir/st7735/fonts.c.obj
 .debug_line    0x0000000000006e89      0x74b CMakeFiles/G431_LCD.elf.dir/st7735/st7735.c.obj
 .debug_line    0x00000000000075d4       0xc0 /usr/lib/gcc/arm-none-eabi/10.3.1/../../../arm-none-eabi/lib/thumb/v7e-m/nofp/libg.a(lib_a-atexit.o)
 .debug_line    0x0000000000007694       0xed /usr/lib/gcc/arm-none-eabi/10.3.1/../../../arm-none-eabi/lib/thumb/v7e-m/nofp/libg.a(lib_a-fini.o)
 .debug_line    0x0000000000007781       0xe4 /usr/lib/gcc/arm-none-eabi/10.3.1/../../../arm-none-eabi/lib/thumb/v7e-m/nofp/libg.a(lib_a-impure.o)
 .debug_line    0x0000000000007865      0x138 /usr/lib/gcc/arm-none-eabi/10.3.1/../../../arm-none-eabi/lib/thumb/v7e-m/nofp/libg.a(lib_a-init.o)
 .debug_line    0x000000000000799d      0x1bf /usr/lib/gcc/arm-none-eabi/10.3.1/../../../arm-none-eabi/lib/thumb/v7e-m/nofp/libg.a(lib_a-memset.o)
 .debug_line    0x0000000000007b5c      0x19e /usr/lib/gcc/arm-none-eabi/10.3.1/../../../arm-none-eabi/lib/thumb/v7e-m/nofp/libg.a(lib_a-__atexit.o)
 .debug_line    0x0000000000007cfa      0x294 /usr/lib/gcc/arm-none-eabi/10.3.1/../../../arm-none-eabi/lib/thumb/v7e-m/nofp/libg.a(lib_a-__call_atexit.o)

.debug_str      0x0000000000000000     0x3639
 .debug_str     0x0000000000000000      0x38a CMakeFiles/G431_LCD.elf.dir/Core/Src/gpio.c.obj
                                        0x3c8 (size before relaxing)
 .debug_str     0x000000000000038a      0x265 CMakeFiles/G431_LCD.elf.dir/Core/Src/main.c.obj
                                        0x419 (size before relaxing)
 .debug_str     0x00000000000005ef      0x983 CMakeFiles/G431_LCD.elf.dir/Core/Src/spi.c.obj
                                        0xd81 (size before relaxing)
 .debug_str     0x0000000000000f72       0x62 CMakeFiles/G431_LCD.elf.dir/Core/Src/stm32g4xx_hal_msp.c.obj
                                        0x343 (size before relaxing)
 .debug_str     0x0000000000000fd4       0xef CMakeFiles/G431_LCD.elf.dir/Core/Src/stm32g4xx_it.c.obj
                                        0x75f (size before relaxing)
 .debug_str     0x00000000000010c3       0x9c CMakeFiles/G431_LCD.elf.dir/Core/Src/system_stm32g4xx.c.obj
                                        0x37e (size before relaxing)
 .debug_str     0x000000000000115f       0x57 CMakeFiles/G431_LCD.elf.dir/Core/Startup/startup_stm32g431cbtx.s.obj
                                         0x81 (size before relaxing)
 .debug_str     0x00000000000011b6      0x47b CMakeFiles/G431_LCD.elf.dir/Drivers/STM32G4xx_HAL_Driver/Src/stm32g4xx_hal.c.obj
                                        0xc50 (size before relaxing)
 .debug_str     0x0000000000001631      0x486 CMakeFiles/G431_LCD.elf.dir/Drivers/STM32G4xx_HAL_Driver/Src/stm32g4xx_hal_cortex.c.obj
                                        0xb8b (size before relaxing)
 .debug_str     0x0000000000001ab7      0x2f7 CMakeFiles/G431_LCD.elf.dir/Drivers/STM32G4xx_HAL_Driver/Src/stm32g4xx_hal_dma.c.obj
                                        0x7b6 (size before relaxing)
 .debug_str     0x0000000000001dae      0x134 CMakeFiles/G431_LCD.elf.dir/Drivers/STM32G4xx_HAL_Driver/Src/stm32g4xx_hal_gpio.c.obj
                                        0x54a (size before relaxing)
 .debug_str     0x0000000000001ee2      0x500 CMakeFiles/G431_LCD.elf.dir/Drivers/STM32G4xx_HAL_Driver/Src/stm32g4xx_hal_pwr_ex.c.obj
                                        0x7ed (size before relaxing)
 .debug_str     0x00000000000023e2      0x278 CMakeFiles/G431_LCD.elf.dir/Drivers/STM32G4xx_HAL_Driver/Src/stm32g4xx_hal_rcc.c.obj
                                        0x83a (size before relaxing)
 .debug_str     0x000000000000265a      0x57b CMakeFiles/G431_LCD.elf.dir/Drivers/STM32G4xx_HAL_Driver/Src/stm32g4xx_hal_spi.c.obj
                                        0xce6 (size before relaxing)
 .debug_str     0x0000000000002bd5       0x5a CMakeFiles/G431_LCD.elf.dir/st7735/fonts.c.obj
                                        0x202 (size before relaxing)
 .debug_str     0x0000000000002c2f      0x1c0 CMakeFiles/G431_LCD.elf.dir/st7735/st7735.c.obj
                                        0x90d (size before relaxing)
 .debug_str     0x0000000000002def      0x142 /usr/lib/gcc/arm-none-eabi/10.3.1/../../../arm-none-eabi/lib/thumb/v7e-m/nofp/libg.a(lib_a-atexit.o)
                                        0x1de (size before relaxing)
 .debug_str     0x0000000000002f31       0xbe /usr/lib/gcc/arm-none-eabi/10.3.1/../../../arm-none-eabi/lib/thumb/v7e-m/nofp/libg.a(lib_a-fini.o)
                                        0x1d6 (size before relaxing)
 .debug_str     0x0000000000002fef      0x44a /usr/lib/gcc/arm-none-eabi/10.3.1/../../../arm-none-eabi/lib/thumb/v7e-m/nofp/libg.a(lib_a-impure.o)
                                        0x57c (size before relaxing)
 .debug_str     0x0000000000003439       0x96 /usr/lib/gcc/arm-none-eabi/10.3.1/../../../arm-none-eabi/lib/thumb/v7e-m/nofp/libg.a(lib_a-init.o)
                                        0x200 (size before relaxing)
 .debug_str     0x00000000000034cf       0xa2 /usr/lib/gcc/arm-none-eabi/10.3.1/../../../arm-none-eabi/lib/thumb/v7e-m/nofp/libg.a(lib_a-memset.o)
                                        0x1b5 (size before relaxing)
 .debug_str     0x0000000000003571       0x3b /usr/lib/gcc/arm-none-eabi/10.3.1/../../../arm-none-eabi/lib/thumb/v7e-m/nofp/libg.a(lib_a-__atexit.o)
                                        0x5b6 (size before relaxing)
 .debug_str     0x00000000000035ac       0x8d /usr/lib/gcc/arm-none-eabi/10.3.1/../../../arm-none-eabi/lib/thumb/v7e-m/nofp/libg.a(lib_a-__call_atexit.o)
                                        0x5e2 (size before relaxing)

.debug_frame    0x0000000000000000     0x157c
 .debug_frame   0x0000000000000000       0x34 CMakeFiles/G431_LCD.elf.dir/Core/Src/gpio.c.obj
 .debug_frame   0x0000000000000034       0x58 CMakeFiles/G431_LCD.elf.dir/Core/Src/main.c.obj
 .debug_frame   0x000000000000008c       0x60 CMakeFiles/G431_LCD.elf.dir/Core/Src/spi.c.obj
 .debug_frame   0x00000000000000ec       0x2c CMakeFiles/G431_LCD.elf.dir/Core/Src/stm32g4xx_hal_msp.c.obj
 .debug_frame   0x0000000000000118       0xc0 CMakeFiles/G431_LCD.elf.dir/Core/Src/stm32g4xx_it.c.obj
 .debug_frame   0x00000000000001d8       0x30 CMakeFiles/G431_LCD.elf.dir/Core/Src/system_stm32g4xx.c.obj
 .debug_frame   0x0000000000000208      0x274 CMakeFiles/G431_LCD.elf.dir/Drivers/STM32G4xx_HAL_Driver/Src/stm32g4xx_hal.c.obj
 .debug_frame   0x000000000000047c      0x148 CMakeFiles/G431_LCD.elf.dir/Drivers/STM32G4xx_HAL_Driver/Src/stm32g4xx_hal_cortex.c.obj
 .debug_frame   0x00000000000005c4      0x16c CMakeFiles/G431_LCD.elf.dir/Drivers/STM32G4xx_HAL_Driver/Src/stm32g4xx_hal_dma.c.obj
 .debug_frame   0x0000000000000730       0xd0 CMakeFiles/G431_LCD.elf.dir/Drivers/STM32G4xx_HAL_Driver/Src/stm32g4xx_hal_gpio.c.obj
 .debug_frame   0x0000000000000800      0x268 CMakeFiles/G431_LCD.elf.dir/Drivers/STM32G4xx_HAL_Driver/Src/stm32g4xx_hal_pwr_ex.c.obj
 .debug_frame   0x0000000000000a68      0x198 CMakeFiles/G431_LCD.elf.dir/Drivers/STM32G4xx_HAL_Driver/Src/stm32g4xx_hal_rcc.c.obj
 .debug_frame   0x0000000000000c00      0x5d8 CMakeFiles/G431_LCD.elf.dir/Drivers/STM32G4xx_HAL_Driver/Src/stm32g4xx_hal_spi.c.obj
 .debug_frame   0x00000000000011d8      0x274 CMakeFiles/G431_LCD.elf.dir/st7735/st7735.c.obj
 .debug_frame   0x000000000000144c       0x20 /usr/lib/gcc/arm-none-eabi/10.3.1/../../../arm-none-eabi/lib/thumb/v7e-m/nofp/libg.a(lib_a-atexit.o)
 .debug_frame   0x000000000000146c       0x34 /usr/lib/gcc/arm-none-eabi/10.3.1/../../../arm-none-eabi/lib/thumb/v7e-m/nofp/libg.a(lib_a-fini.o)
 .debug_frame   0x00000000000014a0       0x2c /usr/lib/gcc/arm-none-eabi/10.3.1/../../../arm-none-eabi/lib/thumb/v7e-m/nofp/libg.a(lib_a-init.o)
 .debug_frame   0x00000000000014cc       0x2c /usr/lib/gcc/arm-none-eabi/10.3.1/../../../arm-none-eabi/lib/thumb/v7e-m/nofp/libg.a(lib_a-memset.o)
 .debug_frame   0x00000000000014f8       0x34 /usr/lib/gcc/arm-none-eabi/10.3.1/../../../arm-none-eabi/lib/thumb/v7e-m/nofp/libg.a(lib_a-__atexit.o)
 .debug_frame   0x000000000000152c       0x50 /usr/lib/gcc/arm-none-eabi/10.3.1/../../../arm-none-eabi/lib/thumb/v7e-m/nofp/libg.a(lib_a-__call_atexit.o)

.debug_loc      0x0000000000000000     0x5867
 .debug_loc     0x0000000000000000       0x84 CMakeFiles/G431_LCD.elf.dir/Core/Src/spi.c.obj
 .debug_loc     0x0000000000000084       0x9d CMakeFiles/G431_LCD.elf.dir/Core/Src/system_stm32g4xx.c.obj
 .debug_loc     0x0000000000000121      0x1ef CMakeFiles/G431_LCD.elf.dir/Drivers/STM32G4xx_HAL_Driver/Src/stm32g4xx_hal.c.obj
 .debug_loc     0x0000000000000310      0x736 CMakeFiles/G431_LCD.elf.dir/Drivers/STM32G4xx_HAL_Driver/Src/stm32g4xx_hal_cortex.c.obj
 .debug_loc     0x0000000000000a46      0x8a0 CMakeFiles/G431_LCD.elf.dir/Drivers/STM32G4xx_HAL_Driver/Src/stm32g4xx_hal_dma.c.obj
 .debug_loc     0x00000000000012e6      0x3b3 CMakeFiles/G431_LCD.elf.dir/Drivers/STM32G4xx_HAL_Driver/Src/stm32g4xx_hal_gpio.c.obj
 .debug_loc     0x0000000000001699      0xa06 CMakeFiles/G431_LCD.elf.dir/Drivers/STM32G4xx_HAL_Driver/Src/stm32g4xx_hal_pwr_ex.c.obj
 .debug_loc     0x000000000000209f      0x84d CMakeFiles/G431_LCD.elf.dir/Drivers/STM32G4xx_HAL_Driver/Src/stm32g4xx_hal_rcc.c.obj
 .debug_loc     0x00000000000028ec     0x2029 CMakeFiles/G431_LCD.elf.dir/Drivers/STM32G4xx_HAL_Driver/Src/stm32g4xx_hal_spi.c.obj
 .debug_loc     0x0000000000004915      0x8ec CMakeFiles/G431_LCD.elf.dir/st7735/st7735.c.obj
 .debug_loc     0x0000000000005201       0x32 /usr/lib/gcc/arm-none-eabi/10.3.1/../../../arm-none-eabi/lib/thumb/v7e-m/nofp/libg.a(lib_a-atexit.o)
 .debug_loc     0x0000000000005233       0x68 /usr/lib/gcc/arm-none-eabi/10.3.1/../../../arm-none-eabi/lib/thumb/v7e-m/nofp/libg.a(lib_a-fini.o)
 .debug_loc     0x000000000000529b       0xba /usr/lib/gcc/arm-none-eabi/10.3.1/../../../arm-none-eabi/lib/thumb/v7e-m/nofp/libg.a(lib_a-init.o)
 .debug_loc     0x0000000000005355      0x22c /usr/lib/gcc/arm-none-eabi/10.3.1/../../../arm-none-eabi/lib/thumb/v7e-m/nofp/libg.a(lib_a-memset.o)
 .debug_loc     0x0000000000005581      0x138 /usr/lib/gcc/arm-none-eabi/10.3.1/../../../arm-none-eabi/lib/thumb/v7e-m/nofp/libg.a(lib_a-__atexit.o)
 .debug_loc     0x00000000000056b9      0x1ae /usr/lib/gcc/arm-none-eabi/10.3.1/../../../arm-none-eabi/lib/thumb/v7e-m/nofp/libg.a(lib_a-__call_atexit.o)
